2026-09-22 22:29:01.105 xcodebuild[48609:6940827]  DVTFilePathFSEvents: Failed to start fs event stream.
2026-09-22 22:29:01.323 xcodebuild[48609:6940826] [MT] DVTDeveloperPaths: Failed to get length of DARWIN_USER_CACHE_DIR from confstr(3), error = Error Domain=NSPOSIXErrorDomain Code=5 "Input/output error". Using NSCachesDirectory instead.
2026-09-22 22:29:01.794 xcodebuild[48614:6940865]  DVTFilePathFSEvents: Failed to start fs event stream.
2026-09-22 22:29:01.999 xcodebuild[48614:6940864] [MT] DVTDeveloperPaths: Failed to get length of DARWIN_USER_CACHE_DIR from confstr(3), error = Error Domain=NSPOSIXErrorDomain Code=5 "Input/output error". Using NSCachesDirectory instead.
warning: '--skip-update' option is deprecated and will be removed in a future release
warning: /Users/josephmccraw/Library/org.swift.swiftpm/configuration is not accessible or not writable, disabling user-level cache features.
warning: /Users/josephmccraw/Library/org.swift.swiftpm/security is not accessible or not writable, disabling user-level cache features.
warning: /Users/josephmccraw/Library/Caches/org.swift.swiftpm is not accessible or not writable, disabling user-level cache features.
warning: 'nativeuiauditkit': failed storing manifest for 'nativeuiauditkit' in cache: attempt to write a readonly database
warning: 'swift-docc-plugin': failed storing manifest for 'swift-docc-plugin' in cache: attempt to write a readonly database
warning: 'swift-docc-symbolkit': failed storing manifest for 'swift-docc-symbolkit' in cache: attempt to write a readonly database
[0/1] Planning build
[1/1] Compiling plugin Swift-DocC Preview
[2/2] Compiling plugin Swift-DocC
Building for debugging...
[2/15] Write swift-version--58304C5D6DBC2206.txt
[4/13] Emitting module NativeUIDatasetGenerator
[5/11] Emitting module NativeUIAuditKit
[6/11] Emitting module TransitionTool
[7/9] Emitting module FocusRingTool
Build complete! (7.82s)
