Command line invocation:
    /Applications/Xcode.app/Contents/Developer/usr/bin/xcodebuild test-without-building -project NativeOSFocus/NativeOSFocus.xcodeproj -scheme NativeOSFocus -destination "platform=tvOS Simulator,id=9026ECA9-77DB-4AE6-8FE6-BB239E9571FA" -derivedDataPath /Users/josephmccraw/Documents/GitHub/NativeUIAuditKit/.build/native-os-focus/DerivedData -resultBundlePath /Users/josephmccraw/Documents/GitHub/NativeUIAuditKit/reports/work/OS-FOCUS-03/home-03/result.xcresult -parallel-testing-enabled NO -test-timeouts-enabled YES -maximum-test-execution-time-allowance 300 "-only-testing:NativeOSFocusTests/NativeOSFocusTests/testHomeChallengeSnake" -disableAutomaticPackageResolution CODE_SIGNING_ALLOWED=NO

Build settings from command line:
    CODE_SIGNING_ALLOWED = NO

Writing result bundle at path:
	/Users/josephmccraw/Documents/GitHub/NativeUIAuditKit/reports/work/OS-FOCUS-03/home-03/result.xcresult

2026-09-22 09:50:09.573778-0700 NativeOSFocusTests-Runner[79044:5283296] [Default] Running tests...
Test Suite 'Selected tests' started at 2026-09-22 09:50:09.693.
Test Suite 'NativeOSFocusTests.xctest' started at 2026-09-22 09:50:09.694.
Test Suite 'NativeOSFocusTests' started at 2026-09-22 09:50:09.694.
Test Case '-[NativeOSFocusTests.NativeOSFocusTests testHomeChallengeSnake]' started.
    t =     0.00s Start Test at 2026-09-22 09:50:09.694
    t =     0.02s Set Up
    t =     0.03s Pressing Home button
    t =     0.24s Wait for com.apple.HeadBoard to become Running Foreground
    t =     0.24s Get number of matches for: Descendants matching type Alert
    t =     0.25s Find the Application 'com.apple.HeadBoard'
    t =     0.48s Get number of matches for: Descendants matching type Alert
    t =     0.65s Find the Application 'com.apple.HeadBoard'
    t =    10.66s Added attachment named 'invalid-unsettled.png'
    t =    10.66s Requesting snapshot of accessibility hierarchy for app with pid 5709
    t =    10.66s Added attachment named 'invalid-unsettled-context'
    t =    10.66s Added attachment named 'terminal-context'
/Users/josephmccraw/Documents/GitHub/NativeUIAuditKit/NativeOSFocus/NativeOSFocusTests.swift:305: error: -[NativeOSFocusTests.NativeOSFocusTests testHomeChallengeSnake] : failed: caught error: "unsettled"
    t =    10.69s Tear Down
Test Case '-[NativeOSFocusTests.NativeOSFocusTests testHomeChallengeSnake]' failed (10.696 seconds).
Test Suite 'NativeOSFocusTests' failed at 2026-09-22 09:50:20.390.
	 Executed 1 test, with 1 failure (1 unexpected) in 10.696 (10.697) seconds
Test Suite 'NativeOSFocusTests.xctest' failed at 2026-09-22 09:50:20.391.
	 Executed 1 test, with 1 failure (1 unexpected) in 10.696 (10.697) seconds
Test Suite 'Selected tests' failed at 2026-09-22 09:50:20.391.
	 Executed 1 test, with 1 failure (1 unexpected) in 10.696 (10.698) seconds
2026-09-22 09:50:31.647 xcodebuild[78983:5282882] [MT] IDETestOperationsObserverDebug: 23.128 elapsed -- Testing started completed.
2026-09-22 09:50:31.647 xcodebuild[78983:5282882] [MT] IDETestOperationsObserverDebug: 0.000 sec, +0.000 sec -- start
2026-09-22 09:50:31.647 xcodebuild[78983:5282882] [MT] IDETestOperationsObserverDebug: 23.128 sec, +23.128 sec -- end

Test session results, code coverage, and logs:
	/Users/josephmccraw/Documents/GitHub/NativeUIAuditKit/reports/work/OS-FOCUS-03/home-03/result.xcresult

Failing tests:
	NativeOSFocusTests.testHomeChallengeSnake()

** TEST EXECUTE FAILED **

Testing started
