test_bracket_negative_matrix (test_ttr_sidecar_v2.V2Tests.test_bracket_negative_matrix) ... ok
test_changing_diagnostic_counters_does_not_require_scene_equality (test_ttr_sidecar_v2.V2Tests.test_changing_diagnostic_counters_does_not_require_scene_equality) ... ok
test_existing_manifest_and_crop_cli_plus_baseline_preflight (test_ttr_sidecar_v2.V2Tests.test_existing_manifest_and_crop_cli_plus_baseline_preflight) ... ok
test_legacy_not_upgraded_and_partial_not_admitted (test_ttr_sidecar_v2.V2Tests.test_legacy_not_upgraded_and_partial_not_admitted) ... ok
test_manifest_cli_collision_and_false_source_remain_closed (test_ttr_sidecar_v2.V2Tests.test_manifest_cli_collision_and_false_source_remain_closed) ... ok
test_review_is_bound_to_bundle_and_report (test_ttr_sidecar_v2.V2Tests.test_review_is_bound_to_bundle_and_report) ... ok
test_unsupported_versions (test_ttr_sidecar_v2.V2Tests.test_unsupported_versions) ... ok
test_valid_contract_preserves_brackets_and_legacy_provenance (test_ttr_sidecar_v2.V2Tests.test_valid_contract_preserves_brackets_and_legacy_provenance) ... ok
test_cross_split_shared_baseline_fails_closed (test_harvest_bundle_validation.H1Tests.test_cross_split_shared_baseline_fails_closed) ... ok
test_fixture_extraction_uses_frame_truth_and_writes_paired_crops (test_harvest_bundle_validation.H1Tests.test_fixture_extraction_uses_frame_truth_and_writes_paired_crops) ... ok
test_invalid_dates_fail_closed (test_harvest_bundle_validation.H1Tests.test_invalid_dates_fail_closed) ... ok
test_malformed_image_stale_focus_split_conflict_and_bounds_fail_closed (test_harvest_bundle_validation.H1Tests.test_malformed_image_stale_focus_split_conflict_and_bounds_fail_closed) ... ok
test_numeric_date_does_not_supply_missing_resolved_theme (test_harvest_bundle_validation.H1Tests.test_numeric_date_does_not_supply_missing_resolved_theme) ... ok
test_partial_symlink_missing_and_duplicate_artifacts_fail_closed (test_harvest_bundle_validation.H1Tests.test_partial_symlink_missing_and_duplicate_artifacts_fail_closed) ... ok
test_positive_preserves_source_and_is_unverified (test_harvest_bundle_validation.H1Tests.test_positive_preserves_source_and_is_unverified) ... ok
test_reported_source_description_is_preserved_but_not_trusted (test_harvest_bundle_validation.H1Tests.test_reported_source_description_is_preserved_but_not_trusted) ... ok
test_simulator_manifest_retains_originals_and_does_not_open_gates (test_harvest_bundle_validation.H1Tests.test_simulator_manifest_retains_originals_and_does_not_open_gates) ... ok
test_swift_date_is_preserved_without_admission (test_harvest_bundle_validation.H1Tests.test_swift_date_is_preserved_without_admission) ... ok
test_unknown_and_empty_usable_annotations_remain_ineligible (test_harvest_bundle_validation.H1Tests.test_unknown_and_empty_usable_annotations_remain_ineligible) ... ok
test_versions_receipt_and_altered_artifact_fail_closed (test_harvest_bundle_validation.H1Tests.test_versions_receipt_and_altered_artifact_fail_closed) ... ok
test_baseline_actual_cli_protocol_scores_and_collision (test_focus_consumer_integration.ConsumerTests.test_baseline_actual_cli_protocol_scores_and_collision) ... ok
test_baseline_rejects_final_holdout_and_changed_model (test_focus_consumer_integration.ConsumerTests.test_baseline_rejects_final_holdout_and_changed_model) ... ok
test_changed_crop_even_with_updated_hash_fails_lineage (test_focus_consumer_integration.ConsumerTests.test_changed_crop_even_with_updated_hash_fails_lineage) ... ok
test_duplicate_and_content_leakage (test_focus_consumer_integration.ConsumerTests.test_duplicate_and_content_leakage) ... ok
test_frame_specific_geometry_and_determinism (test_focus_consumer_integration.ConsumerTests.test_frame_specific_geometry_and_determinism) ... ok
test_missing_corrupt_hash_and_wrong_dimensions (test_focus_consumer_integration.ConsumerTests.test_missing_corrupt_hash_and_wrong_dimensions) ... ok
test_preflight_no_launch_no_output_and_truthful_errors (test_focus_consumer_integration.ConsumerTests.test_preflight_no_launch_no_output_and_truthful_errors) ... ok
test_preflight_positive_with_test_quota_policy_and_approval_guards (test_focus_consumer_integration.ConsumerTests.test_preflight_positive_with_test_quota_policy_and_approval_guards) ... ok
test_real_bundle_extraction_cli_to_baseline_and_preflight (test_focus_consumer_integration.ConsumerTests.test_real_bundle_extraction_cli_to_baseline_and_preflight) ... ok
test_related_recipe_variants_not_separate_groups (test_focus_consumer_integration.ConsumerTests.test_related_recipe_variants_not_separate_groups) ... ok
test_same_group_distinct_pairs_and_cross_split_leakage (test_focus_consumer_integration.ConsumerTests.test_same_group_distinct_pairs_and_cross_split_leakage) ... ok
test_unsafe_paths_unknown_versions_and_false_source (test_focus_consumer_integration.ConsumerTests.test_unsafe_paths_unknown_versions_and_false_source) ... ok
test_val_alias_and_no_silent_missing_sample (test_focus_consumer_integration.ConsumerTests.test_val_alias_and_no_silent_missing_sample) ... ok
test_wrong_focus_missing_callback_and_prediction_labels (test_focus_consumer_integration.ConsumerTests.test_wrong_focus_missing_callback_and_prediction_labels) ... ok
test_abstentions_are_separate_from_binary_errors_in_each_slice (test_focus_launch.PlanTests.test_abstentions_are_separate_from_binary_errors_in_each_slice) ... ok
test_accepted_ledger_rejects_duplicate_bytes_and_incomplete_accounting (test_focus_launch.PlanTests.test_accepted_ledger_rejects_duplicate_bytes_and_incomplete_accounting) ... ok
test_cli_freeze_and_no_overwrite (test_focus_launch.PlanTests.test_cli_freeze_and_no_overwrite) ... ok
test_fixed_control_templates_do_not_assume_element_count_is_target_count (test_focus_launch.PlanTests.test_fixed_control_templates_do_not_assume_element_count_is_target_count) ... ok
test_full_quota_plan_deterministic_and_grouped (test_focus_launch.PlanTests.test_full_quota_plan_deterministic_and_grouped) ... ok
test_reject_development_unknown_limits_and_duplicates (test_focus_launch.PlanTests.test_reject_development_unknown_limits_and_duplicates) ... ok
test_related_seed_variants_share_one_partition_and_batch (test_focus_launch.PlanTests.test_related_seed_variants_share_one_partition_and_batch) ... ok
test_resume_and_actual_accounting (test_focus_launch.PlanTests.test_resume_and_actual_accounting) ... ok
test_actual_coreml_baseline_cli_test_only (test_focus_launch.RuntimeTests.test_actual_coreml_baseline_cli_test_only) ... ok
test_forged_runtime_crop_rejected (test_focus_launch.RuntimeTests.test_forged_runtime_crop_rejected) ... ok
test_pixel_orientation_fractional_scaling_clipping_and_tiny_boxes (test_focus_launch.RuntimeTests.test_pixel_orientation_fractional_scaling_clipping_and_tiny_boxes) ... ok
test_production_recrop_parity_and_legacy_difference (test_focus_launch.RuntimeTests.test_production_recrop_parity_and_legacy_difference) ... ok
test_runtime_preflight_approval_and_no_output_side_effect (test_focus_launch.RuntimeTests.test_runtime_preflight_approval_and_no_output_side_effect) ... ok
test_runtime_rejects_changed_bytes_geometry_and_duplicates (test_focus_launch.RuntimeTests.test_runtime_rejects_changed_bytes_geometry_and_duplicates) ... ok
test_grouped_metrics_and_hard_support (test_focus_ring_baseline.BaselineTests.test_grouped_metrics_and_hard_support) ... ok
test_missing_score_and_empty_hard_support_fail (test_focus_ring_baseline.BaselineTests.test_missing_score_and_empty_hard_support_fail) ... ok
test_shipped_model_contract_is_bound_by_bytes (test_focus_ring_baseline.BaselineTests.test_shipped_model_contract_is_bound_by_bytes) ... ok
test_bytes_missing_corrupt_hash (test_direct_tvos_capture.DirectTests.test_bytes_missing_corrupt_hash) ... ok
test_frozen_target_counts_and_omission (test_direct_tvos_capture.DirectTests.test_frozen_target_counts_and_omission) ... ok
test_initial_binding_and_target_plan (test_direct_tvos_capture.DirectTests.test_initial_binding_and_target_plan) ... ok
test_manifest_split_and_binding (test_direct_tvos_capture.DirectTests.test_manifest_split_and_binding) ... ok
test_partial_version_membership (test_direct_tvos_capture.DirectTests.test_partial_version_membership) ... ok
test_plan_cli_and_collisions (test_direct_tvos_capture.DirectTests.test_plan_cli_and_collisions) ... ok
test_real_execution_failure_is_retained_without_retry (test_direct_tvos_capture.DirectTests.test_real_execution_failure_is_retained_without_retry) ... ok
test_real_runtime_adapter_and_baseline_entrypoints (test_direct_tvos_capture.DirectTests.test_real_runtime_adapter_and_baseline_entrypoints) ... ok
test_resume_plan_real_cli_deterministic_read_only (test_direct_tvos_capture.DirectTests.test_resume_plan_real_cli_deterministic_read_only) ... ok
test_resume_rejects_bad_membership_health_counts_and_partial_recipe (test_direct_tvos_capture.DirectTests.test_resume_rejects_bad_membership_health_counts_and_partial_recipe) ... ok
test_resume_rejects_changed_pixels_sidecars_and_symlinks (test_direct_tvos_capture.DirectTests.test_resume_rejects_changed_pixels_sidecars_and_symlinks) ... ok
test_review_report_bytes_are_required (test_direct_tvos_capture.DirectTests.test_review_report_bytes_are_required) ... ok
test_settle_deadline_restored (test_direct_tvos_capture.DirectTests.test_settle_deadline_restored) ... ok
test_settle_timeout_names_last_failed_element_without_retrying_mutation (test_direct_tvos_capture.DirectTests.test_settle_timeout_names_last_failed_element_without_retrying_mutation) ... ok
test_stale_mismatch_geometry_and_prediction_labels (test_direct_tvos_capture.DirectTests.test_stale_mismatch_geometry_and_prediction_labels) ... ok
test_successful_execute_entrypoint_and_collision (test_direct_tvos_capture.DirectTests.test_successful_execute_entrypoint_and_collision) ... {"recipe": 1, "of": 1, "pairs": 2}
output_collision
ok
test_sweep_taxonomy_change_rejected (test_direct_tvos_capture.DirectTests.test_sweep_taxonomy_change_rejected) ... ok
test_valid_accounting_and_interval (test_direct_tvos_capture.DirectTests.test_valid_accounting_and_interval) ... ok
test_visual_review_and_false_trust (test_direct_tvos_capture.DirectTests.test_visual_review_and_false_trust) ... ok
test_wrong_target_and_endpoint_before_mutation (test_direct_tvos_capture.DirectTests.test_wrong_target_and_endpoint_before_mutation) ... ok
test_actual_crop_and_baseline_protocol_entrypoints (test_direct_tvos_resume.ResumeTests.test_actual_crop_and_baseline_protocol_entrypoints) ... ok
test_corrupt_copied_png_and_sidecar_rejected (test_direct_tvos_resume.ResumeTests.test_corrupt_copied_png_and_sidecar_rejected) ... ok
test_execution_guards_before_mutation (test_direct_tvos_resume.ResumeTests.test_execution_guards_before_mutation) ... ok
test_gaps_overlaps_wrong_predecessor_target_and_provenance (test_direct_tvos_resume.ResumeTests.test_gaps_overlaps_wrong_predecessor_target_and_provenance) ... ok
test_multiple_segments_and_failed_prefix (test_direct_tvos_resume.ResumeTests.test_multiple_segments_and_failed_prefix) ... ok
test_plan_cli_and_no_incomplete_assembly (test_direct_tvos_resume.ResumeTests.test_plan_cli_and_no_incomplete_assembly) ... ok
test_projection_and_source_bytes_fail_closed (test_direct_tvos_resume.ResumeTests.test_projection_and_source_bytes_fail_closed) ... ok
test_real_assembly_cli_and_existing_consumer (test_direct_tvos_resume.ResumeTests.test_real_assembly_cli_and_existing_consumer) ... ok
test_real_resume_execution_calls_only_missing_recipe (test_direct_tvos_resume.ResumeTests.test_real_resume_execution_calls_only_missing_recipe) ... {"recipe": 2, "of": 42, "pairs": 2}
ok
test_repair_review_hash_and_changed_binding_rejected (test_direct_tvos_resume.ResumeTests.test_repair_review_hash_and_changed_binding_rejected) ... ok
test_resume_failure_preserved_without_mutation_retry (test_direct_tvos_resume.ResumeTests.test_resume_failure_preserved_without_mutation_retry) ... ok
test_unsafe_paths_and_test_evidence_cannot_execute (test_direct_tvos_resume.ResumeTests.test_unsafe_paths_and_test_evidence_cannot_execute) ... ok

----------------------------------------------------------------------
Ran 83 tests in 18.964s

OK
{"version": "direct-tvos-segment-v1", "state": "completed", "acceptedPairs": 2}
