  coremltools _cast monkeypatched (numpy 2.x compat)
Exporting /Users/josephmccraw/Documents/GitHub/NativeUIAuditKit/NativeUITrainer/yolo_runs/phase6a_r007/weights/best.pt → CoreML
  imgsz : 640
  nms   : True
  half  : True
WARNING ⚠️ 'int8' is deprecated and will be removed in the future. Use 'quantize' instead.
Ultralytics 8.4.124 🚀 Python-3.13.2 torch-2.13.0 CPU (Apple M4)
YOLO11m summary (fused): 126 layers, 20,061,643 parameters, 0 gradients, 67.9 GFLOPs

[34m[1mPyTorch:[0m starting from '/Users/josephmccraw/Documents/GitHub/NativeUIAuditKit/NativeUITrainer/yolo_runs/phase6a_r007/weights/best.pt' with input shape (1, 3, 640, 640) BCHW and output shape(s) (1, 45, 8400) (38.7 MB)

[34m[1mCoreML:[0m starting export with coremltools 9.0...
Converting PyTorch Frontend ==> MIL Ops:   0%|          | 0/881 [00:00<?, ? ops/s]Converting PyTorch Frontend ==> MIL Ops: 100%|█████████▉| 879/881 [00:00<00:00, 9278.13 ops/s]
Running MIL frontend_pytorch pipeline:   0%|          | 0/5 [00:00<?, ? passes/s]Running MIL frontend_pytorch pipeline: 100%|██████████| 5/5 [00:00<00:00, 182.34 passes/s]
Running MIL default pipeline:   0%|          | 0/95 [00:00<?, ? passes/s]/Users/josephmccraw/Documents/GitHub/NativeUIAuditKit/.venv-yolo/lib/python3.13/site-packages/coremltools/converters/mil/mil/passes/defs/preprocess.py:273: UserWarning: Output, '1429', of the source model, has been renamed to 'var_1429' in the Core ML model.
  warnings.warn(msg.format(var.name, new_name))
/Users/josephmccraw/Documents/GitHub/NativeUIAuditKit/.venv-yolo/lib/python3.13/site-packages/coremltools/converters/mil/mil/passes/defs/preprocess.py:273: UserWarning: Output, '1431', of the source model, has been renamed to 'var_1431' in the Core ML model.
  warnings.warn(msg.format(var.name, new_name))
Running MIL default pipeline:  22%|██▏       | 21/95 [00:00<00:00, 202.48 passes/s]Running MIL default pipeline:  44%|████▍     | 42/95 [00:00<00:00, 168.05 passes/s]Running MIL default pipeline:  63%|██████▎   | 60/95 [00:00<00:00, 58.86 passes/s] Running MIL default pipeline:  75%|███████▍  | 71/95 [00:00<00:00, 63.44 passes/s]Running MIL default pipeline:  94%|█████████▎| 89/95 [00:01<00:00, 84.11 passes/s]Running MIL default pipeline: 100%|██████████| 95/95 [00:01<00:00, 82.78 passes/s]
Running MIL backend_mlprogram pipeline:   0%|          | 0/12 [00:00<?, ? passes/s]Running MIL backend_mlprogram pipeline: 100%|██████████| 12/12 [00:00<00:00, 198.24 passes/s]
[34m[1mCoreML:[0m starting pipeline with coremltools 9.0...
[34m[1mCoreML:[0m pipeline success
[34m[1mCoreML:[0m export success ✅ 3.2s, saved as '/Users/josephmccraw/Documents/GitHub/NativeUIAuditKit/NativeUITrainer/yolo_runs/phase6a_r007/weights/best.mlpackage' (38.5 MB)

Export complete (3.7s)
Results saved to [1m/Users/josephmccraw/Documents/GitHub/NativeUIAuditKit/NativeUITrainer/yolo_runs/phase6a_r007/weights/best.mlpackage[0m
Predict:         yolo predict task=detect model=/Users/josephmccraw/Documents/GitHub/NativeUIAuditKit/NativeUITrainer/yolo_runs/phase6a_r007/weights/best.mlpackage imgsz=640 quantize=16
Validate:        yolo val task=detect model=/Users/josephmccraw/Documents/GitHub/NativeUIAuditKit/NativeUITrainer/yolo_runs/phase6a_r007/weights/best.mlpackage imgsz=640 data=/Users/josephmccraw/Documents/GitHub/NativeUIAuditKit/NativeUITrainer/yolo_dataset_41class/dataset.yaml quantize=16 
Visualize:       https://netron.app

Exported → /Users/josephmccraw/Documents/GitHub/NativeUIAuditKit/NativeUITrainer/yolo_runs/phase6a_r007/weights/best.mlpackage
