TASK-6a-8 regen start 2026-08-28T21:14:37Z udid=50B7A5E5-3114-4525-994F-C7D547D3E5B8
Monitoring boot status for iPhone 16 (50B7A5E5-3114-4525-994F-C7D547D3E5B8).
Device already booted, nothing to do.

Command line invocation:
    /Applications/Xcode.app/Contents/Developer/usr/bin/xcodebuild test -project GeneratorRunner/GeneratorRunner.xcodeproj -scheme GeneratorRunnerTests -destination "platform=iOS Simulator,id=50B7A5E5-3114-4525-994F-C7D547D3E5B8" -derivedDataPath /Users/josephmccraw/Documents/GitHub/NativeUIAuditKit/.build/xcode-dd -resultBundlePath /Users/josephmccraw/Documents/GitHub/NativeUIAuditKit/.build/debug-output/gen_6a8.xcresult "-only-testing:GeneratorRunnerTests/GenerateDatasetTests/testGenerateLoginFormImages" "-only-testing:GeneratorRunnerTests/GenerateDatasetTests/testGenerateToolbarActionsImages" "-only-testing:GeneratorRunnerTests/GenerateDatasetTests/testGenerateProgressActivityImages" "-only-testing:GeneratorRunnerTests/GenerateDatasetTests/testGenerateMediaCardGridImages" "-only-testing:GeneratorRunnerTests/GenerateDatasetTests/testGenerateAccountProfileFormImages" "-only-testing:GeneratorRunnerTests/GenerateDatasetTests/testGenerateChromeCoverageImages" "-only-testing:GeneratorRunnerTests/GenerateDatasetTests/testGenerateKitchenSinkImages" CODE_SIGNING_ALLOWED=NO

Build settings from command line:
    CODE_SIGNING_ALLOWED = NO

Writing result bundle at path:
	/Users/josephmccraw/Documents/GitHub/NativeUIAuditKit/.build/debug-output/gen_6a8.xcresult

--- xcodebuild: WARNING: Using the first of multiple matching destinations:
{ platform:iOS Simulator, arch:arm64, id:50B7A5E5-3114-4525-994F-C7D547D3E5B8, OS:18.3.1, name:iPhone 16 }
{ platform:iOS Simulator, arch:x86_64, id:50B7A5E5-3114-4525-994F-C7D547D3E5B8, OS:18.3.1, name:iPhone 16 }
ComputePackagePrebuildTargetDependencyGraph

Prepare packages

CreateBuildRequest

SendProjectDescription

CreateBuildOperation

ComputeTargetDependencyGraph
note: Building targets in dependency order
note: Target dependency graph (2 targets)
    Target 'GeneratorRunnerTests' in project 'GeneratorRunner'
        ➜ Explicit dependency on target 'GeneratorRunner' in project 'GeneratorRunner'
    Target 'GeneratorRunner' in project 'GeneratorRunner' (no dependencies)

GatherProvisioningInputs

CreateBuildDescription

ExecuteExternalTool /Applications/Xcode.app/Contents/Developer/Toolchains/XcodeDefault.xctoolchain/usr/bin/clang -v -E -dM -isysroot /Applications/Xcode.app/Contents/Developer/Platforms/iPhoneSimulator.platform/Developer/SDKs/iPhoneSimulator26.5.sdk -x c -c /dev/null

ExecuteExternalTool /Applications/Xcode.app/Contents/Developer/Toolchains/XcodeDefault.xctoolchain/usr/bin/swiftc --version

ExecuteExternalTool /Applications/Xcode.app/Contents/Developer/Toolchains/XcodeDefault.xctoolchain/usr/bin/ld -version_details

Build description signature: 4d717cc4b010cf2f3b57d04f0f2c47dc
Build description path: /Users/josephmccraw/Documents/GitHub/NativeUIAuditKit/.build/xcode-dd/Build/Intermediates.noindex/XCBuildData/4d717cc4b010cf2f3b57d04f0f2c47dc.xcbuilddata
ClangStatCache /Applications/Xcode.app/Contents/Developer/Toolchains/XcodeDefault.xctoolchain/usr/bin/clang-stat-cache /Applications/Xcode.app/Contents/Developer/Platforms/iPhoneSimulator.platform/Developer/SDKs/iPhoneSimulator26.5.sdk /Users/josephmccraw/Documents/GitHub/NativeUIAuditKit/.build/xcode-dd/SDKStatCaches.noindex/iphonesimulator26.5-23F81a-6cfe768891a92b912361537c460fe42b.sdkstatcache
    cd /Users/josephmccraw/Documents/GitHub/NativeUIAuditKit/GeneratorRunner/GeneratorRunner.xcodeproj
    /Applications/Xcode.app/Contents/Developer/Toolchains/XcodeDefault.xctoolchain/usr/bin/clang-stat-cache /Applications/Xcode.app/Contents/Developer/Platforms/iPhoneSimulator.platform/Developer/SDKs/iPhoneSimulator26.5.sdk -o /Users/josephmccraw/Documents/GitHub/NativeUIAuditKit/.build/xcode-dd/SDKStatCaches.noindex/iphonesimulator26.5-23F81a-6cfe768891a92b912361537c460fe42b.sdkstatcache

ProcessInfoPlistFile /Users/josephmccraw/Documents/GitHub/NativeUIAuditKit/.build/xcode-dd/Build/Products/Debug-iphonesimulator/GeneratorRunner.app/Info.plist /Users/josephmccraw/Documents/GitHub/NativeUIAuditKit/GeneratorRunner/GeneratorRunner/Info.plist (in target 'GeneratorRunner' from project 'GeneratorRunner')
    cd /Users/josephmccraw/Documents/GitHub/NativeUIAuditKit/GeneratorRunner
    builtin-infoPlistUtility /Users/josephmccraw/Documents/GitHub/NativeUIAuditKit/GeneratorRunner/GeneratorRunner/Info.plist -producttype com.apple.product-type.application -genpkginfo /Users/josephmccraw/Documents/GitHub/NativeUIAuditKit/.build/xcode-dd/Build/Products/Debug-iphonesimulator/GeneratorRunner.app/PkgInfo -expandbuildsettings -format binary -platform iphonesimulator -o /Users/josephmccraw/Documents/GitHub/NativeUIAuditKit/.build/xcode-dd/Build/Products/Debug-iphonesimulator/GeneratorRunner.app/Info.plist

CopySwiftLibs /Users/josephmccraw/Documents/GitHub/NativeUIAuditKit/.build/xcode-dd/Build/Products/Debug-iphonesimulator/GeneratorRunner.app (in target 'GeneratorRunner' from project 'GeneratorRunner')
    cd /Users/josephmccraw/Documents/GitHub/NativeUIAuditKit/GeneratorRunner
    builtin-swiftStdLibTool --copy --verbose --scan-executable /Users/josephmccraw/Documents/GitHub/NativeUIAuditKit/.build/xcode-dd/Build/Products/Debug-iphonesimulator/GeneratorRunner.app/GeneratorRunner.debug.dylib --scan-folder /Users/josephmccraw/Documents/GitHub/NativeUIAuditKit/.build/xcode-dd/Build/Products/Debug-iphonesimulator/GeneratorRunner.app/Frameworks --scan-folder /Users/josephmccraw/Documents/GitHub/NativeUIAuditKit/.build/xcode-dd/Build/Products/Debug-iphonesimulator/GeneratorRunner.app/PlugIns --scan-folder /Users/josephmccraw/Documents/GitHub/NativeUIAuditKit/.build/xcode-dd/Build/Products/Debug-iphonesimulator/GeneratorRunner.app/SystemExtensions --scan-folder /Users/josephmccraw/Documents/GitHub/NativeUIAuditKit/.build/xcode-dd/Build/Products/Debug-iphonesimulator/GeneratorRunner.app/Extensions --platform iphonesimulator --toolchain /Applications/Xcode.app/Contents/Developer/Toolchains/XcodeDefault.xctoolchain --destination /Users/josephmccraw/Documents/GitHub/NativeUIAuditKit/.build/xcode-dd/Build/Products/Debug-iphonesimulator/GeneratorRunner.app/Frameworks --strip-bitcode --strip-bitcode-tool /Applications/Xcode.app/Contents/Developer/Toolchains/XcodeDefault.xctoolchain/usr/bin/bitcode_strip --emit-dependency-info /Users/josephmccraw/Documents/GitHub/NativeUIAuditKit/.build/xcode-dd/Build/Intermediates.noindex/GeneratorRunner.build/Debug-iphonesimulator/GeneratorRunner.build/SwiftStdLibToolInputDependencies.dep --filter-for-swift-os --back-deploy-swift-span
Ignoring --strip-bitcode because --sign was not passed

warning: Skipping duplicate build file in Compile Sources build phase: /Users/josephmccraw/Documents/GitHub/NativeUIAuditKit/NativeUIDatasetGenerator/Templates/GalleryPageTemplate.swift (in target 'GeneratorRunnerTests' from project 'GeneratorRunner')
ProcessInfoPlistFile /Users/josephmccraw/Documents/GitHub/NativeUIAuditKit/.build/xcode-dd/Build/Products/Debug-iphonesimulator/GeneratorRunner.app/PlugIns/GeneratorRunnerTests.xctest/Info.plist /Users/josephmccraw/Documents/GitHub/NativeUIAuditKit/.build/xcode-dd/Build/Intermediates.noindex/GeneratorRunner.build/Debug-iphonesimulator/GeneratorRunnerTests.build/empty-GeneratorRunnerTests.plist (in target 'GeneratorRunnerTests' from project 'GeneratorRunner')
    cd /Users/josephmccraw/Documents/GitHub/NativeUIAuditKit/GeneratorRunner
    builtin-infoPlistUtility /Users/josephmccraw/Documents/GitHub/NativeUIAuditKit/.build/xcode-dd/Build/Intermediates.noindex/GeneratorRunner.build/Debug-iphonesimulator/GeneratorRunnerTests.build/empty-GeneratorRunnerTests.plist -producttype com.apple.product-type.bundle.unit-test -expandbuildsettings -format binary -platform iphonesimulator -o /Users/josephmccraw/Documents/GitHub/NativeUIAuditKit/.build/xcode-dd/Build/Products/Debug-iphonesimulator/GeneratorRunner.app/PlugIns/GeneratorRunnerTests.xctest/Info.plist

CopySwiftLibs /Users/josephmccraw/Documents/GitHub/NativeUIAuditKit/.build/xcode-dd/Build/Products/Debug-iphonesimulator/GeneratorRunner.app/PlugIns/GeneratorRunnerTests.xctest (in target 'GeneratorRunnerTests' from project 'GeneratorRunner')
    cd /Users/josephmccraw/Documents/GitHub/NativeUIAuditKit/GeneratorRunner
    builtin-swiftStdLibTool --copy --verbose --scan-executable /Users/josephmccraw/Documents/GitHub/NativeUIAuditKit/.build/xcode-dd/Build/Products/Debug-iphonesimulator/GeneratorRunner.app/PlugIns/GeneratorRunnerTests.xctest/GeneratorRunnerTests --scan-folder /Users/josephmccraw/Documents/GitHub/NativeUIAuditKit/.build/xcode-dd/Build/Products/Debug-iphonesimulator/GeneratorRunner.app/PlugIns/GeneratorRunnerTests.xctest/Frameworks --scan-folder /Users/josephmccraw/Documents/GitHub/NativeUIAuditKit/.build/xcode-dd/Build/Products/Debug-iphonesimulator/GeneratorRunner.app/PlugIns/GeneratorRunnerTests.xctest/PlugIns --scan-folder /Users/josephmccraw/Documents/GitHub/NativeUIAuditKit/.build/xcode-dd/Build/Products/Debug-iphonesimulator/GeneratorRunner.app/PlugIns/GeneratorRunnerTests.xctest/SystemExtensions --scan-folder /Users/josephmccraw/Documents/GitHub/NativeUIAuditKit/.build/xcode-dd/Build/Products/Debug-iphonesimulator/GeneratorRunner.app/PlugIns/GeneratorRunnerTests.xctest/Extensions --platform iphonesimulator --toolchain /Applications/Xcode.app/Contents/Developer/Toolchains/XcodeDefault.xctoolchain --destination /Users/josephmccraw/Documents/GitHub/NativeUIAuditKit/.build/xcode-dd/Build/Products/Debug-iphonesimulator/GeneratorRunner.app/PlugIns/GeneratorRunnerTests.xctest/Frameworks --strip-bitcode --scan-executable /Applications/Xcode.app/Contents/Developer/Platforms/iPhoneSimulator.platform/Developer/usr/lib/libXCTestSwiftSupport.dylib --strip-bitcode-tool /Applications/Xcode.app/Contents/Developer/Toolchains/XcodeDefault.xctoolchain/usr/bin/bitcode_strip --emit-dependency-info /Users/josephmccraw/Documents/GitHub/NativeUIAuditKit/.build/xcode-dd/Build/Intermediates.noindex/GeneratorRunner.build/Debug-iphonesimulator/GeneratorRunnerTests.build/SwiftStdLibToolInputDependencies.dep --filter-for-swift-os --back-deploy-swift-span
Ignoring --strip-bitcode because --sign was not passed

Validate /Users/josephmccraw/Documents/GitHub/NativeUIAuditKit/.build/xcode-dd/Build/Products/Debug-iphonesimulator/GeneratorRunner.app (in target 'GeneratorRunner' from project 'GeneratorRunner')
    cd /Users/josephmccraw/Documents/GitHub/NativeUIAuditKit/GeneratorRunner
    builtin-validationUtility /Users/josephmccraw/Documents/GitHub/NativeUIAuditKit/.build/xcode-dd/Build/Products/Debug-iphonesimulator/GeneratorRunner.app -shallow-bundle -infoplist-subpath Info.plist

2026-08-28 14:14:42.761840-0700 GeneratorRunner[80245:2862859] [General] Failed to send CA Event for app launch measurements for ca_event_type: 0 event_name: com.apple.app_launch_measurement.FirstFramePresentationMetric
Test Suite 'Selected tests' started at 2026-08-28 14:14:42.788.
Test Suite 'GeneratorRunnerTests.xctest' started at 2026-08-28 14:14:42.788.
Test Suite 'GenerateDatasetTests' started at 2026-08-28 14:14:42.788.
Test Case '-[GeneratorRunnerTests.GenerateDatasetTests testGenerateAccountProfileFormImages]' started.
2026-08-28 14:14:43.022068-0700 GeneratorRunner[80245:2862853] [General] Failed to send CA Event for app launch measurements for ca_event_type: 1 event_name: com.apple.app_launch_measurement.ExtendedLaunchMetrics
