[0/1] Planning build
Building for production...
[0/2] Write swift-version--58304C5D6DBC2206.txt
Build of product 'NativeUITrainer' complete! (0.31s)
── Step 1: Exporting to Create ML format ──────────────────────────────
Dataset : /Users/josephmccraw/Library/Developer/CoreSimulator/Devices/812EDC32-DB8D-49D6-B130-2279180CCDEB/data/Containers/Data/Application/E0711EF5-B600-47B2-A7B8-D5BA63DE1D83/Documents/dataset
Export  : /Users/josephmccraw/Library/Developer/CoreSimulator/Devices/812EDC32-DB8D-49D6-B130-2279180CCDEB/data/Containers/Data/Application/E0711EF5-B600-47B2-A7B8-D5BA63DE1D83/Documents/dataset/createml_export

  [skip-export] Using existing createml_export/ (--skip-export flag set)
  [train]      20632 entries in existing annotations.json
  [validation] 1394 entries in existing annotations.json

── Step 2: Configuring Create ML data sources ─────────────────────────

── Step 3: Training (this takes a while) ──────────────────────────────
  Algorithm        : transferLearning(objectPrint revision:1)
  Max iterations   : 25000
  Batch size       : 32
  Strip fraction   : 22% height, 50% overlap
  Classes          : alert, navigationBar, primaryButton, textField, toggle

Parsing JSON records from /Users/josephmccraw/Library/Developer/CoreSimulator/Devices/812EDC32-DB8D-49D6-B130-2279180CCDEB/data/Containers/Data/Application/E0711EF5-B600-47B2-A7B8-D5BA63DE1D83/Documents/dataset/createml_export/train/annotations.json
Successfully parsed 20632 elements from the JSON file /Users/josephmccraw/Library/Developer/CoreSimulator/Devices/812EDC32-DB8D-49D6-B130-2279180CCDEB/data/Containers/Data/Application/E0711EF5-B600-47B2-A7B8-D5BA63DE1D83/Documents/dataset/createml_export/train/annotations.json
Parsing JSON records from /Users/josephmccraw/Library/Developer/CoreSimulator/Devices/812EDC32-DB8D-49D6-B130-2279180CCDEB/data/Containers/Data/Application/E0711EF5-B600-47B2-A7B8-D5BA63DE1D83/Documents/dataset/createml_export/validation/annotations.json
Successfully parsed 1394 elements from the JSON file /Users/josephmccraw/Library/Developer/CoreSimulator/Devices/812EDC32-DB8D-49D6-B130-2279180CCDEB/data/Containers/Data/Application/E0711EF5-B600-47B2-A7B8-D5BA63DE1D83/Documents/dataset/createml_export/validation/annotations.json

── Step 4: Validation metrics ─────────────────────────────────────────
  Validation mAP@0.5  : 0.0108
  Validation mAP@0.5:0.95: 0.0026

    AP@0.5  alert: 0.0500
    AP@0.5  navigationBar: 0.0000
    AP@0.5  primaryButton: 0.0009
    AP@0.5  textField: 0.0000
    AP@0.5  toggle: 0.0031

── Step 5: Writing outputs ─────────────────────────────────────────────
  .mlpackage → /Users/josephmccraw/Dropbox/My Mac (MacBook-Air)/Documents/GitHub/NativeUIAuditKit/NativeUIAuditKitModels/Sources/NativeUIAuditKitModels/NativeUIDetector_v1.mlpackage
  training_config.json → /Users/josephmccraw/Dropbox/My Mac (MacBook-Air)/Documents/GitHub/NativeUIAuditKit/NativeUIAuditKitModels/Sources/NativeUIAuditKitModels/training_config.json

Done. NativeUIDetector_v1 trained at 2026-05-28T03:05:28Z
  Training instance counts  : [:]
  Validation instance counts: [:]
