Command line invocation:
    /Applications/Xcode.app/Contents/Developer/usr/bin/xcodebuild test-without-building -project NativeOSFocus/NativeOSFocus.xcodeproj -scheme NativeOSFocus -destination "platform=tvOS Simulator,id=9026ECA9-77DB-4AE6-8FE6-BB239E9571FA" -destination-timeout 20 -derivedDataPath /Users/josephmccraw/Documents/GitHub/NativeUIAuditKit/.build/native-os-focus/DerivedData -resultBundlePath /Users/josephmccraw/Documents/GitHub/NativeUIAuditKit/reports/work/OS-FOCUS-01/live-20260922-0712/result.xcresult -parallel-testing-enabled NO -maximum-concurrent-test-simulator-destinations 1 -test-timeouts-enabled YES -default-test-execution-time-allowance 120 -maximum-test-execution-time-allowance 120 "-only-testing:NativeOSFocusTests/NativeOSFocusTests/testDirectionsOnlyFocusProbe" -disableAutomaticPackageResolution CODE_SIGNING_ALLOWED=NO

Build settings from command line:
    CODE_SIGNING_ALLOWED = NO

Writing result bundle at path:
	/Users/josephmccraw/Documents/GitHub/NativeUIAuditKit/reports/work/OS-FOCUS-01/live-20260922-0712/result.xcresult

2026-09-22 00:32:58.839484-0700 NativeOSFocusTests-Runner[22639:4281744] [Default] Running tests...
Test Suite 'Selected tests' started at 2026-09-22 00:32:59.343.
Test Suite 'NativeOSFocusTests.xctest' started at 2026-09-22 00:32:59.343.
Test Suite 'NativeOSFocusTests' started at 2026-09-22 00:32:59.343.
Test Case '-[NativeOSFocusTests.NativeOSFocusTests testDirectionsOnlyFocusProbe]' started.
    t =     0.00s Start Test at 2026-09-22 00:32:59.343
    t =     0.09s Set Up
    t =     0.10s Open com.apple.TVSettings
    t =     0.10s     Launch com.apple.TVSettings
    t =     0.21s         Wait for accessibility to load
    t =     0.21s         Setting up automation session
    t =     0.73s         Wait for com.apple.TVSettings to idle
2026-09-22 00:33:00.562424-0700 NativeOSFocusTests-Runner[22639:4281843] [Common] Snapshot request 0x600000c5a7c0 complete with error: <NSError: 0x600000c55e30; domain: FBSSceneSnapshotErrorDomain; code: 4; "an unrelated condition or state was not satisfied"> {
    NSLocalizedDescription = an error occurred during a scene snapshotting operation;
}
2026-09-22 00:33:00.569426-0700 NativeOSFocusTests-Runner[22639:4281843] [Common] Snapshot request 0x600000c517a0 complete with error: <NSError: 0x600000c5e340; domain: FBSSceneSnapshotErrorDomain; code: 4; "an unrelated condition or state was not satisfied"> {
    NSLocalizedDescription = an error occurred during a scene snapshotting operation;
}
    t =     2.36s Wait for com.apple.TVSettings to become Running Foreground
    t =     2.36s Get number of matches for: Descendants matching type Alert
    t =     2.39s Find the Application 'com.apple.TVSettings'
    t =     2.63s Get number of matches for: Descendants matching type Alert
    t =     2.63s Find the Application 'com.apple.TVSettings'
    t =     2.97s Added attachment named '00-start.png'
    t =     2.97s Get number of matches for: Descendants matching type Alert
    t =     2.98s Find the Application 'com.apple.TVSettings'
2026-09-22 00:33:02.343896-0700 NativeOSFocusTests-Runner[22639:4281744] [NativeOSFocusTests-Runner] buildPluginList:834: *** ERROR: failed to load 'RawCamera' bundle: 'dlopen(/System/Library/CoreServices/RawCamera.bundle/Contents/MacOS/RawCamera, 0x0101): tried: '/Users/josephmccraw/Documents/GitHub/NativeUIAuditKit/.build/native-os-focus/DerivedData/Build/Products/Debug-appletvsimulator/RawCamera' (no such file), '/Applications/Xcode.app/Contents/Developer/Platforms/AppleTVSimulator.platform/Developer/usr/lib/RawCamera' (no such file), '/Users/josephmccraw/Documents/GitHub/NativeUIAuditKit/.build/native-os-focus/DerivedData/Build/Products/Debug-appletvsimulator/RawCamera' (no such file), '/Applications/Xcode.app/Contents/Developer/Platforms/AppleTVSimulator.platform/Developer/usr/lib/RawCamera' (no such file), '/Library/Developer/CoreSimulator/Volumes/tvOS_23L470/Library/Developer/CoreSimulator/Profiles/Runtimes/tvOS 26.5.simruntime/Contents/Resources/RuntimeRoot/System/Library/CoreServices/RawCamera.bundle/Contents/MacOS/RawCamera' (no such file), '/System/Library/CoreServices/RawCamera.bundle/Contents/MacOS/RawCamera' (no such file, not in dyld cache)'
    t =     3.01s Added attachment named '00-start.json'
    t =     3.01s Get number of matches for: Descendants matching type Alert
    t =     3.01s Find the Application 'com.apple.TVSettings'
    t =     3.25s Get number of matches for: Descendants matching type Alert
    t =     3.27s Find the Application 'com.apple.TVSettings'
    t =     3.31s Pressing Down button
    t =     3.64s Get number of matches for: Descendants matching type Alert
    t =     3.65s Find the Application 'com.apple.TVSettings'
    t =     3.89s Get number of matches for: Descendants matching type Alert
    t =     3.91s Find the Application 'com.apple.TVSettings'
    t =     4.24s Added attachment named '01.png'
    t =     4.25s Get number of matches for: Descendants matching type Alert
    t =     4.26s Find the Application 'com.apple.TVSettings'
    t =     4.28s Added attachment named '01.json'
    t =     4.28s Get number of matches for: Descendants matching type Alert
    t =     4.29s Find the Application 'com.apple.TVSettings'
    t =     4.52s Get number of matches for: Descendants matching type Alert
    t =     4.54s Find the Application 'com.apple.TVSettings'
    t =     4.58s Pressing Down button
    t =     4.79s Get number of matches for: Descendants matching type Alert
    t =     4.82s Find the Application 'com.apple.TVSettings'
    t =     5.06s Get number of matches for: Descendants matching type Alert
    t =     5.09s Find the Application 'com.apple.TVSettings'
    t =     5.42s Added attachment named '02.png'
    t =     5.42s Get number of matches for: Descendants matching type Alert
    t =     5.43s Find the Application 'com.apple.TVSettings'
    t =     5.45s Added attachment named '02.json'
    t =     5.45s Get number of matches for: Descendants matching type Alert
    t =     5.46s Find the Application 'com.apple.TVSettings'
    t =     5.69s Get number of matches for: Descendants matching type Alert
    t =     5.72s Find the Application 'com.apple.TVSettings'
    t =     5.75s Pressing Down button
    t =     5.96s Get number of matches for: Descendants matching type Alert
    t =     5.99s Find the Application 'com.apple.TVSettings'
    t =     6.23s Get number of matches for: Descendants matching type Alert
    t =     6.26s Find the Application 'com.apple.TVSettings'
    t =     6.58s Added attachment named '03.png'
    t =     6.58s Get number of matches for: Descendants matching type Alert
    t =     6.59s Find the Application 'com.apple.TVSettings'
    t =     6.61s Added attachment named '03.json'
    t =     6.62s Get number of matches for: Descendants matching type Alert
    t =     6.62s Find the Application 'com.apple.TVSettings'
    t =     6.85s Get number of matches for: Descendants matching type Alert
    t =     6.88s Find the Application 'com.apple.TVSettings'
    t =     6.91s Pressing Up button
    t =     7.13s Get number of matches for: Descendants matching type Alert
    t =     7.15s Find the Application 'com.apple.TVSettings'
    t =     7.39s Get number of matches for: Descendants matching type Alert
    t =     7.42s Find the Application 'com.apple.TVSettings'
    t =     7.75s Added attachment named '04.png'
    t =     7.75s Get number of matches for: Descendants matching type Alert
    t =     7.76s Find the Application 'com.apple.TVSettings'
    t =     7.78s Added attachment named '04.json'
    t =     7.78s Get number of matches for: Descendants matching type Alert
    t =     7.79s Find the Application 'com.apple.TVSettings'
    t =     8.02s Get number of matches for: Descendants matching type Alert
    t =     8.04s Find the Application 'com.apple.TVSettings'
    t =     8.07s Pressing Up button
    t =     8.29s Get number of matches for: Descendants matching type Alert
    t =     8.32s Find the Application 'com.apple.TVSettings'
    t =     8.56s Get number of matches for: Descendants matching type Alert
    t =     8.58s Find the Application 'com.apple.TVSettings'
    t =     8.91s Added attachment named '05.png'
    t =     8.91s Get number of matches for: Descendants matching type Alert
    t =     8.92s Find the Application 'com.apple.TVSettings'
    t =     8.95s Added attachment named '05.json'
    t =     8.95s Get number of matches for: Descendants matching type Alert
    t =     8.95s Find the Application 'com.apple.TVSettings'
    t =     9.18s Get number of matches for: Descendants matching type Alert
    t =     9.21s Find the Application 'com.apple.TVSettings'
    t =     9.24s Pressing Up button
    t =     9.45s Get number of matches for: Descendants matching type Alert
    t =     9.48s Find the Application 'com.apple.TVSettings'
    t =     9.72s Get number of matches for: Descendants matching type Alert
    t =     9.75s Find the Application 'com.apple.TVSettings'
    t =    10.07s Added attachment named '06.png'
    t =    10.08s Get number of matches for: Descendants matching type Alert
    t =    10.08s Find the Application 'com.apple.TVSettings'
    t =    10.11s Added attachment named '06.json'
    t =    10.11s Get number of matches for: Descendants matching type Alert
    t =    10.11s Find the Application 'com.apple.TVSettings'
    t =    10.13s Added attachment named 'terminal-context'
    t =    10.13s Tear Down
Test Case '-[NativeOSFocusTests.NativeOSFocusTests testDirectionsOnlyFocusProbe]' passed (10.407 seconds).
Test Suite 'NativeOSFocusTests' passed at 2026-09-22 00:33:09.751.
	 Executed 1 test, with 0 failures (0 unexpected) in 10.407 (10.408) seconds
Test Suite 'NativeOSFocusTests.xctest' passed at 2026-09-22 00:33:09.752.
	 Executed 1 test, with 0 failures (0 unexpected) in 10.407 (10.410) seconds
Test Suite 'Selected tests' passed at 2026-09-22 00:33:09.753.
	 Executed 1 test, with 0 failures (0 unexpected) in 10.407 (10.411) seconds
2026-09-22 00:33:10.132 xcodebuild[22610:4281298] [MT] IDETestOperationsObserverDebug: 16.210 elapsed -- Testing started completed.
2026-09-22 00:33:10.132 xcodebuild[22610:4281298] [MT] IDETestOperationsObserverDebug: 0.000 sec, +0.000 sec -- start
2026-09-22 00:33:10.132 xcodebuild[22610:4281298] [MT] IDETestOperationsObserverDebug: 16.210 sec, +16.210 sec -- end

Test session results, code coverage, and logs:
	/Users/josephmccraw/Documents/GitHub/NativeUIAuditKit/reports/work/OS-FOCUS-01/live-20260922-0712/result.xcresult

** TEST EXECUTE SUCCEEDED **

Testing started
