{
  "arms": {
    "warm-stretch": {
      "run": "fdr006-warm-stretch",
      "resultSHA256": "6980f3055fb9bf2417cc660277e158d33b72ad3290c2f9d4d752e5d3c495373c",
      "bestSHA256": "00359cc9bd547f2821b244b45ce64374465f6e5a30e92070dd520af2cafb2fa3",
      "elapsedSeconds": 409.44270729101845,
      "pid": 73427,
      "device": "mps",
      "selectedEpoch": 7,
      "initial": {
        "count": 18,
        "auroc": 0.5925925925925926,
        "0.5": {
          "tp": 5,
          "fn": 4,
          "fp": 3,
          "tn": 6,
          "accuracy": 0.6111111111111112
        },
        "0.85": {
          "tp": 0,
          "fn": 9,
          "fp": 1,
          "tn": 8,
          "accuracy": 0.4444444444444444
        }
      },
      "selected": {
        "count": 18,
        "auroc": 1.0,
        "0.5": {
          "tp": 9,
          "fn": 0,
          "fp": 0,
          "tn": 9,
          "accuracy": 1.0
        },
        "0.85": {
          "tp": 9,
          "fn": 0,
          "fp": 0,
          "tn": 9,
          "accuracy": 1.0
        }
      },
      "initialLoss": 0.8258647786246406,
      "selectedLoss": 1.2576281329125373e-05
    },
    "scratch-stretch": {
      "run": "fdr003-scratch-stretch",
      "resultSHA256": "dd1e86be2cb8ca25e12412b4de29643a6f1741ecb84d60678849953d86acc0e8",
      "bestSHA256": "55cc89c1c54beeadc689c9c679ab1c73e524a96757781591b0fe905ef8b48a96",
      "elapsedSeconds": 9.772145750001073,
      "pid": 74287,
      "device": "mps",
      "selectedEpoch": 8,
      "initial": {
        "count": 18,
        "auroc": 0.0,
        "0.5": {
          "tp": 0,
          "fn": 9,
          "fp": 0,
          "tn": 9,
          "accuracy": 0.5
        },
        "0.85": {
          "tp": 0,
          "fn": 9,
          "fp": 0,
          "tn": 9,
          "accuracy": 0.5
        }
      },
      "selected": {
        "count": 18,
        "auroc": 1.0,
        "0.5": {
          "tp": 9,
          "fn": 0,
          "fp": 0,
          "tn": 9,
          "accuracy": 1.0
        },
        "0.85": {
          "tp": 9,
          "fn": 0,
          "fp": 0,
          "tn": 9,
          "accuracy": 1.0
        }
      },
      "initialLoss": 0.6931475400924683,
      "selectedLoss": 0.023410712265306048
    },
    "warm-aspect-fit": {
      "run": "fdr004-warm-aspect-fit",
      "resultSHA256": "96bbf1b033bd7c8775aa636ca0c374351a7186fa29bb473366ee314fee84f1b6",
      "bestSHA256": "3dacb2958d697e546552521f2d9764ed39a40974e66f3a9ae6f21d5ccf797673",
      "elapsedSeconds": 9.481810249999398,
      "pid": 74342,
      "device": "mps",
      "selectedEpoch": 5,
      "initial": {
        "count": 18,
        "auroc": 0.8888888888888888,
        "0.5": {
          "tp": 9,
          "fn": 0,
          "fp": 9,
          "tn": 0,
          "accuracy": 0.5
        },
        "0.85": {
          "tp": 9,
          "fn": 0,
          "fp": 9,
          "tn": 0,
          "accuracy": 0.5
        }
      },
      "selected": {
        "count": 18,
        "auroc": 1.0,
        "0.5": {
          "tp": 9,
          "fn": 0,
          "fp": 0,
          "tn": 9,
          "accuracy": 1.0
        },
        "0.85": {
          "tp": 9,
          "fn": 0,
          "fp": 0,
          "tn": 9,
          "accuracy": 1.0
        }
      },
      "initialLoss": 6.534014913770887,
      "selectedLoss": 0.000692524759668029
    },
    "scratch-aspect-fit": {
      "run": "fdr005-scratch-aspect-fit",
      "resultSHA256": "05f6388f2700a6c31f7f38ab7d36d1ab1134bf38c34dd5e1b2f01f58e5dcd259",
      "bestSHA256": "40fece982d9c8ad9c1d2647a1e7fc1326eebb86bbd8e9c178bf96e0bff8316bc",
      "elapsedSeconds": 9.226317499997094,
      "pid": 74380,
      "device": "mps",
      "selectedEpoch": 8,
      "initial": {
        "count": 18,
        "auroc": 0.0,
        "0.5": {
          "tp": 0,
          "fn": 9,
          "fp": 9,
          "tn": 0,
          "accuracy": 0.0
        },
        "0.85": {
          "tp": 0,
          "fn": 9,
          "fp": 0,
          "tn": 9,
          "accuracy": 0.5
        }
      },
      "selected": {
        "count": 18,
        "auroc": 1.0,
        "0.5": {
          "tp": 0,
          "fn": 9,
          "fp": 0,
          "tn": 9,
          "accuracy": 0.5
        },
        "0.85": {
          "tp": 0,
          "fn": 9,
          "fp": 0,
          "tn": 9,
          "accuracy": 0.5
        }
      },
      "initialLoss": 0.6931472420692444,
      "selectedLoss": 0.825226902961731
    }
  },
  "shippedCoreML": {
    "count": 18,
    "auroc": 0.5802469135802469,
    "0.5": {
      "tp": 5,
      "fn": 4,
      "fp": 4,
      "tn": 5,
      "accuracy": 0.5555555555555556
    },
    "0.85": {
      "tp": 0,
      "fn": 9,
      "fp": 2,
      "tn": 7,
      "accuracy": 0.3888888888888889
    }
  },
  "parity": {
    "meanAbsolute": 0.0048488373790243995,
    "maxAbsolute": 0.01677566891738891
  }
}
