Command line invocation:
    /Applications/Xcode.app/Contents/Developer/usr/bin/xcodebuild test-without-building -project NativeOSFocus/NativeOSFocus.xcodeproj -scheme NativeOSFocus -destination "platform=tvOS Simulator,id=9026ECA9-77DB-4AE6-8FE6-BB239E9571FA" -destination-timeout 20 -derivedDataPath /Users/josephmccraw/Documents/GitHub/NativeUIAuditKit/.build/native-os-focus/DerivedData -resultBundlePath /Users/josephmccraw/Documents/GitHub/NativeUIAuditKit/reports/work/FOCUS-EXP-01/general-01/result.xcresult -parallel-testing-enabled NO -maximum-concurrent-test-simulator-destinations 1 -test-timeouts-enabled YES -default-test-execution-time-allowance 300 -maximum-test-execution-time-allowance 300 "-only-testing:NativeOSFocusTests/NativeOSFocusTests/testGeneralLearningSweep" -disableAutomaticPackageResolution CODE_SIGNING_ALLOWED=NO

Build settings from command line:
    CODE_SIGNING_ALLOWED = NO

Writing result bundle at path:
	/Users/josephmccraw/Documents/GitHub/NativeUIAuditKit/reports/work/FOCUS-EXP-01/general-01/result.xcresult

2026-09-22 08:41:09.878872-0700 NativeOSFocusTests-Runner[69561:5145155] [Default] Running tests...
Test Suite 'Selected tests' started at 2026-09-22 08:41:10.177.
Test Suite 'NativeOSFocusTests.xctest' started at 2026-09-22 08:41:10.177.
Test Suite 'NativeOSFocusTests' started at 2026-09-22 08:41:10.177.
Test Case '-[NativeOSFocusTests.NativeOSFocusTests testGeneralLearningSweep]' started.
    t =     0.00s Start Test at 2026-09-22 08:41:10.177
    t =     0.10s Set Up
    t =     0.10s Open com.apple.TVSettings
    t =     0.10s     Activate com.apple.TVSettings
    t =     0.12s         Wait for com.apple.TVSettings to idle
    t =     0.12s Wait for com.apple.TVSettings to become Running Foreground
    t =     0.12s Get number of matches for: Descendants matching type Alert
    t =     0.14s Find the Application 'com.apple.TVSettings'
    t =     0.36s Get number of matches for: Descendants matching type Alert
    t =     0.37s Find the Application 'com.apple.TVSettings'
    t =     0.60s Get number of matches for: Descendants matching type Alert
    t =     0.61s Find the Application 'com.apple.TVSettings'
    t =     0.83s Get number of matches for: Descendants matching type Alert
    t =     0.85s Find the Application 'com.apple.TVSettings'
    t =     0.87s Get number of matches for: Descendants matching type Alert
    t =     0.88s Find the Application 'com.apple.TVSettings'
    t =     1.10s Get number of matches for: Descendants matching type Alert
    t =     1.12s Find the Application 'com.apple.TVSettings'
    t =     1.14s Pressing Select button
2026-09-22 08:41:11.394795-0700 NativeOSFocusTests-Runner[69561:5145233] [Common] Snapshot request 0x600000c69a40 complete with error: <NSError: 0x600000c69500; domain: FBSSceneSnapshotErrorDomain; code: 4; "an unrelated condition or state was not satisfied"> {
    NSLocalizedDescription = an error occurred during a scene snapshotting operation;
}
2026-09-22 08:41:11.402158-0700 NativeOSFocusTests-Runner[69561:5145233] [Common] Snapshot request 0x600000c54600 complete with error: <NSError: 0x600000c43690; domain: FBSSceneSnapshotErrorDomain; code: 4; "an unrelated condition or state was not satisfied"> {
    NSLocalizedDescription = an error occurred during a scene snapshotting operation;
}
    t =     1.53s Get number of matches for: Descendants matching type Alert
    t =     1.59s Find the Application 'com.apple.TVSettings'
    t =     1.88s Get number of matches for: Descendants matching type Alert
    t =     1.91s Find the Application 'com.apple.TVSettings'
    t =     2.17s Get number of matches for: Descendants matching type Alert
    t =     2.21s Find the Application 'com.apple.TVSettings'
    t =     2.48s Get number of matches for: Descendants matching type Alert
    t =     2.51s Find the Application 'com.apple.TVSettings'
    t =     2.57s Get number of matches for: Descendants matching type Alert
    t =     2.59s Find the Application 'com.apple.TVSettings'
    t =     2.85s Get number of matches for: Descendants matching type Alert
    t =     2.89s Find the Application 'com.apple.TVSettings'
    t =     3.26s Added attachment named '000-start.png'
    t =     3.27s Get number of matches for: Descendants matching type Alert
    t =     3.28s Find the Application 'com.apple.TVSettings'
2026-09-22 08:41:13.516295-0700 NativeOSFocusTests-Runner[69561:5145155] [NativeOSFocusTests-Runner] buildPluginList:834: *** ERROR: failed to load 'RawCamera' bundle: 'dlopen(/System/Library/CoreServices/RawCamera.bundle/Contents/MacOS/RawCamera, 0x0101): tried: '/Users/josephmccraw/Documents/GitHub/NativeUIAuditKit/.build/native-os-focus/DerivedData/Build/Products/Debug-appletvsimulator/RawCamera' (no such file), '/Applications/Xcode.app/Contents/Developer/Platforms/AppleTVSimulator.platform/Developer/usr/lib/RawCamera' (no such file), '/Users/josephmccraw/Documents/GitHub/NativeUIAuditKit/.build/native-os-focus/DerivedData/Build/Products/Debug-appletvsimulator/RawCamera' (no such file), '/Applications/Xcode.app/Contents/Developer/Platforms/AppleTVSimulator.platform/Developer/usr/lib/RawCamera' (no such file), '/Library/Developer/CoreSimulator/Volumes/tvOS_23L470/Library/Developer/CoreSimulator/Profiles/Runtimes/tvOS 26.5.simruntime/Contents/Resources/RuntimeRoot/System/Library/CoreServices/RawCamera.bundle/Contents/MacOS/RawCamera' (no such file), '/System/Library/CoreServices/RawCamera.bundle/Contents/MacOS/RawCamera' (no such file, not in dyld cache)'
    t =     3.35s Added attachment named '000-start.json'
    t =     3.35s Get number of matches for: Descendants matching type Alert
    t =     3.37s Find the Application 'com.apple.TVSettings'
    t =     3.62s Get number of matches for: Descendants matching type Alert
    t =     3.65s Find the Application 'com.apple.TVSettings'
    t =     3.71s Pressing Up button
    t =     3.93s Get number of matches for: Descendants matching type Alert
    t =     3.96s Find the Application 'com.apple.TVSettings'
    t =     4.22s Get number of matches for: Descendants matching type Alert
    t =     4.25s Find the Application 'com.apple.TVSettings'
    t =     4.63s Added attachment named '001.png'
    t =     4.63s Get number of matches for: Descendants matching type Alert
    t =     4.65s Find the Application 'com.apple.TVSettings'
    t =     4.71s Added attachment named '001.json'
    t =     4.71s Get number of matches for: Descendants matching type Alert
    t =     4.73s Find the Application 'com.apple.TVSettings'
    t =     4.99s Get number of matches for: Descendants matching type Alert
    t =     5.03s Find the Application 'com.apple.TVSettings'
    t =     5.09s Pressing Down button
    t =     5.30s Get number of matches for: Descendants matching type Alert
    t =     5.33s Find the Application 'com.apple.TVSettings'
    t =     5.59s Get number of matches for: Descendants matching type Alert
    t =     5.63s Find the Application 'com.apple.TVSettings'
    t =     5.99s Added attachment named '002.png'
    t =     5.99s Get number of matches for: Descendants matching type Alert
    t =     6.01s Find the Application 'com.apple.TVSettings'
    t =     6.07s Added attachment named '002.json'
    t =     6.07s Get number of matches for: Descendants matching type Alert
    t =     6.09s Find the Application 'com.apple.TVSettings'
    t =     6.34s Get number of matches for: Descendants matching type Alert
    t =     6.37s Find the Application 'com.apple.TVSettings'
    t =     6.43s Pressing Down button
    t =     6.64s Get number of matches for: Descendants matching type Alert
    t =     6.67s Find the Application 'com.apple.TVSettings'
    t =     6.93s Get number of matches for: Descendants matching type Alert
    t =     6.96s Find the Application 'com.apple.TVSettings'
    t =     7.32s Added attachment named '003.png'
    t =     7.32s Get number of matches for: Descendants matching type Alert
    t =     7.34s Find the Application 'com.apple.TVSettings'
    t =     7.39s Added attachment named '003.json'
    t =     7.39s Get number of matches for: Descendants matching type Alert
    t =     7.41s Find the Application 'com.apple.TVSettings'
    t =     7.67s Get number of matches for: Descendants matching type Alert
    t =     7.70s Find the Application 'com.apple.TVSettings'
    t =     7.76s Pressing Down button
    t =     7.98s Get number of matches for: Descendants matching type Alert
    t =     8.01s Find the Application 'com.apple.TVSettings'
    t =     8.26s Get number of matches for: Descendants matching type Alert
    t =     8.30s Find the Application 'com.apple.TVSettings'
    t =     8.66s Added attachment named '004.png'
    t =     8.66s Get number of matches for: Descendants matching type Alert
    t =     8.68s Find the Application 'com.apple.TVSettings'
    t =     8.73s Added attachment named '004.json'
    t =     8.73s Get number of matches for: Descendants matching type Alert
    t =     8.75s Find the Application 'com.apple.TVSettings'
    t =     9.01s Get number of matches for: Descendants matching type Alert
    t =     9.04s Find the Application 'com.apple.TVSettings'
    t =     9.10s Pressing Down button
    t =     9.31s Get number of matches for: Descendants matching type Alert
    t =     9.34s Find the Application 'com.apple.TVSettings'
    t =     9.60s Get number of matches for: Descendants matching type Alert
    t =     9.63s Find the Application 'com.apple.TVSettings'
    t =     9.99s Added attachment named '005.png'
    t =     9.99s Get number of matches for: Descendants matching type Alert
    t =    10.01s Find the Application 'com.apple.TVSettings'
    t =    10.07s Added attachment named '005.json'
    t =    10.07s Get number of matches for: Descendants matching type Alert
    t =    10.08s Find the Application 'com.apple.TVSettings'
    t =    10.34s Get number of matches for: Descendants matching type Alert
    t =    10.37s Find the Application 'com.apple.TVSettings'
    t =    10.43s Pressing Down button
    t =    10.64s Get number of matches for: Descendants matching type Alert
    t =    10.67s Find the Application 'com.apple.TVSettings'
    t =    10.92s Get number of matches for: Descendants matching type Alert
    t =    10.96s Find the Application 'com.apple.TVSettings'
    t =    11.31s Added attachment named '006.png'
    t =    11.31s Get number of matches for: Descendants matching type Alert
    t =    11.33s Find the Application 'com.apple.TVSettings'
    t =    11.38s Added attachment named '006.json'
    t =    11.38s Get number of matches for: Descendants matching type Alert
    t =    11.40s Find the Application 'com.apple.TVSettings'
    t =    11.66s Get number of matches for: Descendants matching type Alert
    t =    11.68s Find the Application 'com.apple.TVSettings'
    t =    11.74s Pressing Down button
    t =    11.95s Get number of matches for: Descendants matching type Alert
    t =    11.97s Find the Application 'com.apple.TVSettings'
    t =    12.23s Get number of matches for: Descendants matching type Alert
    t =    12.26s Find the Application 'com.apple.TVSettings'
    t =    12.62s Added attachment named '007.png'
    t =    12.62s Get number of matches for: Descendants matching type Alert
    t =    12.64s Find the Application 'com.apple.TVSettings'
    t =    12.69s Added attachment named '007.json'
    t =    12.69s Get number of matches for: Descendants matching type Alert
    t =    12.71s Find the Application 'com.apple.TVSettings'
    t =    12.96s Get number of matches for: Descendants matching type Alert
    t =    12.99s Find the Application 'com.apple.TVSettings'
    t =    13.05s Pressing Down button
    t =    13.26s Get number of matches for: Descendants matching type Alert
    t =    13.28s Find the Application 'com.apple.TVSettings'
    t =    13.54s Get number of matches for: Descendants matching type Alert
    t =    13.56s Find the Application 'com.apple.TVSettings'
    t =    13.93s Added attachment named '008.png'
    t =    13.93s Get number of matches for: Descendants matching type Alert
    t =    13.95s Find the Application 'com.apple.TVSettings'
    t =    14.00s Added attachment named '008.json'
    t =    14.00s Get number of matches for: Descendants matching type Alert
    t =    14.01s Find the Application 'com.apple.TVSettings'
    t =    14.27s Get number of matches for: Descendants matching type Alert
    t =    14.30s Find the Application 'com.apple.TVSettings'
    t =    14.35s Pressing Down button
    t =    14.57s Get number of matches for: Descendants matching type Alert
    t =    14.59s Find the Application 'com.apple.TVSettings'
    t =    14.84s Get number of matches for: Descendants matching type Alert
    t =    14.86s Find the Application 'com.apple.TVSettings'
    t =    15.12s Get number of matches for: Descendants matching type Alert
    t =    15.14s Find the Application 'com.apple.TVSettings'
    t =    15.40s Get number of matches for: Descendants matching type Alert
    t =    15.43s Find the Application 'com.apple.TVSettings'
    t =    15.70s Get number of matches for: Descendants matching type Alert
    t =    15.73s Find the Application 'com.apple.TVSettings'
    t =    16.08s Added attachment named '009.png'
    t =    16.09s Get number of matches for: Descendants matching type Alert
    t =    16.10s Find the Application 'com.apple.TVSettings'
    t =    16.15s Added attachment named '009.json'
    t =    16.15s Get number of matches for: Descendants matching type Alert
    t =    16.17s Find the Application 'com.apple.TVSettings'
    t =    16.42s Get number of matches for: Descendants matching type Alert
    t =    16.45s Find the Application 'com.apple.TVSettings'
    t =    16.50s Pressing Down button
    t =    16.72s Get number of matches for: Descendants matching type Alert
    t =    16.74s Find the Application 'com.apple.TVSettings'
    t =    17.00s Get number of matches for: Descendants matching type Alert
    t =    17.03s Find the Application 'com.apple.TVSettings'
    t =    17.28s Get number of matches for: Descendants matching type Alert
    t =    17.31s Find the Application 'com.apple.TVSettings'
    t =    17.57s Get number of matches for: Descendants matching type Alert
    t =    17.60s Find the Application 'com.apple.TVSettings'
    t =    17.96s Added attachment named '010.png'
    t =    17.96s Get number of matches for: Descendants matching type Alert
    t =    17.98s Find the Application 'com.apple.TVSettings'
    t =    18.03s Added attachment named '010.json'
    t =    18.03s Get number of matches for: Descendants matching type Alert
    t =    18.04s Find the Application 'com.apple.TVSettings'
    t =    18.30s Get number of matches for: Descendants matching type Alert
    t =    18.33s Find the Application 'com.apple.TVSettings'
    t =    18.38s Pressing Down button
    t =    18.60s Get number of matches for: Descendants matching type Alert
    t =    18.62s Find the Application 'com.apple.TVSettings'
    t =    18.89s Get number of matches for: Descendants matching type Alert
    t =    18.93s Find the Application 'com.apple.TVSettings'
    t =    19.19s Get number of matches for: Descendants matching type Alert
    t =    19.22s Find the Application 'com.apple.TVSettings'
    t =    19.48s Get number of matches for: Descendants matching type Alert
    t =    19.51s Find the Application 'com.apple.TVSettings'
    t =    19.77s Get number of matches for: Descendants matching type Alert
    t =    19.80s Find the Application 'com.apple.TVSettings'
    t =    20.15s Added attachment named '011.png'
    t =    20.15s Get number of matches for: Descendants matching type Alert
    t =    20.17s Find the Application 'com.apple.TVSettings'
    t =    20.22s Added attachment named '011.json'
    t =    20.22s Get number of matches for: Descendants matching type Alert
    t =    20.23s Find the Application 'com.apple.TVSettings'
    t =    20.49s Get number of matches for: Descendants matching type Alert
    t =    20.52s Find the Application 'com.apple.TVSettings'
    t =    20.57s Pressing Down button
    t =    20.78s Get number of matches for: Descendants matching type Alert
    t =    20.81s Find the Application 'com.apple.TVSettings'
    t =    21.06s Get number of matches for: Descendants matching type Alert
    t =    21.09s Find the Application 'com.apple.TVSettings'
    t =    21.34s Get number of matches for: Descendants matching type Alert
    t =    21.37s Find the Application 'com.apple.TVSettings'
    t =    21.62s Get number of matches for: Descendants matching type Alert
    t =    21.65s Find the Application 'com.apple.TVSettings'
    t =    21.90s Get number of matches for: Descendants matching type Alert
    t =    21.93s Find the Application 'com.apple.TVSettings'
    t =    22.28s Added attachment named '012.png'
    t =    22.29s Get number of matches for: Descendants matching type Alert
    t =    22.30s Find the Application 'com.apple.TVSettings'
    t =    22.35s Added attachment named '012.json'
    t =    22.35s Get number of matches for: Descendants matching type Alert
    t =    22.37s Find the Application 'com.apple.TVSettings'
    t =    22.62s Get number of matches for: Descendants matching type Alert
    t =    22.65s Find the Application 'com.apple.TVSettings'
    t =    22.70s Pressing Down button
    t =    22.92s Get number of matches for: Descendants matching type Alert
    t =    22.95s Find the Application 'com.apple.TVSettings'
    t =    23.21s Get number of matches for: Descendants matching type Alert
    t =    23.24s Find the Application 'com.apple.TVSettings'
    t =    23.50s Get number of matches for: Descendants matching type Alert
    t =    23.53s Find the Application 'com.apple.TVSettings'
    t =    23.79s Get number of matches for: Descendants matching type Alert
    t =    23.82s Find the Application 'com.apple.TVSettings'
    t =    24.17s Added attachment named '013.png'
    t =    24.17s Get number of matches for: Descendants matching type Alert
    t =    24.19s Find the Application 'com.apple.TVSettings'
    t =    24.23s Added attachment named '013.json'
    t =    24.23s Get number of matches for: Descendants matching type Alert
    t =    24.25s Find the Application 'com.apple.TVSettings'
    t =    24.50s Get number of matches for: Descendants matching type Alert
    t =    24.53s Find the Application 'com.apple.TVSettings'
    t =    24.58s Pressing Down button
    t =    24.79s Get number of matches for: Descendants matching type Alert
    t =    24.82s Find the Application 'com.apple.TVSettings'
    t =    25.07s Get number of matches for: Descendants matching type Alert
    t =    25.09s Find the Application 'com.apple.TVSettings'
    t =    25.34s Get number of matches for: Descendants matching type Alert
    t =    25.37s Find the Application 'com.apple.TVSettings'
    t =    25.62s Get number of matches for: Descendants matching type Alert
    t =    25.65s Find the Application 'com.apple.TVSettings'
    t =    25.91s Get number of matches for: Descendants matching type Alert
    t =    25.94s Find the Application 'com.apple.TVSettings'
    t =    26.30s Added attachment named '014.png'
    t =    26.30s Get number of matches for: Descendants matching type Alert
    t =    26.32s Find the Application 'com.apple.TVSettings'
    t =    26.36s Added attachment named '014.json'
    t =    26.36s Get number of matches for: Descendants matching type Alert
    t =    26.38s Find the Application 'com.apple.TVSettings'
    t =    26.63s Get number of matches for: Descendants matching type Alert
    t =    26.66s Find the Application 'com.apple.TVSettings'
    t =    26.71s Pressing Down button
    t =    26.92s Get number of matches for: Descendants matching type Alert
    t =    26.94s Find the Application 'com.apple.TVSettings'
    t =    27.20s Get number of matches for: Descendants matching type Alert
    t =    27.23s Find the Application 'com.apple.TVSettings'
    t =    27.48s Get number of matches for: Descendants matching type Alert
    t =    27.51s Find the Application 'com.apple.TVSettings'
    t =    27.77s Get number of matches for: Descendants matching type Alert
    t =    27.80s Find the Application 'com.apple.TVSettings'
    t =    28.05s Get number of matches for: Descendants matching type Alert
    t =    28.08s Find the Application 'com.apple.TVSettings'
    t =    28.43s Added attachment named '015.png'
    t =    28.44s Get number of matches for: Descendants matching type Alert
    t =    28.45s Find the Application 'com.apple.TVSettings'
    t =    28.50s Added attachment named '015.json'
    t =    28.50s Get number of matches for: Descendants matching type Alert
    t =    28.52s Find the Application 'com.apple.TVSettings'
    t =    28.77s Get number of matches for: Descendants matching type Alert
    t =    28.80s Find the Application 'com.apple.TVSettings'
    t =    28.85s Pressing Down button
    t =    29.06s Get number of matches for: Descendants matching type Alert
    t =    29.08s Find the Application 'com.apple.TVSettings'
    t =    29.33s Get number of matches for: Descendants matching type Alert
    t =    29.36s Find the Application 'com.apple.TVSettings'
    t =    29.62s Get number of matches for: Descendants matching type Alert
    t =    29.65s Find the Application 'com.apple.TVSettings'
    t =    29.90s Get number of matches for: Descendants matching type Alert
    t =    29.93s Find the Application 'com.apple.TVSettings'
    t =    30.19s Get number of matches for: Descendants matching type Alert
    t =    30.22s Find the Application 'com.apple.TVSettings'
    t =    30.58s Added attachment named '016.png'
    t =    30.58s Get number of matches for: Descendants matching type Alert
    t =    30.60s Find the Application 'com.apple.TVSettings'
    t =    30.64s Added attachment named '016.json'
    t =    30.64s Get number of matches for: Descendants matching type Alert
    t =    30.66s Find the Application 'com.apple.TVSettings'
    t =    30.91s Get number of matches for: Descendants matching type Alert
    t =    30.94s Find the Application 'com.apple.TVSettings'
    t =    30.99s Pressing Down button
    t =    31.20s Get number of matches for: Descendants matching type Alert
    t =    31.23s Find the Application 'com.apple.TVSettings'
    t =    31.50s Get number of matches for: Descendants matching type Alert
    t =    31.53s Find the Application 'com.apple.TVSettings'
    t =    31.79s Get number of matches for: Descendants matching type Alert
    t =    31.82s Find the Application 'com.apple.TVSettings'
    t =    32.07s Get number of matches for: Descendants matching type Alert
    t =    32.11s Find the Application 'com.apple.TVSettings'
    t =    32.45s Added attachment named '017.png'
    t =    32.45s Get number of matches for: Descendants matching type Alert
    t =    32.47s Find the Application 'com.apple.TVSettings'
    t =    32.52s Added attachment named '017.json'
    t =    32.52s Get number of matches for: Descendants matching type Alert
    t =    32.53s Find the Application 'com.apple.TVSettings'
    t =    32.78s Get number of matches for: Descendants matching type Alert
    t =    32.81s Find the Application 'com.apple.TVSettings'
    t =    32.86s Pressing Down button
    t =    33.07s Get number of matches for: Descendants matching type Alert
    t =    33.10s Find the Application 'com.apple.TVSettings'
    t =    33.36s Get number of matches for: Descendants matching type Alert
    t =    33.39s Find the Application 'com.apple.TVSettings'
    t =    33.64s Get number of matches for: Descendants matching type Alert
    t =    33.66s Find the Application 'com.apple.TVSettings'
    t =    33.91s Get number of matches for: Descendants matching type Alert
    t =    33.93s Find the Application 'com.apple.TVSettings'
    t =    34.19s Get number of matches for: Descendants matching type Alert
    t =    34.22s Find the Application 'com.apple.TVSettings'
    t =    34.58s Added attachment named '018.png'
    t =    34.58s Get number of matches for: Descendants matching type Alert
    t =    34.60s Find the Application 'com.apple.TVSettings'
    t =    34.64s Added attachment named '018.json'
    t =    34.64s Get number of matches for: Descendants matching type Alert
    t =    34.66s Find the Application 'com.apple.TVSettings'
    t =    34.91s Get number of matches for: Descendants matching type Alert
    t =    34.94s Find the Application 'com.apple.TVSettings'
    t =    34.99s Pressing Down button
    t =    35.20s Get number of matches for: Descendants matching type Alert
    t =    35.23s Find the Application 'com.apple.TVSettings'
    t =    35.48s Get number of matches for: Descendants matching type Alert
    t =    35.50s Find the Application 'com.apple.TVSettings'
    t =    35.76s Get number of matches for: Descendants matching type Alert
    t =    35.78s Find the Application 'com.apple.TVSettings'
    t =    36.05s Get number of matches for: Descendants matching type Alert
    t =    36.09s Find the Application 'com.apple.TVSettings'
    t =    36.34s Get number of matches for: Descendants matching type Alert
    t =    36.37s Find the Application 'com.apple.TVSettings'
    t =    36.73s Added attachment named '019.png'
    t =    36.73s Get number of matches for: Descendants matching type Alert
    t =    36.75s Find the Application 'com.apple.TVSettings'
    t =    36.80s Added attachment named '019.json'
    t =    36.80s Get number of matches for: Descendants matching type Alert
    t =    36.81s Find the Application 'com.apple.TVSettings'
    t =    37.06s Get number of matches for: Descendants matching type Alert
    t =    37.09s Find the Application 'com.apple.TVSettings'
    t =    37.14s Pressing Down button
    t =    37.35s Get number of matches for: Descendants matching type Alert
    t =    37.37s Find the Application 'com.apple.TVSettings'
    t =    37.63s Get number of matches for: Descendants matching type Alert
    t =    37.66s Find the Application 'com.apple.TVSettings'
    t =    37.92s Get number of matches for: Descendants matching type Alert
    t =    37.94s Find the Application 'com.apple.TVSettings'
    t =    38.19s Get number of matches for: Descendants matching type Alert
    t =    38.22s Find the Application 'com.apple.TVSettings'
    t =    38.47s Get number of matches for: Descendants matching type Alert
    t =    38.50s Find the Application 'com.apple.TVSettings'
    t =    38.85s Added attachment named '020.png'
    t =    38.85s Get number of matches for: Descendants matching type Alert
    t =    38.87s Find the Application 'com.apple.TVSettings'
    t =    38.91s Added attachment named '020.json'
    t =    38.91s Get number of matches for: Descendants matching type Alert
    t =    38.93s Find the Application 'com.apple.TVSettings'
    t =    39.18s Get number of matches for: Descendants matching type Alert
    t =    39.21s Find the Application 'com.apple.TVSettings'
    t =    39.26s Pressing Down button
    t =    39.48s Get number of matches for: Descendants matching type Alert
    t =    39.50s Find the Application 'com.apple.TVSettings'
    t =    39.76s Get number of matches for: Descendants matching type Alert
    t =    39.79s Find the Application 'com.apple.TVSettings'
    t =    40.05s Get number of matches for: Descendants matching type Alert
    t =    40.08s Find the Application 'com.apple.TVSettings'
    t =    40.33s Get number of matches for: Descendants matching type Alert
    t =    40.36s Find the Application 'com.apple.TVSettings'
    t =    40.62s Get number of matches for: Descendants matching type Alert
    t =    40.65s Find the Application 'com.apple.TVSettings'
    t =    41.00s Added attachment named '021.png'
    t =    41.00s Get number of matches for: Descendants matching type Alert
    t =    41.02s Find the Application 'com.apple.TVSettings'
    t =    41.07s Added attachment named '021.json'
    t =    41.07s Get number of matches for: Descendants matching type Alert
    t =    41.08s Find the Application 'com.apple.TVSettings'
    t =    41.33s Get number of matches for: Descendants matching type Alert
    t =    41.36s Find the Application 'com.apple.TVSettings'
    t =    41.41s Pressing Down button
    t =    41.63s Get number of matches for: Descendants matching type Alert
    t =    41.65s Find the Application 'com.apple.TVSettings'
    t =    41.90s Get number of matches for: Descendants matching type Alert
    t =    41.93s Find the Application 'com.apple.TVSettings'
    t =    42.18s Get number of matches for: Descendants matching type Alert
    t =    42.21s Find the Application 'com.apple.TVSettings'
    t =    42.47s Get number of matches for: Descendants matching type Alert
    t =    42.50s Find the Application 'com.apple.TVSettings'
    t =    42.75s Get number of matches for: Descendants matching type Alert
    t =    42.78s Find the Application 'com.apple.TVSettings'
    t =    43.13s Added attachment named '022.png'
    t =    43.13s Get number of matches for: Descendants matching type Alert
    t =    43.15s Find the Application 'com.apple.TVSettings'
    t =    43.20s Added attachment named '022.json'
    t =    43.20s Get number of matches for: Descendants matching type Alert
    t =    43.21s Find the Application 'com.apple.TVSettings'
    t =    43.45s Get number of matches for: Descendants matching type Alert
    t =    43.48s Find the Application 'com.apple.TVSettings'
    t =    43.53s Pressing Down button
    t =    43.75s Get number of matches for: Descendants matching type Alert
    t =    43.77s Find the Application 'com.apple.TVSettings'
    t =    44.02s Get number of matches for: Descendants matching type Alert
    t =    44.05s Find the Application 'com.apple.TVSettings'
    t =    44.30s Get number of matches for: Descendants matching type Alert
    t =    44.33s Find the Application 'com.apple.TVSettings'
    t =    44.59s Get number of matches for: Descendants matching type Alert
    t =    44.61s Find the Application 'com.apple.TVSettings'
    t =    44.87s Get number of matches for: Descendants matching type Alert
    t =    44.90s Find the Application 'com.apple.TVSettings'
    t =    45.25s Added attachment named '023.png'
    t =    45.25s Get number of matches for: Descendants matching type Alert
    t =    45.27s Find the Application 'com.apple.TVSettings'
    t =    45.32s Added attachment named '023.json'
    t =    45.32s Get number of matches for: Descendants matching type Alert
    t =    45.33s Find the Application 'com.apple.TVSettings'
    t =    45.58s Get number of matches for: Descendants matching type Alert
    t =    45.61s Find the Application 'com.apple.TVSettings'
    t =    45.66s Pressing Down button
    t =    45.88s Get number of matches for: Descendants matching type Alert
    t =    45.90s Find the Application 'com.apple.TVSettings'
    t =    46.15s Get number of matches for: Descendants matching type Alert
    t =    46.17s Find the Application 'com.apple.TVSettings'
    t =    46.42s Get number of matches for: Descendants matching type Alert
    t =    46.45s Find the Application 'com.apple.TVSettings'
    t =    46.70s Get number of matches for: Descendants matching type Alert
    t =    46.73s Find the Application 'com.apple.TVSettings'
    t =    46.98s Get number of matches for: Descendants matching type Alert
    t =    47.01s Find the Application 'com.apple.TVSettings'
    t =    47.37s Added attachment named '024.png'
    t =    47.37s Get number of matches for: Descendants matching type Alert
    t =    47.38s Find the Application 'com.apple.TVSettings'
    t =    47.43s Added attachment named '024.json'
    t =    47.43s Get number of matches for: Descendants matching type Alert
    t =    47.44s Find the Application 'com.apple.TVSettings'
    t =    47.69s Get number of matches for: Descendants matching type Alert
    t =    47.72s Find the Application 'com.apple.TVSettings'
    t =    47.77s Pressing Down button
    t =    47.98s Get number of matches for: Descendants matching type Alert
    t =    48.00s Find the Application 'com.apple.TVSettings'
    t =    48.25s Get number of matches for: Descendants matching type Alert
    t =    48.28s Find the Application 'com.apple.TVSettings'
    t =    48.63s Added attachment named '025.png'
    t =    48.64s Get number of matches for: Descendants matching type Alert
    t =    48.65s Find the Application 'com.apple.TVSettings'
    t =    48.70s Added attachment named '025.json'
    t =    48.70s Get number of matches for: Descendants matching type Alert
    t =    48.71s Find the Application 'com.apple.TVSettings'
    t =    48.96s Get number of matches for: Descendants matching type Alert
    t =    48.99s Find the Application 'com.apple.TVSettings'
    t =    49.04s Pressing Down button
    t =    49.26s Get number of matches for: Descendants matching type Alert
    t =    49.28s Find the Application 'com.apple.TVSettings'
    t =    49.54s Get number of matches for: Descendants matching type Alert
    t =    49.57s Find the Application 'com.apple.TVSettings'
    t =    49.93s Added attachment named '026.png'
    t =    49.93s Get number of matches for: Descendants matching type Alert
    t =    49.95s Find the Application 'com.apple.TVSettings'
    t =    49.99s Added attachment named '026.json'
    t =    49.99s Get number of matches for: Descendants matching type Alert
    t =    50.01s Find the Application 'com.apple.TVSettings'
    t =    50.25s Get number of matches for: Descendants matching type Alert
    t =    50.28s Find the Application 'com.apple.TVSettings'
    t =    50.33s Pressing Up button
    t =    50.55s Get number of matches for: Descendants matching type Alert
    t =    50.57s Find the Application 'com.apple.TVSettings'
    t =    50.82s Get number of matches for: Descendants matching type Alert
    t =    50.85s Find the Application 'com.apple.TVSettings'
    t =    51.20s Added attachment named '027.png'
    t =    51.20s Get number of matches for: Descendants matching type Alert
    t =    51.22s Find the Application 'com.apple.TVSettings'
    t =    51.26s Added attachment named '027.json'
    t =    51.26s Get number of matches for: Descendants matching type Alert
    t =    51.27s Find the Application 'com.apple.TVSettings'
    t =    51.52s Get number of matches for: Descendants matching type Alert
    t =    51.55s Find the Application 'com.apple.TVSettings'
    t =    51.60s Pressing Up button
    t =    51.82s Get number of matches for: Descendants matching type Alert
    t =    51.84s Find the Application 'com.apple.TVSettings'
    t =    52.09s Get number of matches for: Descendants matching type Alert
    t =    52.12s Find the Application 'com.apple.TVSettings'
    t =    52.47s Added attachment named '028.png'
    t =    52.47s Get number of matches for: Descendants matching type Alert
    t =    52.49s Find the Application 'com.apple.TVSettings'
    t =    52.53s Added attachment named '028.json'
    t =    52.53s Get number of matches for: Descendants matching type Alert
    t =    52.55s Find the Application 'com.apple.TVSettings'
    t =    52.80s Get number of matches for: Descendants matching type Alert
    t =    52.83s Find the Application 'com.apple.TVSettings'
    t =    52.87s Pressing Up button
    t =    53.08s Get number of matches for: Descendants matching type Alert
    t =    53.11s Find the Application 'com.apple.TVSettings'
    t =    53.36s Get number of matches for: Descendants matching type Alert
    t =    53.39s Find the Application 'com.apple.TVSettings'
    t =    53.75s Added attachment named '029.png'
    t =    53.75s Get number of matches for: Descendants matching type Alert
    t =    53.76s Find the Application 'com.apple.TVSettings'
    t =    53.81s Added attachment named '029.json'
    t =    53.81s Get number of matches for: Descendants matching type Alert
    t =    53.82s Find the Application 'com.apple.TVSettings'
    t =    54.07s Get number of matches for: Descendants matching type Alert
    t =    54.10s Find the Application 'com.apple.TVSettings'
    t =    54.15s Pressing Up button
    t =    54.36s Get number of matches for: Descendants matching type Alert
    t =    54.39s Find the Application 'com.apple.TVSettings'
    t =    54.64s Get number of matches for: Descendants matching type Alert
    t =    54.66s Find the Application 'com.apple.TVSettings'
    t =    55.02s Added attachment named '030.png'
    t =    55.02s Get number of matches for: Descendants matching type Alert
    t =    55.04s Find the Application 'com.apple.TVSettings'
    t =    55.08s Added attachment named '030.json'
    t =    55.08s Get number of matches for: Descendants matching type Alert
    t =    55.10s Find the Application 'com.apple.TVSettings'
    t =    55.34s Get number of matches for: Descendants matching type Alert
    t =    55.36s Find the Application 'com.apple.TVSettings'
    t =    55.40s Pressing Up button
    t =    55.62s Get number of matches for: Descendants matching type Alert
    t =    55.64s Find the Application 'com.apple.TVSettings'
    t =    55.89s Get number of matches for: Descendants matching type Alert
    t =    55.92s Find the Application 'com.apple.TVSettings'
    t =    56.28s Added attachment named '031.png'
    t =    56.29s Get number of matches for: Descendants matching type Alert
    t =    56.30s Find the Application 'com.apple.TVSettings'
    t =    56.36s Added attachment named '031.json'
    t =    56.36s Get number of matches for: Descendants matching type Alert
    t =    56.37s Find the Application 'com.apple.TVSettings'
    t =    56.62s Get number of matches for: Descendants matching type Alert
    t =    56.65s Find the Application 'com.apple.TVSettings'
    t =    56.70s Pressing Up button
    t =    56.91s Get number of matches for: Descendants matching type Alert
    t =    56.93s Find the Application 'com.apple.TVSettings'
    t =    57.19s Get number of matches for: Descendants matching type Alert
    t =    57.22s Find the Application 'com.apple.TVSettings'
    t =    57.47s Get number of matches for: Descendants matching type Alert
    t =    57.49s Find the Application 'com.apple.TVSettings'
    t =    57.74s Get number of matches for: Descendants matching type Alert
    t =    57.77s Find the Application 'com.apple.TVSettings'
    t =    58.12s Added attachment named '032.png'
    t =    58.12s Get number of matches for: Descendants matching type Alert
    t =    58.14s Find the Application 'com.apple.TVSettings'
    t =    58.18s Added attachment named '032.json'
    t =    58.18s Get number of matches for: Descendants matching type Alert
    t =    58.20s Find the Application 'com.apple.TVSettings'
    t =    58.45s Get number of matches for: Descendants matching type Alert
    t =    58.48s Find the Application 'com.apple.TVSettings'
    t =    58.52s Pressing Up button
    t =    58.74s Get number of matches for: Descendants matching type Alert
    t =    58.76s Find the Application 'com.apple.TVSettings'
    t =    59.02s Get number of matches for: Descendants matching type Alert
    t =    59.05s Find the Application 'com.apple.TVSettings'
    t =    59.30s Get number of matches for: Descendants matching type Alert
    t =    59.33s Find the Application 'com.apple.TVSettings'
    t =    59.58s Get number of matches for: Descendants matching type Alert
    t =    59.61s Find the Application 'com.apple.TVSettings'
    t =    59.87s Get number of matches for: Descendants matching type Alert
    t =    59.90s Find the Application 'com.apple.TVSettings'
    t =    60.25s Added attachment named '033.png'
    t =    60.25s Get number of matches for: Descendants matching type Alert
    t =    60.27s Find the Application 'com.apple.TVSettings'
    t =    60.32s Added attachment named '033.json'
    t =    60.32s Get number of matches for: Descendants matching type Alert
    t =    60.33s Find the Application 'com.apple.TVSettings'
    t =    60.58s Get number of matches for: Descendants matching type Alert
    t =    60.61s Find the Application 'com.apple.TVSettings'
    t =    60.66s Pressing Up button
    t =    60.87s Get number of matches for: Descendants matching type Alert
    t =    60.90s Find the Application 'com.apple.TVSettings'
    t =    61.15s Get number of matches for: Descendants matching type Alert
    t =    61.18s Find the Application 'com.apple.TVSettings'
    t =    61.43s Get number of matches for: Descendants matching type Alert
    t =    61.46s Find the Application 'com.apple.TVSettings'
    t =    61.72s Get number of matches for: Descendants matching type Alert
    t =    61.75s Find the Application 'com.apple.TVSettings'
    t =    62.00s Get number of matches for: Descendants matching type Alert
    t =    62.03s Find the Application 'com.apple.TVSettings'
    t =    62.38s Added attachment named '034.png'
    t =    62.38s Get number of matches for: Descendants matching type Alert
    t =    62.40s Find the Application 'com.apple.TVSettings'
    t =    62.44s Added attachment named '034.json'
    t =    62.44s Get number of matches for: Descendants matching type Alert
    t =    62.46s Find the Application 'com.apple.TVSettings'
    t =    62.71s Get number of matches for: Descendants matching type Alert
    t =    62.74s Find the Application 'com.apple.TVSettings'
    t =    62.78s Pressing Up button
    t =    63.00s Get number of matches for: Descendants matching type Alert
    t =    63.02s Find the Application 'com.apple.TVSettings'
    t =    63.27s Get number of matches for: Descendants matching type Alert
    t =    63.30s Find the Application 'com.apple.TVSettings'
    t =    63.55s Get number of matches for: Descendants matching type Alert
    t =    63.58s Find the Application 'com.apple.TVSettings'
    t =    63.83s Get number of matches for: Descendants matching type Alert
    t =    63.87s Find the Application 'com.apple.TVSettings'
    t =    64.12s Get number of matches for: Descendants matching type Alert
    t =    64.15s Find the Application 'com.apple.TVSettings'
    t =    64.50s Added attachment named '035.png'
    t =    64.50s Get number of matches for: Descendants matching type Alert
    t =    64.52s Find the Application 'com.apple.TVSettings'
    t =    64.56s Added attachment named '035.json'
    t =    64.56s Get number of matches for: Descendants matching type Alert
    t =    64.58s Find the Application 'com.apple.TVSettings'
    t =    64.82s Get number of matches for: Descendants matching type Alert
    t =    64.85s Find the Application 'com.apple.TVSettings'
    t =    64.90s Pressing Up button
    t =    65.12s Get number of matches for: Descendants matching type Alert
    t =    65.14s Find the Application 'com.apple.TVSettings'
    t =    65.39s Get number of matches for: Descendants matching type Alert
    t =    65.42s Find the Application 'com.apple.TVSettings'
    t =    65.68s Get number of matches for: Descendants matching type Alert
    t =    65.70s Find the Application 'com.apple.TVSettings'
    t =    65.95s Get number of matches for: Descendants matching type Alert
    t =    65.99s Find the Application 'com.apple.TVSettings'
    t =    66.24s Get number of matches for: Descendants matching type Alert
    t =    66.27s Find the Application 'com.apple.TVSettings'
    t =    66.63s Added attachment named '036.png'
    t =    66.64s Get number of matches for: Descendants matching type Alert
    t =    66.65s Find the Application 'com.apple.TVSettings'
    t =    66.70s Added attachment named '036.json'
    t =    66.70s Get number of matches for: Descendants matching type Alert
    t =    66.71s Find the Application 'com.apple.TVSettings'
    t =    66.96s Get number of matches for: Descendants matching type Alert
    t =    66.99s Find the Application 'com.apple.TVSettings'
    t =    67.04s Pressing Up button
    t =    67.25s Get number of matches for: Descendants matching type Alert
    t =    67.28s Find the Application 'com.apple.TVSettings'
    t =    67.53s Get number of matches for: Descendants matching type Alert
    t =    67.56s Find the Application 'com.apple.TVSettings'
    t =    67.81s Get number of matches for: Descendants matching type Alert
    t =    67.84s Find the Application 'com.apple.TVSettings'
    t =    68.09s Get number of matches for: Descendants matching type Alert
    t =    68.12s Find the Application 'com.apple.TVSettings'
    t =    68.37s Get number of matches for: Descendants matching type Alert
    t =    68.40s Find the Application 'com.apple.TVSettings'
    t =    68.75s Added attachment named '037.png'
    t =    68.75s Get number of matches for: Descendants matching type Alert
    t =    68.77s Find the Application 'com.apple.TVSettings'
    t =    68.81s Added attachment named '037.json'
    t =    68.81s Get number of matches for: Descendants matching type Alert
    t =    68.83s Find the Application 'com.apple.TVSettings'
    t =    69.07s Get number of matches for: Descendants matching type Alert
    t =    69.10s Find the Application 'com.apple.TVSettings'
    t =    69.15s Pressing Up button
    t =    69.36s Get number of matches for: Descendants matching type Alert
    t =    69.38s Find the Application 'com.apple.TVSettings'
    t =    69.64s Get number of matches for: Descendants matching type Alert
    t =    69.66s Find the Application 'com.apple.TVSettings'
    t =    69.92s Get number of matches for: Descendants matching type Alert
    t =    69.95s Find the Application 'com.apple.TVSettings'
    t =    70.20s Get number of matches for: Descendants matching type Alert
    t =    70.23s Find the Application 'com.apple.TVSettings'
    t =    70.48s Get number of matches for: Descendants matching type Alert
    t =    70.51s Find the Application 'com.apple.TVSettings'
    t =    70.86s Added attachment named '038.png'
    t =    70.86s Get number of matches for: Descendants matching type Alert
    t =    70.88s Find the Application 'com.apple.TVSettings'
    t =    70.92s Added attachment named '038.json'
    t =    70.92s Get number of matches for: Descendants matching type Alert
    t =    70.94s Find the Application 'com.apple.TVSettings'
    t =    71.19s Get number of matches for: Descendants matching type Alert
    t =    71.22s Find the Application 'com.apple.TVSettings'
    t =    71.27s Pressing Up button
    t =    71.48s Get number of matches for: Descendants matching type Alert
    t =    71.50s Find the Application 'com.apple.TVSettings'
    t =    71.76s Get number of matches for: Descendants matching type Alert
    t =    71.79s Find the Application 'com.apple.TVSettings'
    t =    72.04s Get number of matches for: Descendants matching type Alert
    t =    72.06s Find the Application 'com.apple.TVSettings'
    t =    72.32s Get number of matches for: Descendants matching type Alert
    t =    72.35s Find the Application 'com.apple.TVSettings'
    t =    72.60s Get number of matches for: Descendants matching type Alert
    t =    72.63s Find the Application 'com.apple.TVSettings'
    t =    72.99s Added attachment named '039.png'
    t =    72.99s Get number of matches for: Descendants matching type Alert
    t =    73.00s Find the Application 'com.apple.TVSettings'
    t =    73.05s Added attachment named '039.json'
    t =    73.05s Get number of matches for: Descendants matching type Alert
    t =    73.07s Find the Application 'com.apple.TVSettings'
    t =    73.31s Get number of matches for: Descendants matching type Alert
    t =    73.34s Find the Application 'com.apple.TVSettings'
    t =    73.39s Pressing Up button
    t =    73.60s Get number of matches for: Descendants matching type Alert
    t =    73.62s Find the Application 'com.apple.TVSettings'
    t =    73.87s Get number of matches for: Descendants matching type Alert
    t =    73.90s Find the Application 'com.apple.TVSettings'
    t =    74.16s Get number of matches for: Descendants matching type Alert
    t =    74.18s Find the Application 'com.apple.TVSettings'
    t =    74.43s Get number of matches for: Descendants matching type Alert
    t =    74.46s Find the Application 'com.apple.TVSettings'
    t =    74.72s Get number of matches for: Descendants matching type Alert
    t =    74.75s Find the Application 'com.apple.TVSettings'
    t =    75.10s Added attachment named '040.png'
    t =    75.10s Get number of matches for: Descendants matching type Alert
    t =    75.12s Find the Application 'com.apple.TVSettings'
    t =    75.16s Added attachment named '040.json'
    t =    75.16s Added attachment named 'terminal-context'
/Users/josephmccraw/Documents/GitHub/NativeUIAuditKit/NativeOSFocus/NativeOSFocusTests.swift:94: error: -[NativeOSFocusTests.NativeOSFocusTests testGeneralLearningSweep] : failed: caught error: "deadline"
    t =    75.33s Tear Down
Test Case '-[NativeOSFocusTests.NativeOSFocusTests testGeneralLearningSweep]' failed (75.748 seconds).
Test Suite 'NativeOSFocusTests' failed at 2026-09-22 08:42:25.925.
	 Executed 1 test, with 1 failure (1 unexpected) in 75.748 (75.748) seconds
Test Suite 'NativeOSFocusTests.xctest' failed at 2026-09-22 08:42:25.926.
	 Executed 1 test, with 1 failure (1 unexpected) in 75.748 (75.749) seconds
Test Suite 'Selected tests' failed at 2026-09-22 08:42:25.926.
	 Executed 1 test, with 1 failure (1 unexpected) in 75.748 (75.749) seconds
2026-09-22 08:42:39.354 xcodebuild[69454:5144263] [MT] IDETestOperationsObserverDebug: 93.887 elapsed -- Testing started completed.
2026-09-22 08:42:39.354 xcodebuild[69454:5144263] [MT] IDETestOperationsObserverDebug: 0.000 sec, +0.000 sec -- start
2026-09-22 08:42:39.354 xcodebuild[69454:5144263] [MT] IDETestOperationsObserverDebug: 93.887 sec, +93.887 sec -- end

Test session results, code coverage, and logs:
	/Users/josephmccraw/Documents/GitHub/NativeUIAuditKit/reports/work/FOCUS-EXP-01/general-01/result.xcresult

Failing tests:
	NativeOSFocusTests.testGeneralLearningSweep()

** TEST EXECUTE FAILED **

Testing started
