Exported 84 attachments for: NativeOSFocusTests/testGeneralLearningSweep():
File: D59FB753-FD32-4F30-9A67-EAD5EAE2FE91.txt, suggested name: "terminal-context_0_1A84FB9F-BC60-439D-93DB-E57408CAE4C1.txt"
File: 81D4884B-0D38-437B-9511-361B03668DD2.json, suggested name: "040_0_67EE924E-D065-459B-85E9-43DD0E0A5CE2.json"
File: 89C04CB8-1E1A-4EC8-BB16-278624DAA87B.png, suggested name: "040_0_9ADE4770-516D-4B8A-A7FE-2260B66F687A.png"
File: 28C5E212-6CB8-4596-86DB-739D1FB5C04C.json, suggested name: "039_0_446B9F99-2DD0-485A-9E30-DE3557E08810.json"
File: E9E450A5-58C0-412D-9E1E-9EBC4624B7D0.png, suggested name: "039_0_E054084E-88D0-47ED-A124-C3AFE6E369DB.png"
File: EF43EE83-F650-4353-BB80-C4D2F6A33DA4.json, suggested name: "038_0_A31FE44F-3657-4E2C-968B-FE94EF636D60.json"
File: E1460398-AC18-4162-93AF-8E47CA9C4515.png, suggested name: "038_0_FCF7D60E-D6AE-444B-A407-A69D11DEBC7E.png"
File: D219292F-254C-425D-A5B1-5B3269349CF0.json, suggested name: "037_0_A7F7D272-FAA0-4E2E-9C02-34BB5B9CC721.json"
File: FE3A22D3-C1A7-4196-A4A7-4FE460954B10.png, suggested name: "037_0_4BC030D7-46BA-40CC-B4AC-1E6935E66F2B.png"
File: 407CCDF5-8BED-4743-B9CA-813627BB845F.json, suggested name: "036_0_588B4B15-4393-4217-AED4-013BEA9083CF.json"
File: B71A351C-7CA1-41DA-B12A-D6DD278B215F.png, suggested name: "036_0_24212636-11DD-4451-9A72-87B51FC03F03.png"
File: B49D697C-61ED-440A-9CF1-5A5A0D9805E5.json, suggested name: "035_0_990126E2-1CE0-4F95-938D-84EC2C6F32CD.json"
File: C4C4D35E-300E-44B3-BC50-C53498DEE82E.png, suggested name: "035_0_8983A1FC-7068-42BC-8B0B-FF9631A3BF48.png"
File: 4587450B-85A0-4B10-98A7-9B768F581937.json, suggested name: "034_0_5AE6A639-BF52-491B-9D52-40BAC2E54FE6.json"
File: 9D1E8D3F-5C34-40FA-9C91-CF289499557F.png, suggested name: "034_0_4A399048-47DB-4C59-A197-F12832626354.png"
File: 1B4C98BF-5C64-4173-A52D-EACDAB01C5F6.json, suggested name: "033_0_4A8C8994-290B-46A4-9787-0A1840E4EB84.json"
File: C64BAC1C-5794-440F-80EC-A6779CAE9A42.png, suggested name: "033_0_59412242-C615-44A2-A617-344923D419FD.png"
File: 00CABB68-6124-4D65-9CF5-E33C540B6A96.json, suggested name: "032_0_1F65C20A-F093-4DC5-A716-EB7D24D8448E.json"
File: 1B2182C0-5AD6-41CB-98CA-E20AB5EC1075.png, suggested name: "032_0_F265EEC8-BF38-47C0-A7E8-8E6F66FFA06D.png"
File: C49ADA0A-CEDB-47BB-ABD2-B2632CD2BE0B.json, suggested name: "031_0_43FBC4F3-9F67-4EF9-9BF9-2C784D8B7DAD.json"
File: 513684C0-3918-4420-9832-8E657DFD56DF.png, suggested name: "031_0_BE9A0CB3-C8C5-486F-A6FC-8A86456D02AA.png"
File: D524DE72-FE5D-4BEF-B8A2-E1AD15228778.json, suggested name: "030_0_E5EB9C3D-E2CB-4BF7-94BC-F29A39CAB9AB.json"
File: 4585E0D8-6467-4768-AA40-2082C515AFF9.png, suggested name: "030_0_42EA14EB-3357-4E1A-AA9C-279FB9B08008.png"
File: 985ECBCC-A138-46C8-9FC3-DE469167AA8A.json, suggested name: "029_0_28FAED0E-F3F6-4407-A64A-A17F14DB6D71.json"
File: 1648D5D9-FE3D-4FFD-9824-728C46739FBC.png, suggested name: "029_0_70E7712B-01D7-4807-A2B9-E889EEE79B2F.png"
File: 17C91CDA-AE7F-4E8C-B27B-3357A5F479F4.json, suggested name: "028_0_70715573-3844-4E61-92C3-1C4FA2ABD300.json"
File: 6AA87B18-ABC5-4DA9-B1FC-0EE5EA2DF52A.png, suggested name: "028_0_F7CEC63C-8265-4748-A6ED-B9C3672462BF.png"
File: BF69C2FD-2AFA-4A33-91BB-8D6708F592C4.json, suggested name: "027_0_8A9D2E44-4A42-4D2C-9FBA-8A84D199BB7F.json"
File: AFD81894-067A-4B0A-BACC-F47D3C41C818.png, suggested name: "027_0_D50A7F17-D564-490F-BB3C-58EBD660E3C0.png"
File: 127BA39F-CC0B-4BB0-BCB9-27666A956FAF.json, suggested name: "026_0_F9AC3DAA-A5E3-4E2D-A7CA-7D7F7BA0F0DF.json"
File: 2589E76D-B841-418E-BF9C-B9AF67E3AD88.png, suggested name: "026_0_156650E2-7473-426E-B49F-CEEE4DF15450.png"
File: C1978617-6862-47E7-AF2E-8689FAB9548F.json, suggested name: "025_0_7ADA1706-E082-47D9-872F-F26182713C38.json"
File: 137701BF-E509-4241-BE8B-8F9B5E0B7F5E.png, suggested name: "025_0_D303AF73-E57C-4139-A211-1A0DBC2A7233.png"
File: 29E0FB4D-4AF0-493D-9688-DACE5B57A3F8.json, suggested name: "024_0_69AAE607-2281-44BE-8125-339FD0190E83.json"
File: 3418BC21-F5B2-4889-82F4-40D8F0F20F6F.png, suggested name: "024_0_10830416-3C43-4EF8-AAE1-F6E6F6EA6C63.png"
File: DCBEF549-1422-42FA-A620-65E45F0499DE.json, suggested name: "023_0_EA281309-0751-425A-ACCE-E02C9F7712A1.json"
File: D6172F0E-DBA5-4789-921D-1BF49446103E.png, suggested name: "023_0_E3569231-8176-483E-BE8C-95A250064D1C.png"
File: 845C7E90-AB7D-4D16-B727-CE139FE3EDDD.json, suggested name: "022_0_D5442493-4127-4C1A-A7F5-98DFC929EDF2.json"
File: 9BF480E3-0412-496E-8331-70FAEDDF0D3E.png, suggested name: "022_0_68B7612B-BCA9-4A58-89C5-4DAB514EE915.png"
File: 9D773D83-96DA-4AB3-9468-80F4B30B3F6C.json, suggested name: "021_0_94349698-F1D3-4AC2-ABE1-E8E1C234B5BA.json"
File: E5637F3F-1719-4529-BE68-7586C1DC7637.png, suggested name: "021_0_3CBA25E3-F71A-47E6-9883-22E361105CE1.png"
File: 6DBAC42C-028D-443C-B7BE-412EA4E3E9F5.json, suggested name: "020_0_E23234B2-E0CD-43C6-B4E7-D394D11B28EF.json"
File: D94C1987-D67C-4B4F-94FF-56E024D0190D.png, suggested name: "020_0_B8765679-6848-4062-AC00-16A96E50752B.png"
File: DC385F3B-DD4A-4BDE-9112-21EFCA7BB338.json, suggested name: "019_0_8E48C012-0F4C-4B98-919C-3F30F8172FEA.json"
File: D9920564-273B-4147-B052-3E4D0E2285AD.png, suggested name: "019_0_7856D379-3C58-4776-8D19-741BD75DD034.png"
File: 546AAB77-DE83-4135-A0AB-9F45D0CD179F.json, suggested name: "018_0_1A834CEB-D7F4-4F25-A314-81C55F081A5D.json"
File: CEA2BDAF-63FE-44CA-8FB3-55F15382CCE9.png, suggested name: "018_0_D1FF727A-A8D5-40C6-8760-86EE32D84EDE.png"
File: 041FF2CF-5311-4DD5-B668-8CC535E19BF2.json, suggested name: "017_0_2C791B79-A196-437B-87A5-7DF16605DD6A.json"
File: D1D60F24-D790-4799-99C3-766B0E98383E.png, suggested name: "017_0_F0D2B3D9-A153-45D5-9CEC-DCB6FBA8D257.png"
File: C5518F6E-7F36-4B8F-A6FC-65171660CB1A.json, suggested name: "016_0_D9BAEE0A-E1ED-449C-B392-C3EB37AA75F1.json"
File: 35E775E4-3B22-4313-A211-623BED87746D.png, suggested name: "016_0_55949416-80D9-468A-9D53-6D03CE08AA32.png"
File: 07C950CF-3EB4-401A-80A5-A36760BB1FEF.json, suggested name: "015_0_27C01565-691E-487A-AE32-BEF2B689ABF8.json"
File: E5F3672F-6CB5-49F1-97B4-D2ACD0C48425.png, suggested name: "015_0_DEABE3E4-9FF0-44FD-A894-76CD89B11D0D.png"
File: ABCAFA3E-5BF0-4AE3-B435-732255E2DBC6.json, suggested name: "014_0_3AF9F98C-7853-42AF-AD72-C970AEE87444.json"
File: C467F9AB-2ECB-4B55-B3E8-D1E61B30AD4E.png, suggested name: "014_0_FF12204E-87B0-473F-A1AE-7AE45543CC2F.png"
File: FA752883-6135-4990-8007-8C9BCF80923D.json, suggested name: "013_0_AA131053-0700-4250-BEDB-DE70ACC49825.json"
File: 81EB16F1-FFD2-4E11-8475-C062263FB9B4.png, suggested name: "013_0_61D9B6CE-D601-473D-8B33-3CAEFB358B7E.png"
File: 4AF2401D-41C3-4BCF-AB9E-659786FF3D2F.json, suggested name: "012_0_E7BD1686-B486-469E-A919-E61C0126C613.json"
File: D7E42D06-780C-403D-BC8D-149627957303.png, suggested name: "012_0_8B27A413-4400-42AB-884A-68A2400E154F.png"
File: F5914050-3E09-4F46-9B8F-F8595D721ACE.json, suggested name: "011_0_BEB5F29C-E744-4549-9F43-0AB3AFD08FD4.json"
File: 70419878-9F4F-45C3-A2CB-24A1E8B981A0.png, suggested name: "011_0_3DE4B81E-24B2-4D5D-BC52-BA857C795099.png"
File: 6AAB69AC-FBF9-46CF-A07B-68CED9F58B93.json, suggested name: "010_0_5AB30459-31CB-4F3A-9868-D2CF81D85C27.json"
File: 665CF803-519D-4246-85CF-0DA7E0091CC8.png, suggested name: "010_0_2F3F7507-B493-4E60-B2DF-AE083DC6AE51.png"
File: B3D564AE-A7E3-4415-8E23-B5FFF9531104.json, suggested name: "009_0_916F8B4E-4C68-48AE-A933-C827B99E3756.json"
File: DE0070BC-8554-4540-BB96-9DDBEBA00474.png, suggested name: "009_0_E5BA6D5C-3606-45D7-A4CB-52E91A44F176.png"
File: 5979D59F-9906-40DF-A597-2693D12119F2.json, suggested name: "008_0_232B7875-57B6-4486-ABD6-A88F50638D42.json"
File: 3F264DF2-AC02-4652-BCCA-FF636245061F.png, suggested name: "008_0_E48B4724-B272-41F5-B7F5-04A775E8D34D.png"
File: 8ABC0ECB-A3DC-4FFA-A938-B66CC19DD4A5.json, suggested name: "007_0_C7CE448C-CD0E-43C1-836F-9B5B8FD501A0.json"
File: 1DFE5E19-A876-4D2C-8B61-DB8E7B4BA614.png, suggested name: "007_0_9269C8DD-8DB7-44F8-A83E-CC21608EED38.png"
File: 1C039DB5-C007-45EE-99DC-05582C4281DE.json, suggested name: "006_0_B88052BD-7EEC-4CE9-A6EC-5D7408ACAE9B.json"
File: AB25A61D-3FFE-4853-B687-21DB52DFB4EE.png, suggested name: "006_0_BFE7FD43-09A8-41E1-A250-D41D2D9F6D55.png"
File: C6447A92-6DD6-4AD6-910C-2FD38933B800.json, suggested name: "005_0_B40297A3-0486-4099-B6C6-FEBA2C5ED375.json"
File: 0DAD0421-2401-4AED-AB87-A2BEC858E6A9.png, suggested name: "005_0_0293770B-8BC1-48CF-908E-32D66D7D6D15.png"
File: 8FB8BBC5-08E5-489E-BA79-CCB2E329D201.json, suggested name: "004_0_74019566-A9AC-4E3A-8029-88230F4AA387.json"
File: 9226F5D4-46D9-43C9-82F7-480FC9B6F181.png, suggested name: "004_0_C5FACD10-BCFB-450A-80CE-C47EB0B57359.png"
File: EE7D76C6-84C1-4E18-8DB4-3D07F25BBC06.json, suggested name: "003_0_1B660B7D-160D-4188-9FBF-4AB08DE1DADE.json"
File: BCCF60EE-76F7-4921-A59A-26B0C3C9D080.png, suggested name: "003_0_BDC1B8E9-0DB2-41E7-97B0-0F3D76D9D0D9.png"
File: A793AD5C-D50F-436A-A66F-7DFD530A8140.json, suggested name: "002_0_F6C21678-DC8F-4088-904D-DACA6D9C96D0.json"
File: 619CF609-A741-4A05-9FB0-5C751E062B8E.png, suggested name: "002_0_B08CD3F8-5A9D-4A89-98D2-0DE24127B204.png"
File: 8F9674F4-8651-43BC-8EBD-072526001446.json, suggested name: "001_0_F7D3402A-D727-4098-95DF-00074714CD32.json"
File: 0534A32F-A2DC-4154-BF48-E03501534376.png, suggested name: "001_0_BECEFF12-11CE-44EF-A164-CFFF77AE0142.png"
File: 96B8B01F-FF4F-45DC-B594-C40A9362C29A.json, suggested name: "000-start_0_74716C44-FE0B-4AE8-88B7-840ED1562D30.json"
File: 757D7937-59A6-48AB-B4A3-80D9FB72C8CB.png, suggested name: "000-start_0_AA7FB856-44ED-43D3-8272-78FC4AFCAD24.png"
File: DAC9A47E-97EB-4BB1-913A-8598CA04C146.mp4, suggested name: "Screen Recording 2026-09-22 at 08.41.10 AM.mp4"

Generated manifest file with attachment details: /Users/josephmccraw/Documents/GitHub/NativeUIAuditKit/reports/work/FOCUS-EXP-01/general-01/attachments/manifest.json
