Command line invocation:
    /Applications/Xcode.app/Contents/Developer/usr/bin/xcodebuild test-without-building -project NativeOSFocus/NativeOSFocus.xcodeproj -scheme NativeOSFocus -destination "platform=tvOS Simulator,id=9026ECA9-77DB-4AE6-8FE6-BB239E9571FA" -destination-timeout 20 -derivedDataPath /Users/josephmccraw/Documents/GitHub/NativeUIAuditKit/.build/native-os-focus/DerivedData -resultBundlePath /Users/josephmccraw/Documents/GitHub/NativeUIAuditKit/reports/work/OS-FOCUS-02/root-sweep-02/result.xcresult -parallel-testing-enabled NO -maximum-concurrent-test-simulator-destinations 1 -test-timeouts-enabled YES -default-test-execution-time-allowance 300 -maximum-test-execution-time-allowance 300 "-only-testing:NativeOSFocusTests/NativeOSFocusTests/testSettingsRootSweep" -disableAutomaticPackageResolution CODE_SIGNING_ALLOWED=NO

Build settings from command line:
    CODE_SIGNING_ALLOWED = NO

Writing result bundle at path:
	/Users/josephmccraw/Documents/GitHub/NativeUIAuditKit/reports/work/OS-FOCUS-02/root-sweep-02/result.xcresult

2026-09-22 01:04:06.641495-0700 NativeOSFocusTests-Runner[26557:4341722] [Default] Running tests...
Test Suite 'Selected tests' started at 2026-09-22 01:04:06.765.
Test Suite 'NativeOSFocusTests.xctest' started at 2026-09-22 01:04:06.766.
Test Suite 'NativeOSFocusTests' started at 2026-09-22 01:04:06.766.
Test Case '-[NativeOSFocusTests.NativeOSFocusTests testSettingsRootSweep]' started.
    t =     0.00s Start Test at 2026-09-22 01:04:06.766
    t =     0.02s Set Up
    t =     0.02s Open com.apple.TVSettings
    t =     0.02s     Activate com.apple.TVSettings
    t =     0.50s         Wait for com.apple.TVSettings to idle
    t =     0.60s Wait for com.apple.TVSettings to become Running Foreground
    t =     0.60s Get number of matches for: Descendants matching type Alert
    t =     0.62s Find the Application 'com.apple.TVSettings'
    t =     0.85s Get number of matches for: Descendants matching type Alert
    t =     0.87s Find the Application 'com.apple.TVSettings'
    t =     1.09s Get number of matches for: Descendants matching type Alert
    t =     1.11s Find the Application 'com.apple.TVSettings'
    t =     1.34s Get number of matches for: Descendants matching type Alert
    t =     1.36s Find the Application 'com.apple.TVSettings'
2026-09-22 01:04:08.370329-0700 NativeOSFocusTests-Runner[26557:4341774] [Common] Snapshot request 0x600000c5e430 complete with error: <NSError: 0x600000c60630; domain: FBSSceneSnapshotErrorDomain; code: 4; "an unrelated condition or state was not satisfied"> {
    NSLocalizedDescription = an error occurred during a scene snapshotting operation;
}
2026-09-22 01:04:08.380511-0700 NativeOSFocusTests-Runner[26557:4341774] [Common] Snapshot request 0x600000c46670 complete with error: <NSError: 0x600000c443c0; domain: FBSSceneSnapshotErrorDomain; code: 4; "an unrelated condition or state was not satisfied"> {
    NSLocalizedDescription = an error occurred during a scene snapshotting operation;
}
    t =     1.69s Added attachment named '000-start.png'
    t =     1.69s Get number of matches for: Descendants matching type Alert
    t =     1.70s Find the Application 'com.apple.TVSettings'
2026-09-22 01:04:08.492047-0700 NativeOSFocusTests-Runner[26557:4341722] [NativeOSFocusTests-Runner] buildPluginList:834: *** ERROR: failed to load 'RawCamera' bundle: 'dlopen(/System/Library/CoreServices/RawCamera.bundle/Contents/MacOS/RawCamera, 0x0101): tried: '/Users/josephmccraw/Documents/GitHub/NativeUIAuditKit/.build/native-os-focus/DerivedData/Build/Products/Debug-appletvsimulator/RawCamera' (no such file), '/Applications/Xcode.app/Contents/Developer/Platforms/AppleTVSimulator.platform/Developer/usr/lib/RawCamera' (no such file), '/Users/josephmccraw/Documents/GitHub/NativeUIAuditKit/.build/native-os-focus/DerivedData/Build/Products/Debug-appletvsimulator/RawCamera' (no such file), '/Applications/Xcode.app/Contents/Developer/Platforms/AppleTVSimulator.platform/Developer/usr/lib/RawCamera' (no such file), '/Library/Developer/CoreSimulator/Volumes/tvOS_23L470/Library/Developer/CoreSimulator/Profiles/Runtimes/tvOS 26.5.simruntime/Contents/Resources/RuntimeRoot/System/Library/CoreServices/RawCamera.bundle/Contents/MacOS/RawCamera' (no such file), '/System/Library/CoreServices/RawCamera.bundle/Contents/MacOS/RawCamera' (no such file, not in dyld cache)'
    t =     1.74s Added attachment named '000-start.json'
    t =     1.74s Get number of matches for: Descendants matching type Alert
    t =     1.74s Find the Application 'com.apple.TVSettings'
    t =     1.97s Get number of matches for: Descendants matching type Alert
    t =     1.99s Find the Application 'com.apple.TVSettings'
    t =     2.02s Pressing Up button
    t =     2.24s Get number of matches for: Descendants matching type Alert
    t =     2.26s Find the Application 'com.apple.TVSettings'
    t =     2.49s Get number of matches for: Descendants matching type Alert
    t =     2.51s Find the Application 'com.apple.TVSettings'
    t =     2.88s Added attachment named '001.png'
    t =     2.88s Get number of matches for: Descendants matching type Alert
    t =     2.89s Find the Application 'com.apple.TVSettings'
    t =     2.92s Added attachment named '001.json'
    t =     2.92s Get number of matches for: Descendants matching type Alert
    t =     2.93s Find the Application 'com.apple.TVSettings'
    t =     3.16s Get number of matches for: Descendants matching type Alert
    t =     3.18s Find the Application 'com.apple.TVSettings'
    t =     3.20s Pressing Down button
    t =     3.42s Get number of matches for: Descendants matching type Alert
    t =     3.45s Find the Application 'com.apple.TVSettings'
    t =     3.68s Get number of matches for: Descendants matching type Alert
    t =     3.70s Find the Application 'com.apple.TVSettings'
    t =     4.03s Added attachment named '002.png'
    t =     4.03s Get number of matches for: Descendants matching type Alert
    t =     4.04s Find the Application 'com.apple.TVSettings'
    t =     4.07s Added attachment named '002.json'
    t =     4.07s Get number of matches for: Descendants matching type Alert
    t =     4.08s Find the Application 'com.apple.TVSettings'
    t =     4.31s Get number of matches for: Descendants matching type Alert
    t =     4.33s Find the Application 'com.apple.TVSettings'
    t =     4.35s Pressing Down button
    t =     4.57s Get number of matches for: Descendants matching type Alert
    t =     4.59s Find the Application 'com.apple.TVSettings'
    t =     4.82s Get number of matches for: Descendants matching type Alert
    t =     4.83s Find the Application 'com.apple.TVSettings'
    t =     5.17s Added attachment named '003.png'
    t =     5.17s Get number of matches for: Descendants matching type Alert
    t =     5.18s Find the Application 'com.apple.TVSettings'
    t =     5.21s Added attachment named '003.json'
    t =     5.21s Get number of matches for: Descendants matching type Alert
    t =     5.22s Find the Application 'com.apple.TVSettings'
    t =     5.45s Get number of matches for: Descendants matching type Alert
    t =     5.47s Find the Application 'com.apple.TVSettings'
    t =     5.49s Pressing Down button
    t =     5.71s Get number of matches for: Descendants matching type Alert
    t =     5.73s Find the Application 'com.apple.TVSettings'
    t =     5.96s Get number of matches for: Descendants matching type Alert
    t =     5.98s Find the Application 'com.apple.TVSettings'
    t =     6.32s Added attachment named '004.png'
    t =     6.32s Get number of matches for: Descendants matching type Alert
    t =     6.33s Find the Application 'com.apple.TVSettings'
    t =     6.36s Added attachment named '004.json'
    t =     6.36s Get number of matches for: Descendants matching type Alert
    t =     6.37s Find the Application 'com.apple.TVSettings'
    t =     6.60s Get number of matches for: Descendants matching type Alert
    t =     6.62s Find the Application 'com.apple.TVSettings'
    t =     6.64s Pressing Down button
    t =     6.86s Get number of matches for: Descendants matching type Alert
    t =     6.88s Find the Application 'com.apple.TVSettings'
    t =     7.11s Get number of matches for: Descendants matching type Alert
    t =     7.13s Find the Application 'com.apple.TVSettings'
    t =     7.47s Added attachment named '005.png'
    t =     7.47s Get number of matches for: Descendants matching type Alert
    t =     7.48s Find the Application 'com.apple.TVSettings'
    t =     7.51s Added attachment named '005.json'
    t =     7.51s Get number of matches for: Descendants matching type Alert
    t =     7.52s Find the Application 'com.apple.TVSettings'
    t =     7.74s Get number of matches for: Descendants matching type Alert
    t =     7.76s Find the Application 'com.apple.TVSettings'
    t =     7.79s Pressing Down button
    t =     8.01s Get number of matches for: Descendants matching type Alert
    t =     8.03s Find the Application 'com.apple.TVSettings'
    t =     8.26s Get number of matches for: Descendants matching type Alert
    t =     8.28s Find the Application 'com.apple.TVSettings'
    t =     8.62s Added attachment named '006.png'
    t =     8.62s Get number of matches for: Descendants matching type Alert
    t =     8.63s Find the Application 'com.apple.TVSettings'
    t =     8.65s Added attachment named '006.json'
    t =     8.65s Get number of matches for: Descendants matching type Alert
    t =     8.66s Find the Application 'com.apple.TVSettings'
    t =     8.89s Get number of matches for: Descendants matching type Alert
    t =     8.91s Find the Application 'com.apple.TVSettings'
    t =     8.93s Pressing Down button
    t =     9.15s Get number of matches for: Descendants matching type Alert
    t =     9.17s Find the Application 'com.apple.TVSettings'
    t =     9.40s Get number of matches for: Descendants matching type Alert
    t =     9.42s Find the Application 'com.apple.TVSettings'
    t =     9.75s Added attachment named '007.png'
    t =     9.75s Get number of matches for: Descendants matching type Alert
    t =     9.76s Find the Application 'com.apple.TVSettings'
    t =     9.79s Added attachment named '007.json'
    t =     9.79s Get number of matches for: Descendants matching type Alert
    t =     9.79s Find the Application 'com.apple.TVSettings'
    t =    10.02s Get number of matches for: Descendants matching type Alert
    t =    10.04s Find the Application 'com.apple.TVSettings'
    t =    10.06s Pressing Down button
    t =    10.28s Get number of matches for: Descendants matching type Alert
    t =    10.30s Find the Application 'com.apple.TVSettings'
    t =    10.53s Get number of matches for: Descendants matching type Alert
    t =    10.55s Find the Application 'com.apple.TVSettings'
    t =    10.88s Added attachment named '008.png'
    t =    10.89s Get number of matches for: Descendants matching type Alert
    t =    10.90s Find the Application 'com.apple.TVSettings'
    t =    10.92s Added attachment named '008.json'
    t =    10.92s Get number of matches for: Descendants matching type Alert
    t =    10.93s Find the Application 'com.apple.TVSettings'
    t =    11.15s Get number of matches for: Descendants matching type Alert
    t =    11.17s Find the Application 'com.apple.TVSettings'
    t =    11.19s Pressing Down button
    t =    11.41s Get number of matches for: Descendants matching type Alert
    t =    11.43s Find the Application 'com.apple.TVSettings'
    t =    11.65s Get number of matches for: Descendants matching type Alert
    t =    11.67s Find the Application 'com.apple.TVSettings'
    t =    12.00s Added attachment named '009.png'
    t =    12.01s Get number of matches for: Descendants matching type Alert
    t =    12.01s Find the Application 'com.apple.TVSettings'
    t =    12.04s Added attachment named '009.json'
    t =    12.04s Get number of matches for: Descendants matching type Alert
    t =    12.05s Find the Application 'com.apple.TVSettings'
    t =    12.27s Get number of matches for: Descendants matching type Alert
    t =    12.29s Find the Application 'com.apple.TVSettings'
    t =    12.31s Pressing Down button
    t =    12.52s Get number of matches for: Descendants matching type Alert
    t =    12.53s Find the Application 'com.apple.TVSettings'
    t =    12.75s Get number of matches for: Descendants matching type Alert
    t =    12.77s Find the Application 'com.apple.TVSettings'
    t =    12.99s Get number of matches for: Descendants matching type Alert
    t =    13.00s Find the Application 'com.apple.TVSettings'
    t =    13.23s Get number of matches for: Descendants matching type Alert
    t =    13.25s Find the Application 'com.apple.TVSettings'
    t =    13.47s Get number of matches for: Descendants matching type Alert
    t =    13.49s Find the Application 'com.apple.TVSettings'
    t =    13.83s Added attachment named '010.png'
    t =    13.83s Get number of matches for: Descendants matching type Alert
    t =    13.84s Find the Application 'com.apple.TVSettings'
    t =    13.86s Added attachment named '010.json'
    t =    13.86s Get number of matches for: Descendants matching type Alert
    t =    13.87s Find the Application 'com.apple.TVSettings'
    t =    14.09s Get number of matches for: Descendants matching type Alert
    t =    14.11s Find the Application 'com.apple.TVSettings'
    t =    14.13s Pressing Down button
    t =    14.35s Get number of matches for: Descendants matching type Alert
    t =    14.37s Find the Application 'com.apple.TVSettings'
    t =    14.59s Get number of matches for: Descendants matching type Alert
    t =    14.61s Find the Application 'com.apple.TVSettings'
    t =    14.84s Get number of matches for: Descendants matching type Alert
    t =    14.86s Find the Application 'com.apple.TVSettings'
    t =    15.08s Get number of matches for: Descendants matching type Alert
    t =    15.09s Find the Application 'com.apple.TVSettings'
    t =    15.31s Get number of matches for: Descendants matching type Alert
    t =    15.33s Find the Application 'com.apple.TVSettings'
    t =    15.66s Added attachment named '011.png'
    t =    15.66s Get number of matches for: Descendants matching type Alert
    t =    15.67s Find the Application 'com.apple.TVSettings'
    t =    15.69s Added attachment named '011.json'
    t =    15.69s Get number of matches for: Descendants matching type Alert
    t =    15.70s Find the Application 'com.apple.TVSettings'
    t =    15.92s Get number of matches for: Descendants matching type Alert
    t =    15.94s Find the Application 'com.apple.TVSettings'
    t =    15.96s Pressing Down button
    t =    16.18s Get number of matches for: Descendants matching type Alert
    t =    16.20s Find the Application 'com.apple.TVSettings'
    t =    16.42s Get number of matches for: Descendants matching type Alert
    t =    16.44s Find the Application 'com.apple.TVSettings'
    t =    16.77s Added attachment named '012.png'
    t =    16.78s Get number of matches for: Descendants matching type Alert
    t =    16.78s Find the Application 'com.apple.TVSettings'
    t =    16.80s Added attachment named '012.json'
    t =    16.80s Get number of matches for: Descendants matching type Alert
    t =    16.81s Find the Application 'com.apple.TVSettings'
    t =    17.04s Get number of matches for: Descendants matching type Alert
    t =    17.05s Find the Application 'com.apple.TVSettings'
    t =    17.07s Pressing Down button
    t =    17.28s Get number of matches for: Descendants matching type Alert
    t =    17.30s Find the Application 'com.apple.TVSettings'
    t =    17.53s Get number of matches for: Descendants matching type Alert
    t =    17.54s Find the Application 'com.apple.TVSettings'
    t =    17.91s Added attachment named '013.png'
    t =    17.91s Get number of matches for: Descendants matching type Alert
    t =    17.92s Find the Application 'com.apple.TVSettings'
    t =    17.94s Added attachment named '013.json'
    t =    17.94s Get number of matches for: Descendants matching type Alert
    t =    17.95s Find the Application 'com.apple.TVSettings'
    t =    18.18s Get number of matches for: Descendants matching type Alert
    t =    18.19s Find the Application 'com.apple.TVSettings'
    t =    18.22s Pressing Up button
    t =    18.43s Get number of matches for: Descendants matching type Alert
    t =    18.46s Find the Application 'com.apple.TVSettings'
    t =    18.68s Get number of matches for: Descendants matching type Alert
    t =    18.70s Find the Application 'com.apple.TVSettings'
    t =    19.04s Added attachment named '014.png'
    t =    19.04s Get number of matches for: Descendants matching type Alert
    t =    19.05s Find the Application 'com.apple.TVSettings'
    t =    19.07s Added attachment named '014.json'
    t =    19.07s Get number of matches for: Descendants matching type Alert
    t =    19.07s Find the Application 'com.apple.TVSettings'
    t =    19.30s Get number of matches for: Descendants matching type Alert
    t =    19.31s Find the Application 'com.apple.TVSettings'
    t =    19.33s Pressing Up button
    t =    19.55s Get number of matches for: Descendants matching type Alert
    t =    19.57s Find the Application 'com.apple.TVSettings'
    t =    19.80s Get number of matches for: Descendants matching type Alert
    t =    19.82s Find the Application 'com.apple.TVSettings'
    t =    20.16s Added attachment named '015.png'
    t =    20.16s Get number of matches for: Descendants matching type Alert
    t =    20.17s Find the Application 'com.apple.TVSettings'
    t =    20.19s Added attachment named '015.json'
    t =    20.19s Get number of matches for: Descendants matching type Alert
    t =    20.20s Find the Application 'com.apple.TVSettings'
    t =    20.42s Get number of matches for: Descendants matching type Alert
    t =    20.44s Find the Application 'com.apple.TVSettings'
    t =    20.46s Pressing Up button
    t =    20.67s Get number of matches for: Descendants matching type Alert
    t =    20.70s Find the Application 'com.apple.TVSettings'
    t =    20.92s Get number of matches for: Descendants matching type Alert
    t =    20.94s Find the Application 'com.apple.TVSettings'
    t =    21.27s Added attachment named '016.png'
    t =    21.28s Get number of matches for: Descendants matching type Alert
    t =    21.28s Find the Application 'com.apple.TVSettings'
    t =    21.31s Added attachment named '016.json'
    t =    21.31s Get number of matches for: Descendants matching type Alert
    t =    21.31s Find the Application 'com.apple.TVSettings'
    t =    21.54s Get number of matches for: Descendants matching type Alert
    t =    21.56s Find the Application 'com.apple.TVSettings'
    t =    21.58s Pressing Up button
    t =    21.79s Get number of matches for: Descendants matching type Alert
    t =    21.82s Find the Application 'com.apple.TVSettings'
    t =    22.05s Get number of matches for: Descendants matching type Alert
    t =    22.06s Find the Application 'com.apple.TVSettings'
    t =    22.39s Added attachment named '017.png'
    t =    22.39s Get number of matches for: Descendants matching type Alert
    t =    22.40s Find the Application 'com.apple.TVSettings'
    t =    22.42s Added attachment named '017.json'
    t =    22.42s Get number of matches for: Descendants matching type Alert
    t =    22.43s Find the Application 'com.apple.TVSettings'
    t =    22.65s Get number of matches for: Descendants matching type Alert
    t =    22.67s Find the Application 'com.apple.TVSettings'
    t =    22.69s Pressing Up button
    t =    22.90s Get number of matches for: Descendants matching type Alert
    t =    22.93s Find the Application 'com.apple.TVSettings'
    t =    23.15s Get number of matches for: Descendants matching type Alert
    t =    23.17s Find the Application 'com.apple.TVSettings'
    t =    23.50s Added attachment named '018.png'
    t =    23.50s Get number of matches for: Descendants matching type Alert
    t =    23.51s Find the Application 'com.apple.TVSettings'
    t =    23.53s Added attachment named '018.json'
    t =    23.53s Get number of matches for: Descendants matching type Alert
    t =    23.53s Find the Application 'com.apple.TVSettings'
    t =    23.75s Get number of matches for: Descendants matching type Alert
    t =    23.77s Find the Application 'com.apple.TVSettings'
    t =    23.79s Pressing Up button
    t =    24.01s Get number of matches for: Descendants matching type Alert
    t =    24.03s Find the Application 'com.apple.TVSettings'
    t =    24.25s Get number of matches for: Descendants matching type Alert
    t =    24.27s Find the Application 'com.apple.TVSettings'
    t =    24.60s Added attachment named '019.png'
    t =    24.60s Get number of matches for: Descendants matching type Alert
    t =    24.61s Find the Application 'com.apple.TVSettings'
    t =    24.63s Added attachment named '019.json'
    t =    24.63s Get number of matches for: Descendants matching type Alert
    t =    24.64s Find the Application 'com.apple.TVSettings'
    t =    24.85s Get number of matches for: Descendants matching type Alert
    t =    24.87s Find the Application 'com.apple.TVSettings'
    t =    24.89s Pressing Up button
    t =    25.11s Get number of matches for: Descendants matching type Alert
    t =    25.11s Find the Application 'com.apple.TVSettings'
    t =    25.34s Get number of matches for: Descendants matching type Alert
    t =    25.36s Find the Application 'com.apple.TVSettings'
    t =    25.69s Added attachment named '020.png'
    t =    25.69s Get number of matches for: Descendants matching type Alert
    t =    25.70s Find the Application 'com.apple.TVSettings'
    t =    25.72s Added attachment named '020.json'
    t =    25.72s Get number of matches for: Descendants matching type Alert
    t =    25.72s Find the Application 'com.apple.TVSettings'
    t =    25.95s Get number of matches for: Descendants matching type Alert
    t =    25.96s Find the Application 'com.apple.TVSettings'
    t =    25.98s Pressing Up button
    t =    26.20s Get number of matches for: Descendants matching type Alert
    t =    26.22s Find the Application 'com.apple.TVSettings'
    t =    26.44s Get number of matches for: Descendants matching type Alert
    t =    26.46s Find the Application 'com.apple.TVSettings'
    t =    26.69s Get number of matches for: Descendants matching type Alert
    t =    26.71s Find the Application 'com.apple.TVSettings'
    t =    26.93s Get number of matches for: Descendants matching type Alert
    t =    26.95s Find the Application 'com.apple.TVSettings'
    t =    27.17s Get number of matches for: Descendants matching type Alert
    t =    27.19s Find the Application 'com.apple.TVSettings'
    t =    27.53s Added attachment named '021.png'
    t =    27.53s Get number of matches for: Descendants matching type Alert
    t =    27.54s Find the Application 'com.apple.TVSettings'
    t =    27.56s Added attachment named '021.json'
    t =    27.56s Get number of matches for: Descendants matching type Alert
    t =    27.57s Find the Application 'com.apple.TVSettings'
    t =    27.79s Get number of matches for: Descendants matching type Alert
    t =    27.81s Find the Application 'com.apple.TVSettings'
    t =    27.83s Pressing Up button
    t =    28.05s Get number of matches for: Descendants matching type Alert
    t =    28.06s Find the Application 'com.apple.TVSettings'
    t =    28.29s Get number of matches for: Descendants matching type Alert
    t =    28.31s Find the Application 'com.apple.TVSettings'
    t =    28.53s Get number of matches for: Descendants matching type Alert
    t =    28.55s Find the Application 'com.apple.TVSettings'
    t =    28.78s Get number of matches for: Descendants matching type Alert
    t =    28.80s Find the Application 'com.apple.TVSettings'
    t =    29.02s Get number of matches for: Descendants matching type Alert
    t =    29.04s Find the Application 'com.apple.TVSettings'
    t =    29.37s Added attachment named '022.png'
    t =    29.37s Get number of matches for: Descendants matching type Alert
    t =    29.38s Find the Application 'com.apple.TVSettings'
    t =    29.40s Added attachment named '022.json'
    t =    29.40s Get number of matches for: Descendants matching type Alert
    t =    29.41s Find the Application 'com.apple.TVSettings'
    t =    29.63s Get number of matches for: Descendants matching type Alert
    t =    29.65s Find the Application 'com.apple.TVSettings'
    t =    29.67s Pressing Up button
    t =    29.88s Get number of matches for: Descendants matching type Alert
    t =    29.90s Find the Application 'com.apple.TVSettings'
    t =    30.13s Get number of matches for: Descendants matching type Alert
    t =    30.15s Find the Application 'com.apple.TVSettings'
    t =    30.37s Get number of matches for: Descendants matching type Alert
    t =    30.39s Find the Application 'com.apple.TVSettings'
    t =    30.61s Get number of matches for: Descendants matching type Alert
    t =    30.63s Find the Application 'com.apple.TVSettings'
    t =    30.97s Added attachment named '023.png'
    t =    30.97s Get number of matches for: Descendants matching type Alert
    t =    30.97s Find the Application 'com.apple.TVSettings'
    t =    30.99s Added attachment named '023.json'
    t =    31.00s Get number of matches for: Descendants matching type Alert
    t =    31.00s Find the Application 'com.apple.TVSettings'
    t =    31.22s Get number of matches for: Descendants matching type Alert
    t =    31.24s Find the Application 'com.apple.TVSettings'
    t =    31.26s Pressing Up button
    t =    31.48s Get number of matches for: Descendants matching type Alert
    t =    31.50s Find the Application 'com.apple.TVSettings'
    t =    31.72s Get number of matches for: Descendants matching type Alert
    t =    31.74s Find the Application 'com.apple.TVSettings'
    t =    32.07s Added attachment named '024.png'
    t =    32.07s Get number of matches for: Descendants matching type Alert
    t =    32.08s Find the Application 'com.apple.TVSettings'
    t =    32.10s Added attachment named '024.json'
    t =    32.10s Get number of matches for: Descendants matching type Alert
    t =    32.10s Find the Application 'com.apple.TVSettings'
    t =    32.33s Get number of matches for: Descendants matching type Alert
    t =    32.34s Find the Application 'com.apple.TVSettings'
    t =    32.36s Pressing Up button
    t =    32.58s Get number of matches for: Descendants matching type Alert
    t =    32.60s Find the Application 'com.apple.TVSettings'
    t =    32.82s Get number of matches for: Descendants matching type Alert
    t =    32.83s Find the Application 'com.apple.TVSettings'
    t =    33.17s Added attachment named '025.png'
    t =    33.17s Get number of matches for: Descendants matching type Alert
    t =    33.18s Find the Application 'com.apple.TVSettings'
    t =    33.20s Added attachment named '025.json'
    t =    33.20s Get number of matches for: Descendants matching type Alert
    t =    33.20s Find the Application 'com.apple.TVSettings'
    t =    33.22s Added attachment named 'terminal-context'
    t =    33.22s Tear Down
Test Case '-[NativeOSFocusTests.NativeOSFocusTests testSettingsRootSweep]' passed (33.353 seconds).
Test Suite 'NativeOSFocusTests' passed at 2026-09-22 01:04:40.119.
	 Executed 1 test, with 0 failures (0 unexpected) in 33.353 (33.353) seconds
Test Suite 'NativeOSFocusTests.xctest' passed at 2026-09-22 01:04:40.119.
	 Executed 1 test, with 0 failures (0 unexpected) in 33.353 (33.354) seconds
Test Suite 'Selected tests' passed at 2026-09-22 01:04:40.120.
	 Executed 1 test, with 0 failures (0 unexpected) in 33.353 (33.354) seconds
2026-09-22 01:04:40.614 xcodebuild[26522:4341293] [MT] IDETestOperationsObserverDebug: 34.964 elapsed -- Testing started completed.
2026-09-22 01:04:40.614 xcodebuild[26522:4341293] [MT] IDETestOperationsObserverDebug: 0.000 sec, +0.000 sec -- start
2026-09-22 01:04:40.614 xcodebuild[26522:4341293] [MT] IDETestOperationsObserverDebug: 34.964 sec, +34.964 sec -- end

Test session results, code coverage, and logs:
	/Users/josephmccraw/Documents/GitHub/NativeUIAuditKit/reports/work/OS-FOCUS-02/root-sweep-02/result.xcresult

** TEST EXECUTE SUCCEEDED **

Testing started
