Command line invocation:
    /Applications/Xcode.app/Contents/Developer/usr/bin/xcodebuild test-without-building -project NativeOSFocus/NativeOSFocus.xcodeproj -scheme NativeOSFocus -destination "platform=tvOS Simulator,id=9026ECA9-77DB-4AE6-8FE6-BB239E9571FA" -destination-timeout 20 -derivedDataPath /Users/josephmccraw/Documents/GitHub/NativeUIAuditKit/.build/native-os-focus/DerivedData -resultBundlePath /Users/josephmccraw/Documents/GitHub/NativeUIAuditKit/reports/work/OS-FOCUS-03/home-02/result.xcresult -parallel-testing-enabled NO -maximum-concurrent-test-simulator-destinations 1 -test-timeouts-enabled YES -default-test-execution-time-allowance 300 -maximum-test-execution-time-allowance 300 "-only-testing:NativeOSFocusTests/NativeOSFocusTests/testHomeChallengeSnake" -disableAutomaticPackageResolution CODE_SIGNING_ALLOWED=NO

Build settings from command line:
    CODE_SIGNING_ALLOWED = NO

Writing result bundle at path:
	/Users/josephmccraw/Documents/GitHub/NativeUIAuditKit/reports/work/OS-FOCUS-03/home-02/result.xcresult

2026-09-22 09:46:19.444718-0700 NativeOSFocusTests-Runner[78473:5272309] [Default] Running tests...
Test Suite 'Selected tests' started at 2026-09-22 09:46:19.559.
Test Suite 'NativeOSFocusTests.xctest' started at 2026-09-22 09:46:19.559.
Test Suite 'NativeOSFocusTests' started at 2026-09-22 09:46:19.559.
Test Case '-[NativeOSFocusTests.NativeOSFocusTests testHomeChallengeSnake]' started.
    t =     0.00s Start Test at 2026-09-22 09:46:19.560
    t =     0.02s Set Up
    t =     0.03s Pressing Home button
    t =     0.24s Wait for com.apple.HeadBoard to become Running Foreground
    t =     0.24s Get number of matches for: Descendants matching type Alert
    t =     0.30s Find the Application 'com.apple.HeadBoard'
    t =     0.54s Get number of matches for: Descendants matching type Alert
    t =     0.66s Find the Application 'com.apple.HeadBoard'
    t =     0.88s Added attachment named 'terminal-context'
/Users/josephmccraw/Documents/GitHub/NativeUIAuditKit/NativeOSFocus/NativeOSFocusTests.swift:266: error: -[NativeOSFocusTests.NativeOSFocusTests testHomeChallengeSnake] : failed: caught error: "context"
    t =     0.92s Tear Down
Test Case '-[NativeOSFocusTests.NativeOSFocusTests testHomeChallengeSnake]' failed (0.978 seconds).
Test Suite 'NativeOSFocusTests' failed at 2026-09-22 09:46:20.538.
	 Executed 1 test, with 1 failure (1 unexpected) in 0.978 (0.979) seconds
Test Suite 'NativeOSFocusTests.xctest' failed at 2026-09-22 09:46:20.539.
	 Executed 1 test, with 1 failure (1 unexpected) in 0.978 (0.979) seconds
Test Suite 'Selected tests' failed at 2026-09-22 09:46:20.539.
	 Executed 1 test, with 1 failure (1 unexpected) in 0.978 (0.980) seconds
2026-09-22 09:46:30.658 xcodebuild[78461:5272042] [MT] IDETestOperationsObserverDebug: 12.319 elapsed -- Testing started completed.
2026-09-22 09:46:30.659 xcodebuild[78461:5272042] [MT] IDETestOperationsObserverDebug: 0.000 sec, +0.000 sec -- start
2026-09-22 09:46:30.659 xcodebuild[78461:5272042] [MT] IDETestOperationsObserverDebug: 12.319 sec, +12.319 sec -- end

Test session results, code coverage, and logs:
	/Users/josephmccraw/Documents/GitHub/NativeUIAuditKit/reports/work/OS-FOCUS-03/home-02/result.xcresult

Failing tests:
	NativeOSFocusTests.testHomeChallengeSnake()

** TEST EXECUTE FAILED **

Testing started
