Exported 23 attachments for: NativeOSFocusTests/testAccessibilityLearningSweep():
File: 1A5F0B62-61FC-45E6-A36A-1ECB7CEE53D7.txt, suggested name: "terminal-context_0_703C78DC-8376-4C1D-9F49-65F6FE2A3A71.txt"
File: FA276F3C-DED4-45E7-BD6E-570BC68DC982.json, suggested name: "010_0_99C941D3-8F25-448E-B0D7-25BB098A055C.json"
File: D9B2DF1B-2666-40B3-9AC0-6DCC24930E82.png, suggested name: "010_0_96A01EEA-CD25-49D7-A0F2-0718C75F182F.png"
File: 0D1B9E31-114C-4968-B740-5E92615F31C0.json, suggested name: "009_0_6AE46A9F-2327-4B08-A8E8-98A58D05E828.json"
File: BA709E4E-7EFB-4779-A510-C1C9D1BCB701.png, suggested name: "009_0_35972CE0-722B-4363-8C13-4E180F144B96.png"
File: 6A5D1163-96BB-415C-BABB-7ECC2F2E9F1F.json, suggested name: "008_0_DE61A890-E2A8-40BA-BF8A-6326EF510631.json"
File: 8B6BAB75-53F0-4574-8C4F-9E8B2D58EDFC.png, suggested name: "008_0_CBECB659-09CD-4581-9A9E-185E5467E529.png"
File: 35EB5CA4-2122-4372-867A-30C05E4FB99C.json, suggested name: "007_0_0B6FE9EA-3F3A-46D4-9A53-456E98A6E6FB.json"
File: D3CA146F-01F4-4449-8730-6F3D696E407D.png, suggested name: "007_0_A158B402-D056-4CD0-BCD9-0E5A8D72DACE.png"
File: 97081E24-D026-491D-A447-3F2296F93DDB.json, suggested name: "006_0_0DC470D3-602B-461B-A5AB-1ADDC5BA294E.json"
File: D0595DF7-1F2F-4B5B-A5A5-B2046CB49E48.png, suggested name: "006_0_CFD791B6-6D04-4ED9-801B-2E7EC487574F.png"
File: FB0A18F9-9744-4C26-81F0-1D88F9281303.json, suggested name: "005_0_B35A2F04-638C-4498-8816-79AAE78192D6.json"
File: 4107627D-1A1F-4AC0-94EA-C2F42B678BC7.png, suggested name: "005_0_F2508BD4-24CE-4C70-932B-3D99F93EFDB8.png"
File: 684C5B48-714D-42D5-A83A-7D5FF681F5A4.json, suggested name: "004_0_11C560F4-34C8-4E3D-BF12-B9789D1D6931.json"
File: 76621430-B121-4CEB-863C-042D5BA59F01.png, suggested name: "004_0_7C8E03D4-F751-493E-AAF9-4DBD766912C8.png"
File: 19852F06-0950-4C37-AD61-FBA15A40E30D.json, suggested name: "003_0_6E8482DF-5E09-4364-B5F3-4F0DBA642C0C.json"
File: 356FD0A4-7192-4BBB-BA34-B7BCBB2CE608.png, suggested name: "003_0_E634D0A9-03C9-439B-AE6A-FC777E2D11AA.png"
File: 10214897-B54D-401A-96AB-7DD1493B1417.json, suggested name: "002_0_80650FC3-5627-482F-B7FD-096D8FA71A3E.json"
File: ADC5FDCC-057B-429F-BE71-0C04EE93BDDE.png, suggested name: "002_0_66DA203C-A4B5-438C-B0CD-A20AA8F6C838.png"
File: FCCD0E9A-C555-4357-A59F-B59D60DB2806.json, suggested name: "001_0_58BBF363-C679-4794-95AD-AB7EB957AA69.json"
File: 5B9B509A-3E29-485A-BD1E-936945A9C432.png, suggested name: "001_0_E474D164-2262-4ABF-8CF0-0EAC824D4B1A.png"
File: 17664FD5-7F3A-4153-B5A6-C15FBE0BF2B5.json, suggested name: "000-start_0_EEA6C3EF-1FBB-497A-80D7-29BD8CDA983A.json"
File: 8ED3727C-7C56-4860-886D-E319A401B315.png, suggested name: "000-start_0_8AB255AF-3902-48B8-AB1C-EC5C6DC42403.png"

Generated manifest file with attachment details: /Users/josephmccraw/Documents/GitHub/NativeUIAuditKit/reports/work/FOCUS-EXP-01/accessibility-02/attachments/manifest.json
