Collecting torch==2.7.0 (from -r reports/work/FOCUS-EXPORT-01/export-requirements.txt (line 1))
  Downloading torch-2.7.0-cp312-none-macosx_11_0_arm64.whl.metadata (29 kB)
Collecting coremltools==9.0 (from -r reports/work/FOCUS-EXPORT-01/export-requirements.txt (line 2))
  Downloading coremltools-9.0-cp312-none-macosx_11_0_arm64.whl.metadata (2.7 kB)
Collecting numpy==1.26.4 (from -r reports/work/FOCUS-EXPORT-01/export-requirements.txt (line 3))
  Downloading numpy-1.26.4-cp312-cp312-macosx_11_0_arm64.whl.metadata (61 kB)
Collecting Pillow==11.3.0 (from -r reports/work/FOCUS-EXPORT-01/export-requirements.txt (line 4))
  Downloading pillow-11.3.0-cp312-cp312-macosx_11_0_arm64.whl.metadata (9.0 kB)
Collecting jsonschema==4.25.1 (from -r reports/work/FOCUS-EXPORT-01/export-requirements.txt (line 5))
  Downloading jsonschema-4.25.1-py3-none-any.whl.metadata (7.6 kB)
Collecting PyYAML==6.0.2 (from -r reports/work/FOCUS-EXPORT-01/export-requirements.txt (line 6))
  Downloading PyYAML-6.0.2-cp312-cp312-macosx_11_0_arm64.whl.metadata (2.1 kB)
Collecting filelock (from torch==2.7.0->-r reports/work/FOCUS-EXPORT-01/export-requirements.txt (line 1))
  Downloading filelock-4.0.1-py3-none-any.whl.metadata (2.0 kB)
Collecting typing-extensions>=4.10.0 (from torch==2.7.0->-r reports/work/FOCUS-EXPORT-01/export-requirements.txt (line 1))
  Downloading typing_extensions-4.16.0-py3-none-any.whl.metadata (3.3 kB)
Collecting setuptools (from torch==2.7.0->-r reports/work/FOCUS-EXPORT-01/export-requirements.txt (line 1))
  Downloading setuptools-84.0.0-py3-none-any.whl.metadata (6.6 kB)
Collecting sympy>=1.13.3 (from torch==2.7.0->-r reports/work/FOCUS-EXPORT-01/export-requirements.txt (line 1))
  Downloading sympy-1.14.0-py3-none-any.whl.metadata (12 kB)
Collecting networkx (from torch==2.7.0->-r reports/work/FOCUS-EXPORT-01/export-requirements.txt (line 1))
  Downloading networkx-3.7-py3-none-any.whl.metadata (6.7 kB)
Collecting jinja2 (from torch==2.7.0->-r reports/work/FOCUS-EXPORT-01/export-requirements.txt (line 1))
  Downloading jinja2-3.1.6-py3-none-any.whl.metadata (2.9 kB)
Collecting fsspec (from torch==2.7.0->-r reports/work/FOCUS-EXPORT-01/export-requirements.txt (line 1))
  Downloading fsspec-2026.9.0-py3-none-any.whl.metadata (10 kB)
Collecting protobuf>=3.1.0 (from coremltools==9.0->-r reports/work/FOCUS-EXPORT-01/export-requirements.txt (line 2))
  Downloading protobuf-7.36.2-cp310-abi3-macosx_10_9_universal2.whl.metadata (595 bytes)
Collecting tqdm (from coremltools==9.0->-r reports/work/FOCUS-EXPORT-01/export-requirements.txt (line 2))
  Downloading tqdm-4.70.1-py3-none-any.whl.metadata (57 kB)
Collecting packaging (from coremltools==9.0->-r reports/work/FOCUS-EXPORT-01/export-requirements.txt (line 2))
  Downloading packaging-26.3-py3-none-any.whl.metadata (3.5 kB)
Collecting attrs>=21.3.0 (from coremltools==9.0->-r reports/work/FOCUS-EXPORT-01/export-requirements.txt (line 2))
  Downloading attrs-26.1.0-py3-none-any.whl.metadata (8.8 kB)
Collecting cattrs (from coremltools==9.0->-r reports/work/FOCUS-EXPORT-01/export-requirements.txt (line 2))
  Downloading cattrs-26.2.0-py3-none-any.whl.metadata (8.5 kB)
Collecting pyaml (from coremltools==9.0->-r reports/work/FOCUS-EXPORT-01/export-requirements.txt (line 2))
  Downloading pyaml-26.7.0-py3-none-any.whl.metadata (12 kB)
Collecting jsonschema-specifications>=2023.03.6 (from jsonschema==4.25.1->-r reports/work/FOCUS-EXPORT-01/export-requirements.txt (line 5))
  Downloading jsonschema_specifications-2025.9.1-py3-none-any.whl.metadata (2.9 kB)
Collecting referencing>=0.28.4 (from jsonschema==4.25.1->-r reports/work/FOCUS-EXPORT-01/export-requirements.txt (line 5))
  Downloading referencing-0.37.0-py3-none-any.whl.metadata (2.8 kB)
Collecting rpds-py>=0.7.1 (from jsonschema==4.25.1->-r reports/work/FOCUS-EXPORT-01/export-requirements.txt (line 5))
  Downloading rpds_py-2026.6.3-cp312-cp312-macosx_11_0_arm64.whl.metadata (4.1 kB)
Collecting mpmath<1.4,>=1.1.0 (from sympy>=1.13.3->torch==2.7.0->-r reports/work/FOCUS-EXPORT-01/export-requirements.txt (line 1))
  Downloading mpmath-1.3.0-py3-none-any.whl.metadata (8.6 kB)
Collecting MarkupSafe>=2.0 (from jinja2->torch==2.7.0->-r reports/work/FOCUS-EXPORT-01/export-requirements.txt (line 1))
  Downloading markupsafe-3.0.3-cp312-cp312-macosx_11_0_arm64.whl.metadata (2.7 kB)
Downloading torch-2.7.0-cp312-none-macosx_11_0_arm64.whl (68.6 MB)
   ━━━━━━━━━━━━━━━━━━━━━━━━━━━━━━━━━━━━━━━━ 68.6/68.6 MB 2.0 MB/s eta 0:00:00
Downloading coremltools-9.0-cp312-none-macosx_11_0_arm64.whl (2.8 MB)
   ━━━━━━━━━━━━━━━━━━━━━━━━━━━━━━━━━━━━━━━━ 2.8/2.8 MB 2.4 MB/s eta 0:00:00
Downloading numpy-1.26.4-cp312-cp312-macosx_11_0_arm64.whl (13.7 MB)
   ━━━━━━━━━━━━━━━━━━━━━━━━━━━━━━━━━━━━━━━━ 13.7/13.7 MB 2.1 MB/s eta 0:00:00
Downloading pillow-11.3.0-cp312-cp312-macosx_11_0_arm64.whl (4.7 MB)
   ━━━━━━━━━━━━━━━━━━━━━━━━━━━━━━━━━━━━━━━━ 4.7/4.7 MB 1.9 MB/s eta 0:00:00
Downloading jsonschema-4.25.1-py3-none-any.whl (90 kB)
Downloading PyYAML-6.0.2-cp312-cp312-macosx_11_0_arm64.whl (173 kB)
Downloading attrs-26.1.0-py3-none-any.whl (67 kB)
Downloading jsonschema_specifications-2025.9.1-py3-none-any.whl (18 kB)
Downloading protobuf-7.36.2-cp310-abi3-macosx_10_9_universal2.whl (456 kB)
Downloading referencing-0.37.0-py3-none-any.whl (26 kB)
Downloading rpds_py-2026.6.3-cp312-cp312-macosx_11_0_arm64.whl (338 kB)
Downloading sympy-1.14.0-py3-none-any.whl (6.3 MB)
   ━━━━━━━━━━━━━━━━━━━━━━━━━━━━━━━━━━━━━━━━ 6.3/6.3 MB 2.1 MB/s eta 0:00:00
Downloading typing_extensions-4.16.0-py3-none-any.whl (45 kB)
Downloading cattrs-26.2.0-py3-none-any.whl (74 kB)
Downloading filelock-4.0.1-py3-none-any.whl (106 kB)
Downloading fsspec-2026.9.0-py3-none-any.whl (221 kB)
Downloading jinja2-3.1.6-py3-none-any.whl (134 kB)
Downloading networkx-3.7-py3-none-any.whl (2.1 MB)
   ━━━━━━━━━━━━━━━━━━━━━━━━━━━━━━━━━━━━━━━━ 2.1/2.1 MB 2.8 MB/s eta 0:00:00
Downloading packaging-26.3-py3-none-any.whl (129 kB)
Downloading pyaml-26.7.0-py3-none-any.whl (27 kB)
Downloading setuptools-84.0.0-py3-none-any.whl (818 kB)
   ━━━━━━━━━━━━━━━━━━━━━━━━━━━━━━━━━━━━━━━━ 818.2/818.2 kB 4.3 MB/s eta 0:00:00
Downloading tqdm-4.70.1-py3-none-any.whl (80 kB)
Downloading markupsafe-3.0.3-cp312-cp312-macosx_11_0_arm64.whl (12 kB)
Downloading mpmath-1.3.0-py3-none-any.whl (536 kB)
   ━━━━━━━━━━━━━━━━━━━━━━━━━━━━━━━━━━━━━━━ 536.2/536.2 kB 581.6 kB/s eta 0:00:00
Installing collected packages: mpmath, typing-extensions, tqdm, sympy, setuptools, rpds-py, PyYAML, protobuf, Pillow, packaging, numpy, networkx, MarkupSafe, fsspec, filelock, attrs, referencing, pyaml, jinja2, cattrs, torch, jsonschema-specifications, coremltools, jsonschema
Successfully installed MarkupSafe-3.0.3 Pillow-11.3.0 PyYAML-6.0.2 attrs-26.1.0 cattrs-26.2.0 coremltools-9.0 filelock-4.0.1 fsspec-2026.9.0 jinja2-3.1.6 jsonschema-4.25.1 jsonschema-specifications-2025.9.1 mpmath-1.3.0 networkx-3.7 numpy-1.26.4 packaging-26.3 protobuf-7.36.2 pyaml-26.7.0 referencing-0.37.0 rpds-py-2026.6.3 setuptools-84.0.0 sympy-1.14.0 torch-2.7.0 tqdm-4.70.1 typing-extensions-4.16.0

[notice] A new release of pip is available: 25.0 -> 26.2.1
[notice] To update, run: /Users/josephmccraw/Library/Application Support/NativeUIAuditKit/Environments/focus-export-01/bin/python -m pip install --upgrade pip
