import time: self [us] | cumulative | imported package
import time:       130 |        130 |   _io
import time:        23 |         23 |   marshal
import time:       163 |        163 |   posix
import time:       339 |        653 | _frozen_importlib_external
import time:       351 |        351 |   time
import time:       121 |        472 | zipimport
import time:        23 |         23 |     _codecs
import time:       275 |        297 |   codecs
import time:       256 |        256 |   encodings.aliases
import time:       293 |        846 | encodings
import time:        94 |         94 | encodings.utf_8
import time:        35 |         35 | _signal
import time:        15 |         15 |     _abc
import time:        81 |         95 |   abc
import time:        79 |        174 | io
import time:        21 |         21 |       _stat
import time:        43 |         63 |     stat
import time:       414 |        414 |     _collections_abc
import time:        21 |         21 |       errno
import time:        30 |         30 |       genericpath
import time:        67 |        118 |     posixpath
import time:       241 |        835 |   os
import time:        41 |         41 |   _sitebuiltins
import time:        60 |         60 |             itertools
import time:        68 |         68 |             keyword
import time:        32 |         32 |               _operator
import time:       134 |        165 |             operator
import time:        85 |         85 |             reprlib
import time:        28 |         28 |             _collections
import time:       350 |        754 |           collections
import time:        24 |         24 |           _functools
import time:       296 |       1073 |         functools
import time:       123 |        123 |         types
import time:       831 |       2026 |       enum
import time:        32 |         32 |         _sre
import time:       137 |        137 |           re._constants
import time:       206 |        342 |         re._parser
import time:        74 |         74 |         re._casefix
import time:       201 |        648 |       re._compiler
import time:        88 |         88 |       copyreg
import time:       258 |       3019 |     re
import time:       356 |       3375 |   sitecustomize
import time:       373 |       4622 | site
import time:       150 |        150 | linecache
import time:        20 |         20 | faulthandler
import time:       373 |        373 |       importlib
import time:       176 |        176 |         warnings
import time:       263 |        263 |         numpy.version
import time:       200 |        200 |         numpy._expired_attrs_2_0
import time:       306 |        306 |             numpy._utils._convertions
import time:       343 |        649 |           numpy._utils
import time:       274 |        922 |         numpy._globals
import time:        16 |         16 |           numpy._distributor_init_local
import time:       208 |        223 |         numpy._distributor_init
import time:      1111 |       1111 |                     _datetime
import time:       467 |       1578 |                   datetime
import time:       473 |        473 |                   math
import time:       350 |        350 |                   numpy.exceptions
import time:       266 |        266 |                   numpy._core._exceptions
import time:       850 |        850 |                       _contextvars
import time:       324 |       1174 |                     contextvars
import time:       409 |       1583 |                   numpy._core.printoptions
import time:       173 |        173 |                   numpy.dtypes
import time:      6604 |      11024 |                 numpy._core._multiarray_umath
import time:       188 |        188 |                   numpy._utils._inspect
import time:       332 |        519 |                 numpy._core.overrides
import time:       915 |      12457 |               numpy._core.multiarray
import time:       237 |        237 |               numpy._core.umath
import time:       346 |        346 |                 numbers
import time:       326 |        326 |                 numpy._core._dtype
import time:       192 |        192 |                 numpy._core._string_helpers
import time:       279 |        279 |                 numpy._core._type_aliases
import time:       288 |       1430 |               numpy._core.numerictypes
import time:       209 |        209 |                 numpy._core._ufunc_config
import time:       933 |        933 |                         _struct
import time:       195 |       1127 |                       struct
import time:       324 |        324 |                       _compat_pickle
import time:      1395 |       1395 |                       _pickle
import time:       637 |       3481 |                     pickle
import time:       460 |        460 |                     contextlib
import time:       274 |       4214 |                   numpy._core._methods
import time:       556 |       4770 |                 numpy._core.fromnumeric
import time:       367 |       5345 |               numpy._core._machar
import time:       322 |        322 |                   numpy._core.shape_base
import time:       232 |        232 |                   numpy._core._asarray
import time:       453 |        453 |                   numpy._core.arrayprint
import time:       538 |       1543 |                 numpy._core.numeric
import time:       375 |       1917 |               numpy._core.einsumfunc
import time:       367 |        367 |               numpy._core.function_base
import time:       376 |        376 |               numpy._core.getlimits
import time:       221 |        221 |               numpy._core.memmap
import time:       417 |        417 |               numpy._core.records
import time:       750 |        750 |               numpy._core._add_newdocs
import time:       692 |        692 |               numpy._core._add_newdocs_scalars
import time:       234 |        234 |               numpy._core._dtype_ctypes
import time:       929 |        929 |                   _ast
import time:      1330 |       2258 |                 ast
import time:      1016 |       1016 |                   _ctypes
import time:       291 |        291 |                   ctypes._endian
import time:       797 |       2103 |                 ctypes
import time:       584 |       4944 |               numpy._core._internal
import time:       254 |        254 |               numpy._pytesttester
import time:       522 |      30158 |             numpy._core
import time:        13 |      30170 |           numpy._core._multiarray_umath
import time:       301 |      30471 |         numpy.__config__
import time:        20 |         20 |                         _typing
import time:      1412 |       1432 |                       typing
import time:       361 |        361 |                           numpy._typing._nbit_base
import time:       192 |        192 |                           numpy._typing._nested_sequence
import time:       164 |        164 |                           numpy._typing._shape
import time:      1206 |       1922 |                         numpy._typing._array_like
import time:      2271 |       2271 |                         numpy._typing._char_codes
import time:      1227 |       1227 |                         numpy._typing._dtype_like
import time:       257 |        257 |                         numpy._typing._nbit
import time:       210 |        210 |                         numpy._typing._scalars
import time:       617 |        617 |                         numpy._typing._ufunc
import time:       683 |       7185 |                       numpy._typing
import time:       375 |        375 |                         numpy.lib._stride_tricks_impl
import time:       550 |        925 |                       numpy.lib._twodim_base_impl
import time:        85 |         85 |                         numpy.lib._array_utils_impl
import time:       175 |        259 |                       numpy.lib.array_utils
import time:      1067 |       1067 |                       numpy.linalg._umath_linalg
import time:       902 |      11768 |                     numpy.linalg._linalg
import time:       279 |        279 |                     numpy.linalg.linalg
import time:       373 |      12418 |                   numpy.linalg
import time:       337 |      12754 |                 numpy.matrixlib.defmatrix
import time:       270 |      13024 |               numpy.matrixlib
import time:       458 |        458 |                 numpy.lib._histograms_impl
import time:       813 |       1270 |               numpy.lib._function_base_impl
import time:       104 |        104 |               numpy.lib.stride_tricks
import time:       508 |      14906 |             numpy.lib._index_tricks_impl
import time:       324 |      15229 |           numpy.lib._arraypad_impl
import time:       525 |        525 |           numpy.lib._arraysetops_impl
import time:       286 |        286 |           numpy.lib._arrayterator_impl
import time:       430 |        430 |           numpy.lib._nanfunctions_impl
import time:       134 |        134 |               _weakrefset
import time:       412 |        546 |             weakref
import time:        88 |         88 |                     _wmi
import time:       498 |        585 |                   platform
import time:       746 |        746 |                   textwrap
import time:       257 |       1588 |                 numpy.lib._utils_impl
import time:       271 |       1858 |               numpy.lib._format_impl
import time:        97 |       1954 |             numpy.lib.format
import time:       321 |        321 |             numpy.lib._datasource
import time:       573 |        573 |             numpy.lib._iotools
import time:       463 |       3855 |           numpy.lib._npyio_impl
import time:        94 |         94 |               numpy.lib._ufunclike_impl
import time:       290 |        384 |             numpy.lib._type_check_impl
import time:       433 |        816 |           numpy.lib._polynomial_impl
import time:       466 |        466 |           numpy.lib._shape_base_impl
import time:       209 |        209 |           numpy.lib._version
import time:       218 |        218 |           numpy.lib.introspect
import time:       236 |        236 |           numpy.lib.mixins
import time:        82 |         82 |           numpy.lib.npyio
import time:       629 |        629 |             numpy.lib._scimath_impl
import time:        84 |        712 |           numpy.lib.scimath
import time:       638 |      23696 |         numpy.lib
import time:       299 |        299 |         numpy._array_api_info
import time:      2805 |      59050 |       numpy
import time:       543 |        543 |       scipy.__config__
import time:       195 |        195 |       scipy.version
import time:        13 |         13 |         scipy._distributor_init_local
import time:       210 |        222 |       scipy._distributor_init
import time:        38 |         38 |           scipy._external
import time:       324 |        361 |         scipy._external.packaging_version
import time:       404 |        404 |         __future__
import time:       115 |        115 |         scipy._external.packaging_version._structures
import time:      1367 |       2246 |       scipy._external.packaging_version.version
import time:       656 |        656 |                   _opcode
import time:       281 |        281 |                   _opcode_metadata
import time:       291 |       1227 |                 opcode
import time:       605 |       1831 |               dis
import time:        42 |         42 |               importlib.machinery
import time:       201 |        201 |                 token
import time:        22 |         22 |                 _tokenize
import time:       583 |        804 |               tokenize
import time:      1085 |       3762 |             inspect
import time:        87 |         87 |               fnmatch
import time:      1068 |       1068 |               zlib
import time:       334 |        334 |                 _compression
import time:       874 |        874 |                 _bz2
import time:       551 |       1757 |               bz2
import time:      2055 |       2055 |                 _lzma
import time:       383 |       2438 |               lzma
import time:       613 |       5960 |             shutil
import time:       323 |        323 |               threading
import time:       428 |        428 |               fcntl
import time:        49 |         49 |               msvcrt
import time:       535 |        535 |               _posixsubprocess
import time:       534 |        534 |               select
import time:       340 |        340 |               selectors
import time:       486 |       2692 |             subprocess
import time:       482 |        482 |             sysconfig
import time:       385 |        385 |               concurrent
import time:       334 |        334 |                     _colorize
import time:       645 |        979 |                   traceback
import time:        20 |         20 |                     _string
import time:       501 |        521 |                   string
import time:        18 |         18 |                   atexit
import time:      1212 |       2728 |                 logging
import time:       683 |       3410 |               concurrent.futures._base
import time:       268 |       4062 |             concurrent.futures
import time:       796 |        796 |                   _heapq
import time:       235 |       1031 |                 heapq
import time:       867 |        867 |                 _queue
import time:       334 |       2231 |               queue
import time:       400 |       2630 |             concurrent.futures.thread
import time:       286 |        286 |               importlib._abc
import time:       111 |        396 |             importlib.util
import time:        54 |         54 |             cython
import time:       507 |        507 |             _sysconfigdata__darwin_darwin
import time:       310 |        310 |             _osx_support
import time:       915 |      21767 |           scipy._lib._testutils
import time:       215 |      21981 |         scipy._lib
import time:      1355 |       1355 |           scipy._cyutility
import time:      1133 |       2488 |         scipy._lib._ccallback_c
import time:       286 |      24754 |       scipy._lib._ccallback
import time:       744 |      88125 |     scipy
import time:       584 |        584 |         scipy.special._sf_error
import time:      1313 |       1313 |           scipy.special._ufuncs_cxx
import time:      1632 |       1632 |                     scipy.linalg._fblas
import time:       367 |       1999 |                   scipy.linalg.blas
import time:      2642 |       2642 |                     scipy.linalg._flapack
import time:       857 |       3499 |                   scipy.linalg.lapack
import time:      1431 |       1431 |                   scipy.linalg._batched_linalg
import time:       441 |        441 |                         copy
import time:       564 |       1004 |                       dataclasses
import time:       383 |        383 |                         numpy._typing._add_docstring
import time:       368 |        751 |                       numpy.typing
import time:       502 |        502 |                             scipy._external.array_api_compat.common._typing
import time:       747 |       1249 |                           scipy._external.array_api_compat.common._helpers
import time:       359 |       1608 |                         scipy._external.array_api_compat.common
import time:       150 |       1758 |                       scipy._external.array_api_compat
import time:       182 |        182 |                         scipy._external.array_api_compat._internal
import time:       384 |        384 |                           numpy.fft._helper
import time:      1388 |       1388 |                             numpy.fft._pocketfft_umath
import time:       563 |       1950 |                           numpy.fft._pocketfft
import time:       204 |        204 |                           numpy.fft.helper
import time:       382 |       2918 |                         numpy.fft
import time:      1369 |       1369 |                               numpy.random._common
import time:      1002 |       1002 |                                   binascii
import time:       373 |       1374 |                                 base64
import time:      2008 |       2008 |                                   _hashlib
import time:      1187 |       1187 |                                     _blake2
import time:       269 |       1456 |                                   hashlib
import time:       378 |       3841 |                                 hmac
import time:      1161 |       1161 |                                     _bisect
import time:       270 |       1431 |                                   bisect
import time:      1042 |       1042 |                                   _random
import time:       809 |       3280 |                                 random
import time:       442 |       8937 |                               secrets
import time:      1387 |      11692 |                             numpy.random.bit_generator
import time:      2086 |      13777 |                           numpy.random._bounded_integers
import time:      1535 |       1535 |                               numpy.random._pcg64
import time:      1321 |       1321 |                               numpy.random._mt19937
import time:      2004 |       4859 |                             numpy.random._generator
import time:       981 |        981 |                             numpy.random._philox
import time:      1383 |       1383 |                             numpy.random._sfc64
import time:      2024 |       2024 |                             numpy.random.mtrand
import time:       340 |       9586 |                           numpy.random._pickle
import time:       410 |      23772 |                         numpy.random
import time:       272 |        272 |                             numpy.polynomial.polyutils
import time:       393 |        393 |                             numpy.polynomial._polybase
import time:       611 |       1276 |                           numpy.polynomial.chebyshev
import time:       348 |        348 |                           numpy.polynomial.hermite
import time:       280 |        280 |                           numpy.polynomial.hermite_e
import time:       265 |        265 |                           numpy.polynomial.laguerre
import time:       282 |        282 |                           numpy.polynomial.legendre
import time:       433 |        433 |                           numpy.polynomial.polynomial
import time:       438 |       3319 |                         numpy.polynomial
import time:       518 |        518 |                             numpy._core.strings
import time:       209 |        209 |                             numpy.strings
import time:       438 |       1164 |                           numpy._core.defchararray
import time:       273 |       1436 |                         numpy.char
import time:      2320 |       2320 |                           numpy.ma.core
import time:       709 |        709 |                           numpy.ma.extras
import time:       336 |       3364 |                         numpy.ma
import time:       466 |        466 |                           numpy.ctypeslib._ctypeslib
import time:       362 |        827 |                         numpy.ctypeslib
import time:       342 |        342 |                           numpy.core._utils
import time:       308 |        650 |                         numpy.core
import time:       368 |        368 |                               unittest.util
import time:       567 |        934 |                             unittest.result
import time:       630 |        630 |                               difflib
import time:       347 |        347 |                               pprint
import time:       567 |       1544 |                             unittest.case
import time:       415 |        415 |                             unittest.suite
import time:       377 |        377 |                             unittest.loader
import time:       522 |        522 |                                 gettext
import time:       648 |       1170 |                               argparse
import time:       417 |        417 |                                   signal
import time:       167 |        584 |                                 unittest.signals
import time:       296 |        879 |                               unittest.runner
import time:       244 |       2292 |                             unittest.main
import time:       448 |       6008 |                           unittest
import time:       345 |        345 |                           numpy.testing._private
import time:       160 |        160 |                           numpy.testing.overrides
import time:       248 |        248 |                                 glob
import time:      2022 |       2269 |                               pathlib._abc
import time:        81 |         81 |                                   _winapi
import time:        51 |         51 |                                   nt
import time:        50 |         50 |                                   nt
import time:        46 |         46 |                                   nt
import time:        42 |         42 |                                   nt
import time:        42 |         42 |                                   nt
import time:        39 |         39 |                                   nt
import time:        39 |         39 |                                   nt
import time:       160 |        546 |                                 ntpath
import time:        30 |         30 |                                 pwd
import time:       887 |        887 |                                 grp
import time:       362 |       1824 |                               pathlib._local
import time:        92 |       4184 |                             pathlib
import time:       214 |       4398 |                           numpy.testing._private.extbuild
import time:        28 |         28 |                             gc
import time:       874 |        874 |                                     _json
import time:       227 |       1101 |                                   json.scanner
import time:       362 |       1462 |                                 json.decoder
import time:       247 |        247 |                                 json.encoder
import time:       139 |       1847 |                               json
import time:       428 |        428 |                               email
import time:       229 |        229 |                                   zipfile._path.glob
import time:       498 |        726 |                                 zipfile._path
import time:      1010 |       1736 |                               zipfile
import time:       276 |        276 |                               importlib.metadata._meta
import time:       305 |        305 |                               importlib.metadata._collections
import time:       239 |        239 |                               importlib.metadata._functools
import time:        78 |         78 |                               importlib.metadata._itertools
import time:       374 |        374 |                                     tempfile
import time:       369 |        369 |                                     importlib.resources.abc
import time:       391 |       1133 |                                   importlib.resources._common
import time:       106 |        106 |                                   importlib.resources._functional
import time:       556 |       1794 |                                 importlib.resources
import time:       332 |       2125 |                               importlib.abc
import time:      1143 |       8174 |                             importlib.metadata
import time:      1246 |       9447 |                           numpy.testing._private.utils
import time:       330 |      20685 |                         numpy.testing
import time:       526 |        526 |                           numpy.f2py.diagnose
import time:       243 |        243 |                             numpy.f2py._backends
import time:       175 |        175 |                             numpy.f2py.__version__
import time:       293 |        293 |                               numpy.f2py.cfuncs
import time:       866 |       1159 |                             numpy.f2py.auxfuncs
import time:      1235 |       1235 |                               numpy.f2py.cb_rules
import time:       242 |        242 |                               numpy.f2py._isocbind
import time:       530 |        530 |                                 fileinput
import time:      1316 |       1316 |                                         charset_normalizer.constant
import time:      1793 |       1793 |                                           unicodedata
import time:       366 |       2159 |                                         charset_normalizer.utils
import time:      1813 |       5288 |                                       charset_normalizer.md
import time:      3423 |       8710 |                                     charset_normalizer.cd
import time:       457 |        457 |                                     charset_normalizer.models
import time:      1266 |       1266 |                                     _multibytecodec
import time:      8532 |      18963 |                                   charset_normalizer.api
import time:       302 |        302 |                                   charset_normalizer.legacy
import time:       183 |        183 |                                   charset_normalizer.version
import time:       444 |      19891 |                                 charset_normalizer
import time:      1030 |       1030 |                                 numpy.f2py.symbolic
import time:      6134 |      27583 |                               numpy.f2py.crackfortran
import time:       562 |      29621 |                             numpy.f2py.capi_maps
import time:       260 |        260 |                               numpy.f2py.func2subr
import time:       373 |        633 |                             numpy.f2py.f90mod_rules
import time:       326 |        326 |                               numpy.f2py.common_rules
import time:       264 |        264 |                               numpy.f2py.use_rules
import time:      2473 |       3062 |                             numpy.f2py.rules
import time:       346 |      35236 |                           numpy.f2py.f2py2e
import time:       349 |      36111 |                         numpy.f2py
import time:       182 |        182 |                         numpy.rec
import time:       636 |        636 |                           scipy._external.array_api_compat.common._aliases
import time:       234 |        234 |                           scipy._external.array_api_compat.numpy._typing
import time:       842 |       1711 |                         scipy._external.array_api_compat.numpy._aliases
import time:       243 |        243 |                         scipy._external.array_api_compat.numpy._info
import time:       475 |        475 |                           scipy._external.array_api_compat.common._linalg
import time:       373 |        847 |                         scipy._external.array_api_compat.numpy.linalg
import time:       232 |        232 |                           scipy._external.array_api_compat.common._fft
import time:       398 |        630 |                         scipy._external.array_api_compat.numpy.fft
import time:       720 |      97589 |                       scipy._external.array_api_compat.numpy
import time:       350 |        350 |                             scipy._external.array_api_extra._lib
import time:       281 |        281 |                                 scipy._external.array_api_extra._lib._utils
import time:       165 |        165 |                                       scipy._lib._sparse
import time:       290 |        455 |                                     scipy._lib._array_api_override
import time:       214 |        668 |                                   scipy._external._array_api_compat_vendor
import time:       203 |        870 |                                 scipy._external.array_api_extra._lib._utils._compat
import time:       176 |        176 |                                   scipy._external.array_api_extra._lib._utils._typing
import time:       391 |        566 |                                 scipy._external.array_api_extra._lib._utils._helpers
import time:       342 |       2058 |                               scipy._external.array_api_extra._lib._at
import time:       554 |       2611 |                             scipy._external.array_api_extra._lib._funcs
import time:       367 |       3327 |                           scipy._external.array_api_extra._delegation
import time:       243 |        243 |                           scipy._external.array_api_extra._lib._lazy
import time:       240 |       3809 |                         scipy._external.array_api_extra
import time:       335 |       4144 |                       scipy._external.array_api_extra.testing
import time:       438 |        438 |                           pkgutil
import time:       299 |        299 |                             urllib
import time:      1094 |       1094 |                             ipaddress
import time:       874 |       2265 |                           urllib.parse
import time:       251 |        251 |                             _pyrepl
import time:       587 |        838 |                           _pyrepl.pager
import time:      1106 |       4645 |                         pydoc
import time:       849 |       5493 |                       scipy._lib._docscrape
import time:       946 |     111682 |                     scipy._lib._array_api
import time:       533 |     112214 |                   scipy._lib._util
import time:       599 |     119739 |                 scipy.linalg._misc
import time:      2104 |       2104 |                 scipy.linalg._cythonized_array_utils
import time:      1850 |       1850 |                   scipy.linalg._decomp
import time:       620 |        620 |                   scipy.linalg._decomp_svd
import time:      1753 |       1753 |                   scipy.linalg._solve_toeplitz
import time:      1535 |       5756 |                 scipy.linalg._basic
import time:       405 |        405 |                 scipy.linalg._decomp_lu
import time:       465 |        465 |                 scipy.linalg._decomp_ldl
import time:       484 |        484 |                 scipy.linalg._decomp_cholesky
import time:       265 |        265 |                   scipy._lib.deprecation
import time:       464 |        728 |                 scipy.linalg._decomp_qr
import time:       704 |        704 |                 scipy.linalg._decomp_qz
import time:       637 |        637 |                 scipy.linalg._decomp_schur
import time:       332 |        332 |                 scipy.linalg._decomp_polar
import time:       480 |        480 |                   scipy.linalg._expm_frechet
import time:      1767 |       1767 |                   scipy.linalg._internal_matfuncs
import time:      1912 |       1912 |                   scipy.linalg._linalg_pythran
import time:      1058 |       5216 |                 scipy.linalg._matfuncs
import time:       618 |        618 |                 scipy.linalg._special_matrices
import time:       621 |        621 |                 scipy.linalg._solvers
import time:       527 |        527 |                 scipy.linalg._procrustes
import time:      2109 |       2109 |                   scipy.linalg.cython_blas
import time:      2870 |       2870 |                   scipy.linalg.cython_lapack
import time:      2347 |       7324 |                 scipy.linalg._decomp_update
import time:       646 |        646 |                 scipy.linalg._sketches
import time:       269 |        269 |                 scipy.linalg._decomp_cossin
import time:       164 |        164 |                 scipy.linalg.decomp
import time:       142 |        142 |                 scipy.linalg.decomp_cholesky
import time:       178 |        178 |                 scipy.linalg.decomp_lu
import time:       637 |        637 |                 scipy.linalg.decomp_qr
import time:        74 |         74 |                 scipy.linalg.decomp_svd
import time:        83 |         83 |                 scipy.linalg.decomp_schur
import time:       178 |        178 |                 scipy.linalg.basic
import time:       217 |        217 |                 scipy.linalg.misc
import time:       568 |        568 |                 scipy.linalg.special_matrices
import time:        88 |         88 |                 scipy.linalg.matfuncs
import time:       632 |     149525 |               scipy.linalg
import time:        13 |     149538 |             scipy.linalg.cython_lapack
import time:      1274 |     150811 |           scipy.special._ellip_harm_2
import time:      3071 |       3071 |           scipy.special._special_ufuncs
import time:      1667 |       1667 |           scipy.special._gufuncs
import time:      3088 |     159949 |         scipy.special._ufuncs
import time:       180 |        180 |           scipy.special._input_validation
import time:      1553 |       1553 |           scipy.special._specfun
import time:      1456 |       1456 |           scipy.special._comb
import time:       565 |       3753 |         scipy.special._basic
import time:       214 |        214 |             scipy.special._ufunc_tools
import time:       310 |        524 |           scipy.special._spfun_stats
import time:     13789 |      14312 |         scipy.special._support_alternative_backends
import time:       842 |        842 |         scipy.special._logsumexp
import time:       402 |        402 |         scipy.special._multiufuncs
import time:       423 |        423 |         scipy.special._orthogonal
import time:       104 |        104 |         scipy.special._ellip_harm
import time:       157 |        157 |         scipy.special._lambertw
import time:       201 |        201 |         scipy.special._spherical_bessel
import time:       194 |        194 |         scipy.special.add_newdocs
import time:       216 |        216 |         scipy.special.basic
import time:       579 |        579 |         scipy.special.orthogonal
import time:        88 |         88 |         scipy.special.specfun
import time:       148 |        148 |         scipy.special.sf_error
import time:       141 |        141 |         scipy.special.spfun_stats
import time:       557 |     182640 |       scipy.special
import time:      2058 |       2058 |           scipy.interpolate._fitpack
import time:       661 |       2718 |         scipy.interpolate._fitpack_impl
import time:       393 |        393 |                     scipy.sparse._sputils
import time:       288 |        288 |                     scipy.sparse._matrix
import time:      2584 |       3265 |                   scipy.sparse._base
import time:      1993 |       1993 |                     scipy.sparse._sparsetools
import time:       271 |        271 |                       scipy.sparse._data
import time:       248 |        248 |                       scipy.sparse._index
import time:       395 |        913 |                     scipy.sparse._compressed
import time:       375 |       3280 |                   scipy.sparse._csr
import time:       215 |        215 |                   scipy.sparse._csc
import time:      1892 |       1892 |                     scipy.sparse._csparsetools
import time:       296 |       2188 |                   scipy.sparse._lil
import time:       406 |        406 |                   scipy.sparse._dok
import time:       555 |        555 |                   scipy.sparse._coo
import time:       340 |        340 |                   scipy.sparse._dia
import time:       328 |        328 |                   scipy.sparse._bsr
import time:       931 |        931 |                   scipy.sparse._construct
import time:       209 |        209 |                   scipy.sparse._extract
import time:       168 |        168 |                   scipy.sparse._matrix_io
import time:       127 |        127 |                   scipy.sparse.base
import time:       144 |        144 |                   scipy.sparse.bsr
import time:       141 |        141 |                   scipy.sparse.compressed
import time:       134 |        134 |                   scipy.sparse.construct
import time:       129 |        129 |                   scipy.sparse.coo
import time:       129 |        129 |                   scipy.sparse.csc
import time:       155 |        155 |                   scipy.sparse.csr
import time:       505 |        505 |                   scipy.sparse.data
import time:        96 |         96 |                   scipy.sparse.dia
import time:       143 |        143 |                   scipy.sparse.dok
import time:       176 |        176 |                   scipy.sparse.extract
import time:       759 |        759 |                   scipy.sparse.lil
import time:        77 |         77 |                   scipy.sparse.sparsetools
import time:       201 |        201 |                   scipy.sparse.sputils
import time:       594 |      15384 |                 scipy.sparse
import time:       809 |        809 |                     scipy.sparse.linalg._interface
import time:       198 |        198 |                     scipy.sparse.linalg._isolve.utils
import time:      1217 |       2223 |                   scipy.sparse.linalg._isolve.iterative
import time:       554 |        554 |                   scipy.sparse.linalg._isolve.minres
import time:       420 |        420 |                     scipy.sparse.linalg._isolve._gcrotmk
import time:       435 |        854 |                   scipy.sparse.linalg._isolve.lgmres
import time:       265 |        265 |                   scipy.sparse.linalg._isolve.lsqr
import time:       193 |        193 |                   scipy.sparse.linalg._isolve.lsmr
import time:       336 |        336 |                   scipy.sparse.linalg._isolve.tfqmr
import time:       342 |       4764 |                 scipy.sparse.linalg._isolve
import time:      1943 |       1943 |                     scipy.sparse.linalg._dsolve._superlu
import time:        57 |         57 |                       scikits
import time:        10 |         67 |                     scikits.umfpack
import time:       450 |       2459 |                   scipy.sparse.linalg._dsolve.linsolve
import time:       171 |        171 |                   scipy.sparse.linalg._dsolve._add_newdocs
import time:       264 |       2893 |                 scipy.sparse.linalg._dsolve
import time:      1569 |       1569 |                       scipy.sparse.linalg._eigen.arpack._arpacklib
import time:       458 |       2026 |                     scipy.sparse.linalg._eigen.arpack.arpack
import time:       307 |       2332 |                   scipy.sparse.linalg._eigen.arpack
import time:       614 |        614 |                     scipy.sparse.linalg._eigen.lobpcg.lobpcg
import time:       308 |        921 |                   scipy.sparse.linalg._eigen.lobpcg
import time:      1939 |       1939 |                       scipy.sparse.linalg._propack
import time:       246 |       2185 |                     scipy.sparse.linalg._svdp
import time:       805 |       2989 |                   scipy.sparse.linalg._eigen._svds
import time:       362 |       6603 |                 scipy.sparse.linalg._eigen
import time:       211 |        211 |                     scipy.sparse.linalg._onenormest
import time:       331 |        542 |                   scipy.sparse.linalg._expm_multiply
import time:       434 |        975 |                 scipy.sparse.linalg._matfuncs
import time:       177 |        177 |                 scipy.sparse.linalg._norm
import time:       203 |        203 |                 scipy.sparse.linalg._funm_multiply_krylov
import time:       311 |        311 |                 scipy.sparse.linalg._special_sparse_arrays
import time:       151 |        151 |                 scipy.sparse.linalg.isolve
import time:       144 |        144 |                 scipy.sparse.linalg.dsolve
import time:       174 |        174 |                 scipy.sparse.linalg.interface
import time:       404 |        404 |                 scipy.sparse.linalg.eigen
import time:        84 |         84 |                 scipy.sparse.linalg.matfuncs
import time:       401 |      32661 |               scipy.sparse.linalg
import time:       367 |        367 |                 scipy.optimize._dcsrch
import time:       248 |        615 |               scipy.optimize._linesearch
import time:      1832 |       1832 |                 scipy.optimize._group_columns
import time:       462 |       2293 |               scipy.optimize._numdiff
import time:       318 |        318 |                 scipy.optimize._hessian_update_strategy
import time:       499 |        816 |               scipy.optimize._differentiable_functions
import time:      1711 |      38094 |             scipy.optimize._optimize
import time:       228 |        228 |                 scipy.optimize._trustregion
import time:       194 |        421 |               scipy.optimize._trustregion_dogleg
import time:       188 |        188 |               scipy.optimize._trustregion_ncg
import time:      2112 |       2112 |                     scipy._lib.messagestream
import time:      1864 |       3975 |                   scipy.optimize._trlib._trlib
import time:        88 |       4063 |                 scipy.optimize._trlib
import time:        94 |       4156 |               scipy.optimize._trustregion_krylov
import time:       233 |        233 |               scipy.optimize._trustregion_exact
import time:       470 |        470 |                   scipy.optimize._constraints
import time:        91 |         91 |                         sksparse
import time:        26 |        116 |                       sksparse.cholmod
import time:       211 |        326 |                     scipy.optimize._trustregion_constr.projections
import time:       221 |        221 |                     scipy.optimize._trustregion_constr.qp_subproblem
import time:       228 |        775 |                   scipy.optimize._trustregion_constr.equality_constrained_sqp
import time:       233 |        233 |                   scipy.optimize._trustregion_constr.canonical_constraint
import time:       228 |        228 |                   scipy.optimize._trustregion_constr.tr_interior_point
import time:       279 |        279 |                   scipy.optimize._trustregion_constr.report
import time:       440 |       2423 |                 scipy.optimize._trustregion_constr.minimize_trustregion_constr
import time:       293 |       2715 |               scipy.optimize._trustregion_constr
import time:      1953 |       1953 |                 scipy.optimize._lbfgsb
import time:       317 |       2270 |               scipy.optimize._lbfgsb_py
import time:      1766 |       1766 |                 scipy.optimize._moduleTNC
import time:       263 |       2028 |               scipy.optimize._tnc
import time:       344 |        344 |               scipy.optimize._cobyla_py
import time:       161 |        161 |               scipy.optimize._cobyqa_py
import time:      1781 |       1781 |                 scipy.optimize._slsqplib
import time:       257 |       2037 |               scipy.optimize._slsqp_py
import time:       362 |      14910 |             scipy.optimize._minimize
import time:      1545 |       1545 |                 scipy.optimize._minpack
import time:       250 |        250 |                       scipy.optimize._lsq.common
import time:       218 |        467 |                     scipy.optimize._lsq.trf
import time:       195 |        195 |                     scipy.optimize._lsq.dogbox
import time:       331 |        992 |                   scipy.optimize._lsq.least_squares
import time:      1580 |       1580 |                       scipy.optimize._lsq.givens_elimination
import time:       179 |       1759 |                     scipy.optimize._lsq.trf_linear
import time:       192 |        192 |                     scipy.optimize._lsq.bvls
import time:       195 |       2145 |                   scipy.optimize._lsq.lsq_linear
import time:       242 |       3378 |                 scipy.optimize._lsq
import time:       458 |       5380 |               scipy.optimize._minpack_py
import time:       280 |        280 |               scipy.optimize._spectral
import time:      1077 |       1077 |               scipy.optimize._nonlin
import time:       310 |       7046 |             scipy.optimize._root
import time:      1699 |       1699 |                 scipy.optimize._zeros
import time:       341 |       2040 |               scipy.optimize._zeros_py
import time:       277 |       2316 |             scipy.optimize._root_scalar
import time:       209 |        209 |             scipy.optimize._nnls
import time:      1136 |       1136 |             scipy.optimize._basinhopping
import time:       149 |        149 |                   scipy.optimize._highspy
import time:      8798 |       8798 |                   scipy.optimize._highspy._core
import time:      1996 |       1996 |                   scipy.optimize._highspy._highs_options
import time:       400 |      11341 |                 scipy.optimize._highspy._highs_wrapper
import time:       224 |      11565 |               scipy.optimize._linprog_highs
import time:        62 |         62 |                               uarray
import time:      1897 |       1897 |                                   scipy._lib._uarray._uarray
import time:       387 |       2283 |                                 scipy._lib._uarray._backend
import time:       263 |       2546 |                               scipy._lib._uarray
import time:       208 |       2815 |                             scipy._lib.uarray
import time:      4505 |       7320 |                           scipy.fft._basic
import time:      1957 |       1957 |                           scipy.fft._realtransforms
import time:       336 |        336 |                             scipy.fft._fftlog_backend
import time:       628 |        964 |                           scipy.fft._fftlog
import time:      3302 |       3302 |                                 scipy.fft._duccfft.pyduccfft
import time:       453 |        453 |                                 scipy.fft._duccfft.helper
import time:       280 |       4034 |                               scipy.fft._duccfft.basic
import time:       156 |        156 |                               scipy.fft._duccfft.realtransforms
import time:       292 |       4482 |                             scipy.fft._duccfft
import time:       943 |       5424 |                           scipy.fft._helper
import time:       114 |        114 |                             scipy.fft._basic_backend
import time:       152 |        152 |                             scipy.fft._realtransforms_backend
import time:       616 |        881 |                           scipy.fft._backend
import time:       417 |      16961 |                         scipy.fft
import time:      2186 |      19146 |                       scipy.linalg._decomp_interpolative
import time:       220 |      19365 |                     scipy.linalg.interpolative
import time:       217 |      19582 |                   scipy.optimize._remove_redundancy
import time:       395 |      19976 |                 scipy.optimize._linprog_util
import time:        70 |         70 |                 sksparse
import time:        37 |         37 |                   scikits
import time:         8 |         45 |                 scikits.umfpack
import time:       324 |      20413 |               scipy.optimize._linprog_ip
import time:       262 |        262 |               scipy.optimize._linprog_simplex
import time:      2274 |       2274 |                 scipy.optimize._bglu_dense
import time:       271 |       2545 |               scipy.optimize._linprog_rs
import time:       267 |        267 |               scipy.optimize._linprog_doc
import time:       301 |      35351 |             scipy.optimize._linprog
import time:      1742 |       1742 |             scipy.optimize._lsap
import time:      1918 |       1918 |             scipy.optimize._differentialevolution
import time:      1986 |       1986 |               scipy.optimize._pava_pybind
import time:       410 |       2396 |             scipy.optimize._isotonic
import time:      2621 |       2621 |                 scipy.spatial._ckdtree
import time:      2272 |       2272 |                   scipy.spatial._hausdorff
import time:      3861 |       3861 |                   scipy.spatial._distance_pybind
import time:      2247 |       2247 |                   scipy.spatial._distance_wrap
import time:      1662 |      10041 |                 scipy.spatial.distance
import time:       815 |      13476 |               scipy.spatial._kdtree
import time:      2814 |       2814 |               scipy.spatial._qhull
import time:      1994 |       1994 |                 scipy.spatial._voronoi
import time:       376 |       2370 |               scipy.spatial._spherical_voronoi
import time:       326 |        326 |               scipy.spatial._plotutils
import time:       176 |        176 |               scipy.spatial._procrustes
import time:       175 |        175 |               scipy.spatial._geometric_slerp
import time:       165 |        165 |               scipy.spatial.ckdtree
import time:       143 |        143 |               scipy.spatial.kdtree
import time:       132 |        132 |               scipy.spatial.qhull
import time:      3043 |       3043 |                   scipy.spatial.transform._rotation_cy
import time:       480 |        480 |                   scipy.spatial.transform._rotation_xp
import time:      2305 |       2305 |                       scipy.constants._codata
import time:       684 |        684 |                       scipy.constants._constants
import time:       352 |        352 |                       scipy.constants.codata
import time:       216 |        216 |                       scipy.constants.constants
import time:       686 |       4240 |                     scipy.constants
import time:       219 |       4459 |                   scipy.spatial.transform._rotation_groups
import time:      1653 |       9634 |                 scipy.spatial.transform._rotation
import time:      2394 |       2394 |                   scipy.spatial.transform._rigid_transform_cy
import time:       281 |        281 |                   scipy.spatial.transform._rigid_transform_xp
import time:       994 |       3668 |                 scipy.spatial.transform._rigid_transform
import time:       278 |        278 |                 scipy.spatial.transform._rotation_spline
import time:        94 |         94 |                 scipy.spatial.transform.rotation
import time:       265 |      13937 |               scipy.spatial.transform
import time:       156 |        156 |                 scipy.optimize._shgo_lib
import time:      4032 |       4032 |                   _decimal
import time:       197 |       4228 |                 decimal
import time:       550 |        550 |                 scipy.optimize._shgo_lib._vertex
import time:       354 |       5286 |               scipy.optimize._shgo_lib._complex
import time:       872 |      39866 |             scipy.optimize._shgo
import time:      1240 |       1240 |             scipy.optimize._dual_annealing
import time:       271 |        271 |             scipy.optimize._qap
import time:      2120 |       2120 |               scipy.optimize._direct
import time:       304 |       2424 |             scipy.optimize._direct_py
import time:       297 |        297 |             scipy.optimize._milp
import time:       188 |        188 |             scipy.optimize.cobyla
import time:       147 |        147 |             scipy.optimize.lbfgsb
import time:       171 |        171 |             scipy.optimize.linesearch
import time:       410 |        410 |             scipy.optimize.minpack
import time:        83 |         83 |             scipy.optimize.minpack2
import time:       143 |        143 |             scipy.optimize.moduleTNC
import time:        92 |         92 |             scipy.optimize.nonlin
import time:       159 |        159 |             scipy.optimize.optimize
import time:       167 |        167 |             scipy.optimize.slsqp
import time:       144 |        144 |             scipy.optimize.tnc
import time:       140 |        140 |             scipy.optimize.zeros
import time:       555 |     151600 |           scipy.optimize
import time:      2261 |       2261 |           scipy.interpolate._dierckx
import time:      1566 |     155426 |         scipy.interpolate._bsplines
import time:      1923 |     160066 |       scipy.interpolate._fitpack_py
import time:       557 |        557 |       scipy.interpolate._polyint
import time:      2163 |       2163 |       scipy.interpolate._ppoly
import time:      2147 |       2147 |       scipy.interpolate._interpnd
import time:      1636 |     349206 |     scipy.interpolate._interpolate
import time:      2479 |       2479 |     scipy.interpolate._fitpack2
import time:       582 |        582 |     scipy.interpolate._rbf
import time:       148 |        148 |         scipy.interpolate._rbfinterp_common
import time:      2444 |       2444 |         scipy.interpolate._rbfinterp_pythran
import time:       244 |       2835 |       scipy.interpolate._rbfinterp_np
import time:       270 |        270 |       scipy.interpolate._rbfinterp_xp
import time:       725 |       3828 |     scipy.interpolate._rbfinterp
import time:      1443 |       1443 |     scipy.interpolate._cubic
import time:       296 |        296 |     scipy.interpolate._ndgriddata
import time:      1138 |       1138 |     scipy.interpolate._fitpack_repro
import time:       306 |        306 |     scipy.interpolate._pade
import time:      1811 |       1811 |       scipy.interpolate._rgi_cython
import time:       679 |        679 |       scipy.interpolate._ndbspline
import time:       742 |       3231 |     scipy.interpolate._rgi
import time:       325 |        325 |     scipy.interpolate._bary_rational
import time:       166 |        166 |     scipy.interpolate.fitpack
import time:       166 |        166 |     scipy.interpolate.fitpack2
import time:       150 |        150 |     scipy.interpolate.interpolate
import time:       161 |        161 |     scipy.interpolate.ndgriddata
import time:       217 |        217 |     scipy.interpolate.polyint
import time:       298 |        298 |     scipy.interpolate.rbf
import time:       133 |        133 |     scipy.interpolate.interpnd
import time:       491 |     452733 |   scipy.interpolate
import time:        12 |     452745 | scipy.interpolate._rgi
isolated scipy import passed
