Command line invocation:
    /Applications/Xcode.app/Contents/Developer/usr/bin/xcodebuild test-without-building -project NativeOSFocus/NativeOSFocus.xcodeproj -scheme NativeOSFocus -destination "platform=tvOS Simulator,id=9026ECA9-77DB-4AE6-8FE6-BB239E9571FA" -destination-timeout 20 -derivedDataPath /Users/josephmccraw/Documents/GitHub/NativeUIAuditKit/.build/native-os-focus/DerivedData -resultBundlePath /Users/josephmccraw/Documents/GitHub/NativeUIAuditKit/reports/work/FOCUS-EXP-01/general-02/result.xcresult -parallel-testing-enabled NO -maximum-concurrent-test-simulator-destinations 1 -test-timeouts-enabled YES -default-test-execution-time-allowance 300 -maximum-test-execution-time-allowance 300 "-only-testing:NativeOSFocusTests/NativeOSFocusTests/testGeneralLearningSweep" -disableAutomaticPackageResolution CODE_SIGNING_ALLOWED=NO

Build settings from command line:
    CODE_SIGNING_ALLOWED = NO

Writing result bundle at path:
	/Users/josephmccraw/Documents/GitHub/NativeUIAuditKit/reports/work/FOCUS-EXP-01/general-02/result.xcresult

2026-09-22 08:45:43.539256-0700 NativeOSFocusTests-Runner[70253:5157079] [Default] Running tests...
Test Suite 'Selected tests' started at 2026-09-22 08:45:43.656.
Test Suite 'NativeOSFocusTests.xctest' started at 2026-09-22 08:45:43.656.
Test Suite 'NativeOSFocusTests' started at 2026-09-22 08:45:43.656.
Test Case '-[NativeOSFocusTests.NativeOSFocusTests testGeneralLearningSweep]' started.
    t =     0.00s Start Test at 2026-09-22 08:45:43.657
    t =     0.02s Set Up
    t =     0.03s Open com.apple.TVSettings
    t =     0.03s     Launch com.apple.TVSettings
    t =     0.60s         Wait for accessibility to load
    t =     0.61s         Setting up automation session
    t =     0.96s         Wait for com.apple.TVSettings to idle
    t =     2.42s Wait for com.apple.TVSettings to become Running Foreground
    t =     2.42s Get number of matches for: Descendants matching type Alert
2026-09-22 08:45:46.101198-0700 NativeOSFocusTests-Runner[70253:5157119] [Common] Snapshot request 0x600000c140f0 complete with error: <NSError: 0x600000c5cf00; domain: FBSSceneSnapshotErrorDomain; code: 4; "an unrelated condition or state was not satisfied"> {
    NSLocalizedDescription = an error occurred during a scene snapshotting operation;
}
2026-09-22 08:45:46.109261-0700 NativeOSFocusTests-Runner[70253:5157119] [Common] Snapshot request 0x600000c52f40 complete with error: <NSError: 0x600000c53060; domain: FBSSceneSnapshotErrorDomain; code: 4; "an unrelated condition or state was not satisfied"> {
    NSLocalizedDescription = an error occurred during a scene snapshotting operation;
}
    t =     2.46s Find the Application 'com.apple.TVSettings'
    t =     2.70s Get number of matches for: Descendants matching type Alert
    t =     2.72s Find the Application 'com.apple.TVSettings'
    t =     2.75s Get number of matches for: Descendants matching type Alert
    t =     2.76s Find the Application 'com.apple.TVSettings'
    t =     2.99s Get number of matches for: Descendants matching type Alert
    t =     3.01s Find the Application 'com.apple.TVSettings'
    t =     3.04s Pressing Select button
    t =     3.26s Get number of matches for: Descendants matching type Alert
    t =     3.30s Find the Application 'com.apple.TVSettings'
    t =     3.56s Get number of matches for: Descendants matching type Alert
    t =     3.59s Find the Application 'com.apple.TVSettings'
    t =     3.85s Get number of matches for: Descendants matching type Alert
    t =     3.88s Find the Application 'com.apple.TVSettings'
    t =     4.15s Get number of matches for: Descendants matching type Alert
    t =     4.19s Find the Application 'com.apple.TVSettings'
    t =     4.25s Get number of matches for: Descendants matching type Alert
    t =     4.26s Find the Application 'com.apple.TVSettings'
    t =     4.52s Get number of matches for: Descendants matching type Alert
    t =     4.56s Find the Application 'com.apple.TVSettings'
    t =     4.91s Added attachment named '000-start.png'
    t =     4.92s Get number of matches for: Descendants matching type Alert
    t =     4.94s Find the Application 'com.apple.TVSettings'
2026-09-22 08:45:48.644056-0700 NativeOSFocusTests-Runner[70253:5157079] [NativeOSFocusTests-Runner] buildPluginList:834: *** ERROR: failed to load 'RawCamera' bundle: 'dlopen(/System/Library/CoreServices/RawCamera.bundle/Contents/MacOS/RawCamera, 0x0101): tried: '/Users/josephmccraw/Documents/GitHub/NativeUIAuditKit/.build/native-os-focus/DerivedData/Build/Products/Debug-appletvsimulator/RawCamera' (no such file), '/Applications/Xcode.app/Contents/Developer/Platforms/AppleTVSimulator.platform/Developer/usr/lib/RawCamera' (no such file), '/Users/josephmccraw/Documents/GitHub/NativeUIAuditKit/.build/native-os-focus/DerivedData/Build/Products/Debug-appletvsimulator/RawCamera' (no such file), '/Applications/Xcode.app/Contents/Developer/Platforms/AppleTVSimulator.platform/Developer/usr/lib/RawCamera' (no such file), '/Library/Developer/CoreSimulator/Volumes/tvOS_23L470/Library/Developer/CoreSimulator/Profiles/Runtimes/tvOS 26.5.simruntime/Contents/Resources/RuntimeRoot/System/Library/CoreServices/RawCamera.bundle/Contents/MacOS/RawCamera' (no such file), '/System/Library/CoreServices/RawCamera.bundle/Contents/MacOS/RawCamera' (no such file, not in dyld cache)'
    t =     4.99s Added attachment named '000-start.json'
    t =     4.99s Get number of matches for: Descendants matching type Alert
    t =     5.01s Find the Application 'com.apple.TVSettings'
    t =     5.28s Get number of matches for: Descendants matching type Alert
    t =     5.30s Find the Application 'com.apple.TVSettings'
    t =     5.35s Pressing Up button
    t =     5.57s Get number of matches for: Descendants matching type Alert
    t =     5.60s Find the Application 'com.apple.TVSettings'
    t =     5.86s Get number of matches for: Descendants matching type Alert
    t =     5.89s Find the Application 'com.apple.TVSettings'
    t =     6.25s Added attachment named '001.png'
    t =     6.26s Get number of matches for: Descendants matching type Alert
    t =     6.28s Find the Application 'com.apple.TVSettings'
    t =     6.33s Added attachment named '001.json'
    t =     6.33s Get number of matches for: Descendants matching type Alert
    t =     6.35s Find the Application 'com.apple.TVSettings'
    t =     6.60s Get number of matches for: Descendants matching type Alert
    t =     6.63s Find the Application 'com.apple.TVSettings'
    t =     6.69s Pressing Down button
    t =     6.90s Get number of matches for: Descendants matching type Alert
    t =     6.93s Find the Application 'com.apple.TVSettings'
    t =     7.18s Get number of matches for: Descendants matching type Alert
    t =     7.21s Find the Application 'com.apple.TVSettings'
    t =     7.58s Added attachment named '002.png'
    t =     7.58s Get number of matches for: Descendants matching type Alert
    t =     7.60s Find the Application 'com.apple.TVSettings'
    t =     7.65s Added attachment named '002.json'
    t =     7.65s Get number of matches for: Descendants matching type Alert
    t =     7.67s Find the Application 'com.apple.TVSettings'
    t =     7.93s Get number of matches for: Descendants matching type Alert
    t =     7.96s Find the Application 'com.apple.TVSettings'
    t =     8.01s Pressing Down button
    t =     8.23s Get number of matches for: Descendants matching type Alert
    t =     8.26s Find the Application 'com.apple.TVSettings'
    t =     8.51s Get number of matches for: Descendants matching type Alert
    t =     8.54s Find the Application 'com.apple.TVSettings'
    t =     8.91s Added attachment named '003.png'
    t =     8.91s Get number of matches for: Descendants matching type Alert
    t =     8.93s Find the Application 'com.apple.TVSettings'
    t =     8.98s Added attachment named '003.json'
    t =     8.98s Get number of matches for: Descendants matching type Alert
    t =     9.00s Find the Application 'com.apple.TVSettings'
    t =     9.25s Get number of matches for: Descendants matching type Alert
    t =     9.29s Find the Application 'com.apple.TVSettings'
    t =     9.34s Pressing Down button
    t =     9.55s Get number of matches for: Descendants matching type Alert
    t =     9.58s Find the Application 'com.apple.TVSettings'
    t =     9.84s Get number of matches for: Descendants matching type Alert
    t =     9.87s Find the Application 'com.apple.TVSettings'
    t =    10.24s Added attachment named '004.png'
    t =    10.24s Get number of matches for: Descendants matching type Alert
    t =    10.26s Find the Application 'com.apple.TVSettings'
    t =    10.31s Added attachment named '004.json'
    t =    10.31s Get number of matches for: Descendants matching type Alert
    t =    10.33s Find the Application 'com.apple.TVSettings'
    t =    10.58s Get number of matches for: Descendants matching type Alert
    t =    10.62s Find the Application 'com.apple.TVSettings'
    t =    10.67s Pressing Down button
    t =    10.88s Get number of matches for: Descendants matching type Alert
    t =    10.91s Find the Application 'com.apple.TVSettings'
    t =    11.16s Get number of matches for: Descendants matching type Alert
    t =    11.20s Find the Application 'com.apple.TVSettings'
    t =    11.56s Added attachment named '005.png'
    t =    11.56s Get number of matches for: Descendants matching type Alert
    t =    11.58s Find the Application 'com.apple.TVSettings'
    t =    11.63s Added attachment named '005.json'
    t =    11.63s Get number of matches for: Descendants matching type Alert
    t =    11.65s Find the Application 'com.apple.TVSettings'
    t =    11.90s Get number of matches for: Descendants matching type Alert
    t =    11.94s Find the Application 'com.apple.TVSettings'
    t =    11.99s Pressing Down button
    t =    12.20s Get number of matches for: Descendants matching type Alert
    t =    12.22s Find the Application 'com.apple.TVSettings'
    t =    12.48s Get number of matches for: Descendants matching type Alert
    t =    12.51s Find the Application 'com.apple.TVSettings'
    t =    12.87s Added attachment named '006.png'
    t =    12.87s Get number of matches for: Descendants matching type Alert
    t =    12.89s Find the Application 'com.apple.TVSettings'
    t =    12.94s Added attachment named '006.json'
    t =    12.94s Get number of matches for: Descendants matching type Alert
    t =    12.96s Find the Application 'com.apple.TVSettings'
    t =    13.21s Get number of matches for: Descendants matching type Alert
    t =    13.25s Find the Application 'com.apple.TVSettings'
    t =    13.30s Pressing Down button
    t =    13.51s Get number of matches for: Descendants matching type Alert
    t =    13.54s Find the Application 'com.apple.TVSettings'
    t =    13.79s Get number of matches for: Descendants matching type Alert
    t =    13.82s Find the Application 'com.apple.TVSettings'
    t =    14.19s Added attachment named '007.png'
    t =    14.19s Get number of matches for: Descendants matching type Alert
    t =    14.21s Find the Application 'com.apple.TVSettings'
    t =    14.26s Added attachment named '007.json'
    t =    14.26s Get number of matches for: Descendants matching type Alert
    t =    14.28s Find the Application 'com.apple.TVSettings'
    t =    14.53s Get number of matches for: Descendants matching type Alert
    t =    14.56s Find the Application 'com.apple.TVSettings'
    t =    14.61s Pressing Down button
    t =    14.83s Get number of matches for: Descendants matching type Alert
    t =    14.85s Find the Application 'com.apple.TVSettings'
    t =    15.11s Get number of matches for: Descendants matching type Alert
    t =    15.13s Find the Application 'com.apple.TVSettings'
    t =    15.50s Added attachment named '008.png'
    t =    15.50s Get number of matches for: Descendants matching type Alert
    t =    15.52s Find the Application 'com.apple.TVSettings'
    t =    15.57s Added attachment named '008.json'
    t =    15.57s Get number of matches for: Descendants matching type Alert
    t =    15.59s Find the Application 'com.apple.TVSettings'
    t =    15.84s Get number of matches for: Descendants matching type Alert
    t =    15.87s Find the Application 'com.apple.TVSettings'
    t =    15.92s Pressing Down button
    t =    16.14s Get number of matches for: Descendants matching type Alert
    t =    16.17s Find the Application 'com.apple.TVSettings'
    t =    16.42s Get number of matches for: Descendants matching type Alert
    t =    16.45s Find the Application 'com.apple.TVSettings'
    t =    16.71s Get number of matches for: Descendants matching type Alert
    t =    16.74s Find the Application 'com.apple.TVSettings'
    t =    16.99s Get number of matches for: Descendants matching type Alert
    t =    17.03s Find the Application 'com.apple.TVSettings'
    t =    17.39s Added attachment named '009.png'
    t =    17.39s Get number of matches for: Descendants matching type Alert
    t =    17.41s Find the Application 'com.apple.TVSettings'
    t =    17.46s Added attachment named '009.json'
    t =    17.46s Get number of matches for: Descendants matching type Alert
    t =    17.48s Find the Application 'com.apple.TVSettings'
    t =    17.73s Get number of matches for: Descendants matching type Alert
    t =    17.76s Find the Application 'com.apple.TVSettings'
    t =    17.81s Pressing Down button
    t =    18.03s Get number of matches for: Descendants matching type Alert
    t =    18.05s Find the Application 'com.apple.TVSettings'
    t =    18.30s Get number of matches for: Descendants matching type Alert
    t =    18.33s Find the Application 'com.apple.TVSettings'
    t =    18.59s Get number of matches for: Descendants matching type Alert
    t =    18.62s Find the Application 'com.apple.TVSettings'
    t =    18.88s Get number of matches for: Descendants matching type Alert
    t =    18.93s Find the Application 'com.apple.TVSettings'
    t =    19.19s Get number of matches for: Descendants matching type Alert
    t =    19.22s Find the Application 'com.apple.TVSettings'
    t =    19.58s Added attachment named '010.png'
    t =    19.59s Get number of matches for: Descendants matching type Alert
    t =    19.61s Find the Application 'com.apple.TVSettings'
    t =    19.65s Added attachment named '010.json'
    t =    19.65s Get number of matches for: Descendants matching type Alert
    t =    19.67s Find the Application 'com.apple.TVSettings'
    t =    19.92s Get number of matches for: Descendants matching type Alert
    t =    19.95s Find the Application 'com.apple.TVSettings'
    t =    20.00s Pressing Down button
    t =    20.22s Get number of matches for: Descendants matching type Alert
    t =    20.25s Find the Application 'com.apple.TVSettings'
    t =    20.52s Get number of matches for: Descendants matching type Alert
    t =    20.55s Find the Application 'com.apple.TVSettings'
    t =    20.82s Get number of matches for: Descendants matching type Alert
    t =    20.84s Find the Application 'com.apple.TVSettings'
    t =    21.09s Get number of matches for: Descendants matching type Alert
    t =    21.13s Find the Application 'com.apple.TVSettings'
    t =    21.38s Get number of matches for: Descendants matching type Alert
    t =    21.42s Find the Application 'com.apple.TVSettings'
    t =    21.77s Added attachment named '011.png'
    t =    21.77s Get number of matches for: Descendants matching type Alert
    t =    21.79s Find the Application 'com.apple.TVSettings'
    t =    21.84s Added attachment named '011.json'
    t =    21.84s Get number of matches for: Descendants matching type Alert
    t =    21.86s Find the Application 'com.apple.TVSettings'
    t =    22.11s Get number of matches for: Descendants matching type Alert
    t =    22.14s Find the Application 'com.apple.TVSettings'
    t =    22.20s Pressing Down button
    t =    22.41s Get number of matches for: Descendants matching type Alert
    t =    22.43s Find the Application 'com.apple.TVSettings'
    t =    22.69s Get number of matches for: Descendants matching type Alert
    t =    22.72s Find the Application 'com.apple.TVSettings'
    t =    22.98s Get number of matches for: Descendants matching type Alert
    t =    23.01s Find the Application 'com.apple.TVSettings'
    t =    23.26s Get number of matches for: Descendants matching type Alert
    t =    23.30s Find the Application 'com.apple.TVSettings'
    t =    23.55s Get number of matches for: Descendants matching type Alert
    t =    23.58s Find the Application 'com.apple.TVSettings'
    t =    23.94s Added attachment named '012.png'
    t =    23.94s Get number of matches for: Descendants matching type Alert
    t =    23.96s Find the Application 'com.apple.TVSettings'
    t =    24.01s Added attachment named '012.json'
    t =    24.01s Get number of matches for: Descendants matching type Alert
    t =    24.03s Find the Application 'com.apple.TVSettings'
    t =    24.28s Get number of matches for: Descendants matching type Alert
    t =    24.31s Find the Application 'com.apple.TVSettings'
    t =    24.36s Pressing Down button
    t =    24.58s Get number of matches for: Descendants matching type Alert
    t =    24.60s Find the Application 'com.apple.TVSettings'
    t =    24.85s Get number of matches for: Descendants matching type Alert
    t =    24.89s Find the Application 'com.apple.TVSettings'
    t =    25.15s Get number of matches for: Descendants matching type Alert
    t =    25.18s Find the Application 'com.apple.TVSettings'
    t =    25.44s Get number of matches for: Descendants matching type Alert
    t =    25.45s Find the Application 'com.apple.TVSettings'
    t =    25.81s Added attachment named '013.png'
    t =    25.81s Get number of matches for: Descendants matching type Alert
    t =    25.83s Find the Application 'com.apple.TVSettings'
    t =    25.88s Added attachment named '013.json'
    t =    25.88s Get number of matches for: Descendants matching type Alert
    t =    25.90s Find the Application 'com.apple.TVSettings'
    t =    26.15s Get number of matches for: Descendants matching type Alert
    t =    26.18s Find the Application 'com.apple.TVSettings'
    t =    26.23s Pressing Down button
    t =    26.44s Get number of matches for: Descendants matching type Alert
    t =    26.47s Find the Application 'com.apple.TVSettings'
    t =    26.72s Get number of matches for: Descendants matching type Alert
    t =    26.75s Find the Application 'com.apple.TVSettings'
    t =    27.01s Get number of matches for: Descendants matching type Alert
    t =    27.03s Find the Application 'com.apple.TVSettings'
    t =    27.29s Get number of matches for: Descendants matching type Alert
    t =    27.32s Find the Application 'com.apple.TVSettings'
    t =    27.57s Get number of matches for: Descendants matching type Alert
    t =    27.60s Find the Application 'com.apple.TVSettings'
    t =    27.95s Added attachment named '014.png'
    t =    27.96s Get number of matches for: Descendants matching type Alert
    t =    27.97s Find the Application 'com.apple.TVSettings'
    t =    28.02s Added attachment named '014.json'
    t =    28.03s Get number of matches for: Descendants matching type Alert
    t =    28.04s Find the Application 'com.apple.TVSettings'
    t =    28.29s Get number of matches for: Descendants matching type Alert
    t =    28.32s Find the Application 'com.apple.TVSettings'
    t =    28.37s Pressing Down button
    t =    28.59s Get number of matches for: Descendants matching type Alert
    t =    28.61s Find the Application 'com.apple.TVSettings'
    t =    28.87s Get number of matches for: Descendants matching type Alert
    t =    28.90s Find the Application 'com.apple.TVSettings'
    t =    29.15s Get number of matches for: Descendants matching type Alert
    t =    29.18s Find the Application 'com.apple.TVSettings'
    t =    29.44s Get number of matches for: Descendants matching type Alert
    t =    29.47s Find the Application 'com.apple.TVSettings'
    t =    29.82s Added attachment named '015.png'
    t =    29.83s Get number of matches for: Descendants matching type Alert
    t =    29.84s Find the Application 'com.apple.TVSettings'
    t =    29.89s Added attachment named '015.json'
    t =    29.89s Get number of matches for: Descendants matching type Alert
    t =    29.91s Find the Application 'com.apple.TVSettings'
    t =    30.16s Get number of matches for: Descendants matching type Alert
    t =    30.19s Find the Application 'com.apple.TVSettings'
    t =    30.24s Pressing Down button
    t =    30.45s Get number of matches for: Descendants matching type Alert
    t =    30.48s Find the Application 'com.apple.TVSettings'
    t =    30.73s Get number of matches for: Descendants matching type Alert
    t =    30.76s Find the Application 'com.apple.TVSettings'
    t =    31.02s Get number of matches for: Descendants matching type Alert
    t =    31.06s Find the Application 'com.apple.TVSettings'
    t =    31.32s Get number of matches for: Descendants matching type Alert
    t =    31.35s Find the Application 'com.apple.TVSettings'
    t =    31.71s Added attachment named '016.png'
    t =    31.71s Get number of matches for: Descendants matching type Alert
    t =    31.72s Find the Application 'com.apple.TVSettings'
    t =    31.77s Added attachment named '016.json'
    t =    31.77s Get number of matches for: Descendants matching type Alert
    t =    31.79s Find the Application 'com.apple.TVSettings'
    t =    32.04s Get number of matches for: Descendants matching type Alert
    t =    32.07s Find the Application 'com.apple.TVSettings'
    t =    32.12s Pressing Down button
    t =    32.33s Get number of matches for: Descendants matching type Alert
    t =    32.36s Find the Application 'com.apple.TVSettings'
    t =    32.61s Get number of matches for: Descendants matching type Alert
    t =    32.65s Find the Application 'com.apple.TVSettings'
    t =    32.90s Get number of matches for: Descendants matching type Alert
    t =    32.92s Find the Application 'com.apple.TVSettings'
    t =    33.18s Get number of matches for: Descendants matching type Alert
    t =    33.21s Find the Application 'com.apple.TVSettings'
    t =    33.57s Added attachment named '017.png'
    t =    33.57s Get number of matches for: Descendants matching type Alert
    t =    33.59s Find the Application 'com.apple.TVSettings'
    t =    33.64s Added attachment named '017.json'
    t =    33.64s Get number of matches for: Descendants matching type Alert
    t =    33.66s Find the Application 'com.apple.TVSettings'
    t =    33.90s Get number of matches for: Descendants matching type Alert
    t =    33.93s Find the Application 'com.apple.TVSettings'
    t =    33.98s Pressing Down button
    t =    34.20s Get number of matches for: Descendants matching type Alert
    t =    34.22s Find the Application 'com.apple.TVSettings'
    t =    34.49s Get number of matches for: Descendants matching type Alert
    t =    34.51s Find the Application 'com.apple.TVSettings'
    t =    34.77s Get number of matches for: Descendants matching type Alert
    t =    34.80s Find the Application 'com.apple.TVSettings'
    t =    35.05s Get number of matches for: Descendants matching type Alert
    t =    35.08s Find the Application 'com.apple.TVSettings'
    t =    35.34s Get number of matches for: Descendants matching type Alert
    t =    35.37s Find the Application 'com.apple.TVSettings'
    t =    35.73s Added attachment named '018.png'
    t =    35.73s Get number of matches for: Descendants matching type Alert
    t =    35.74s Find the Application 'com.apple.TVSettings'
    t =    35.79s Added attachment named '018.json'
    t =    35.79s Get number of matches for: Descendants matching type Alert
    t =    35.81s Find the Application 'com.apple.TVSettings'
    t =    36.06s Get number of matches for: Descendants matching type Alert
    t =    36.09s Find the Application 'com.apple.TVSettings'
    t =    36.14s Pressing Down button
    t =    36.36s Get number of matches for: Descendants matching type Alert
    t =    36.38s Find the Application 'com.apple.TVSettings'
    t =    36.63s Get number of matches for: Descendants matching type Alert
    t =    36.66s Find the Application 'com.apple.TVSettings'
    t =    36.93s Get number of matches for: Descendants matching type Alert
    t =    36.96s Find the Application 'com.apple.TVSettings'
    t =    37.21s Get number of matches for: Descendants matching type Alert
    t =    37.24s Find the Application 'com.apple.TVSettings'
    t =    37.61s Added attachment named '019.png'
    t =    37.61s Get number of matches for: Descendants matching type Alert
    t =    37.62s Find the Application 'com.apple.TVSettings'
    t =    37.67s Added attachment named '019.json'
    t =    37.67s Get number of matches for: Descendants matching type Alert
    t =    37.69s Find the Application 'com.apple.TVSettings'
    t =    37.94s Get number of matches for: Descendants matching type Alert
    t =    37.97s Find the Application 'com.apple.TVSettings'
    t =    38.02s Pressing Down button
    t =    38.23s Get number of matches for: Descendants matching type Alert
    t =    38.25s Find the Application 'com.apple.TVSettings'
    t =    38.50s Get number of matches for: Descendants matching type Alert
    t =    38.53s Find the Application 'com.apple.TVSettings'
    t =    38.79s Get number of matches for: Descendants matching type Alert
    t =    38.82s Find the Application 'com.apple.TVSettings'
    t =    39.08s Get number of matches for: Descendants matching type Alert
    t =    39.11s Find the Application 'com.apple.TVSettings'
    t =    39.37s Get number of matches for: Descendants matching type Alert
    t =    39.40s Find the Application 'com.apple.TVSettings'
    t =    39.76s Added attachment named '020.png'
    t =    39.76s Get number of matches for: Descendants matching type Alert
    t =    39.78s Find the Application 'com.apple.TVSettings'
    t =    39.82s Added attachment named '020.json'
    t =    39.82s Get number of matches for: Descendants matching type Alert
    t =    39.84s Find the Application 'com.apple.TVSettings'
    t =    40.09s Get number of matches for: Descendants matching type Alert
    t =    40.12s Find the Application 'com.apple.TVSettings'
    t =    40.17s Pressing Down button
    t =    40.39s Get number of matches for: Descendants matching type Alert
    t =    40.41s Find the Application 'com.apple.TVSettings'
    t =    40.68s Get number of matches for: Descendants matching type Alert
    t =    40.71s Find the Application 'com.apple.TVSettings'
    t =    40.96s Get number of matches for: Descendants matching type Alert
    t =    40.98s Find the Application 'com.apple.TVSettings'
    t =    41.24s Get number of matches for: Descendants matching type Alert
    t =    41.27s Find the Application 'com.apple.TVSettings'
    t =    41.52s Get number of matches for: Descendants matching type Alert
    t =    41.55s Find the Application 'com.apple.TVSettings'
    t =    41.91s Added attachment named '021.png'
    t =    41.91s Get number of matches for: Descendants matching type Alert
    t =    41.93s Find the Application 'com.apple.TVSettings'
    t =    41.98s Added attachment named '021.json'
    t =    41.98s Get number of matches for: Descendants matching type Alert
    t =    41.99s Find the Application 'com.apple.TVSettings'
    t =    42.24s Get number of matches for: Descendants matching type Alert
    t =    42.28s Find the Application 'com.apple.TVSettings'
    t =    42.32s Pressing Down button
    t =    42.54s Get number of matches for: Descendants matching type Alert
    t =    42.57s Find the Application 'com.apple.TVSettings'
    t =    42.82s Get number of matches for: Descendants matching type Alert
    t =    42.85s Find the Application 'com.apple.TVSettings'
    t =    43.11s Get number of matches for: Descendants matching type Alert
    t =    43.14s Find the Application 'com.apple.TVSettings'
    t =    43.40s Get number of matches for: Descendants matching type Alert
    t =    43.43s Find the Application 'com.apple.TVSettings'
    t =    43.79s Added attachment named '022.png'
    t =    43.79s Get number of matches for: Descendants matching type Alert
    t =    43.81s Find the Application 'com.apple.TVSettings'
    t =    43.86s Added attachment named '022.json'
    t =    43.86s Get number of matches for: Descendants matching type Alert
    t =    43.87s Find the Application 'com.apple.TVSettings'
    t =    44.12s Get number of matches for: Descendants matching type Alert
    t =    44.15s Find the Application 'com.apple.TVSettings'
    t =    44.20s Pressing Down button
    t =    44.42s Get number of matches for: Descendants matching type Alert
    t =    44.44s Find the Application 'com.apple.TVSettings'
    t =    44.70s Get number of matches for: Descendants matching type Alert
    t =    44.73s Find the Application 'com.apple.TVSettings'
    t =    44.98s Get number of matches for: Descendants matching type Alert
    t =    45.00s Find the Application 'com.apple.TVSettings'
    t =    45.26s Get number of matches for: Descendants matching type Alert
    t =    45.29s Find the Application 'com.apple.TVSettings'
    t =    45.54s Get number of matches for: Descendants matching type Alert
    t =    45.57s Find the Application 'com.apple.TVSettings'
    t =    45.93s Added attachment named '023.png'
    t =    45.93s Get number of matches for: Descendants matching type Alert
    t =    45.95s Find the Application 'com.apple.TVSettings'
    t =    46.00s Added attachment named '023.json'
    t =    46.00s Get number of matches for: Descendants matching type Alert
    t =    46.01s Find the Application 'com.apple.TVSettings'
    t =    46.26s Get number of matches for: Descendants matching type Alert
    t =    46.29s Find the Application 'com.apple.TVSettings'
    t =    46.34s Pressing Down button
    t =    46.56s Get number of matches for: Descendants matching type Alert
    t =    46.58s Find the Application 'com.apple.TVSettings'
    t =    46.83s Get number of matches for: Descendants matching type Alert
    t =    46.87s Find the Application 'com.apple.TVSettings'
    t =    47.12s Get number of matches for: Descendants matching type Alert
    t =    47.15s Find the Application 'com.apple.TVSettings'
    t =    47.39s Get number of matches for: Descendants matching type Alert
    t =    47.43s Find the Application 'com.apple.TVSettings'
    t =    47.68s Get number of matches for: Descendants matching type Alert
    t =    47.71s Find the Application 'com.apple.TVSettings'
    t =    48.07s Added attachment named '024.png'
    t =    48.07s Get number of matches for: Descendants matching type Alert
    t =    48.09s Find the Application 'com.apple.TVSettings'
    t =    48.14s Added attachment named '024.json'
    t =    48.14s Get number of matches for: Descendants matching type Alert
    t =    48.15s Find the Application 'com.apple.TVSettings'
    t =    48.40s Get number of matches for: Descendants matching type Alert
    t =    48.43s Find the Application 'com.apple.TVSettings'
    t =    48.48s Pressing Down button
    t =    48.70s Get number of matches for: Descendants matching type Alert
    t =    48.72s Find the Application 'com.apple.TVSettings'
    t =    48.97s Get number of matches for: Descendants matching type Alert
    t =    49.00s Find the Application 'com.apple.TVSettings'
    t =    49.35s Added attachment named '025.png'
    t =    49.36s Get number of matches for: Descendants matching type Alert
    t =    49.37s Find the Application 'com.apple.TVSettings'
    t =    49.42s Added attachment named '025.json'
    t =    49.42s Get number of matches for: Descendants matching type Alert
    t =    49.44s Find the Application 'com.apple.TVSettings'
    t =    49.69s Get number of matches for: Descendants matching type Alert
    t =    49.72s Find the Application 'com.apple.TVSettings'
    t =    49.77s Pressing Down button
    t =    49.98s Get number of matches for: Descendants matching type Alert
    t =    50.01s Find the Application 'com.apple.TVSettings'
    t =    50.27s Get number of matches for: Descendants matching type Alert
    t =    50.30s Find the Application 'com.apple.TVSettings'
    t =    50.66s Added attachment named '026.png'
    t =    50.66s Get number of matches for: Descendants matching type Alert
    t =    50.68s Find the Application 'com.apple.TVSettings'
    t =    50.73s Added attachment named '026.json'
    t =    50.73s Get number of matches for: Descendants matching type Alert
    t =    50.74s Find the Application 'com.apple.TVSettings'
    t =    50.79s Pressing Menu button
    t =    51.00s Get number of matches for: Descendants matching type Alert
    t =    51.02s Find the Application 'com.apple.TVSettings'
    t =    51.24s Get number of matches for: Descendants matching type Alert
    t =    51.27s Find the Application 'com.apple.TVSettings'
    t =    51.50s Get number of matches for: Descendants matching type Alert
    t =    51.53s Find the Application 'com.apple.TVSettings'
    t =    51.76s Get number of matches for: Descendants matching type Alert
    t =    51.78s Find the Application 'com.apple.TVSettings'
    t =    52.02s Get number of matches for: Descendants matching type Alert
    t =    52.04s Find the Application 'com.apple.TVSettings'
    t =    52.07s Added attachment named 'terminal-context'
    t =    52.08s Tear Down
Test Case '-[NativeOSFocusTests.NativeOSFocusTests testGeneralLearningSweep]' passed (52.574 seconds).
Test Suite 'NativeOSFocusTests' passed at 2026-09-22 08:46:36.231.
	 Executed 1 test, with 0 failures (0 unexpected) in 52.574 (52.575) seconds
Test Suite 'NativeOSFocusTests.xctest' passed at 2026-09-22 08:46:36.232.
	 Executed 1 test, with 0 failures (0 unexpected) in 52.574 (52.576) seconds
Test Suite 'Selected tests' passed at 2026-09-22 08:46:36.232.
	 Executed 1 test, with 0 failures (0 unexpected) in 52.574 (52.576) seconds
2026-09-22 08:46:36.744 xcodebuild[70237:5156846] [MT] IDETestOperationsObserverDebug: 54.222 elapsed -- Testing started completed.
2026-09-22 08:46:36.745 xcodebuild[70237:5156846] [MT] IDETestOperationsObserverDebug: 0.000 sec, +0.000 sec -- start
2026-09-22 08:46:36.745 xcodebuild[70237:5156846] [MT] IDETestOperationsObserverDebug: 54.222 sec, +54.222 sec -- end

Test session results, code coverage, and logs:
	/Users/josephmccraw/Documents/GitHub/NativeUIAuditKit/reports/work/FOCUS-EXP-01/general-02/result.xcresult

** TEST EXECUTE SUCCEEDED **

Testing started
