Exported 55 attachments for: NativeOSFocusTests/testGeneralLearningSweep():
File: FF788ECA-928B-4E7C-B966-CD8CDD82980D.txt, suggested name: "terminal-context_0_17A64244-B884-4103-9E6E-F42312041B35.txt"
File: F6ECBF34-298C-4822-973F-C72ECE29E689.json, suggested name: "026_0_D7E3E915-9B8A-4CC9-95EB-F585AEF3B73A.json"
File: 54B645BD-552D-47B1-BBD8-F510C35568ED.png, suggested name: "026_0_3FD1EB94-BC3D-4017-AB04-CD394551C65D.png"
File: EF4A0E98-0A18-433E-A891-DBB9B2C8B124.json, suggested name: "025_0_8DCDDF2D-D2C0-4AE1-9D2D-B2ECD4529875.json"
File: 46CDE092-71E8-49D7-AECA-ECA495A0ECCA.png, suggested name: "025_0_D1D199DF-4787-4375-97B4-B48C91DA2983.png"
File: 1AB47280-B2B6-4057-B712-E01F6E270749.json, suggested name: "024_0_397B49C1-6970-4834-B35C-8BEB8113430E.json"
File: 5A166DBD-6C51-4F74-BED1-68B0192501C0.png, suggested name: "024_0_0F1E7395-B998-4DAB-81DB-7F898E7423E8.png"
File: 49A44308-683A-4DD6-B239-FBAD86C3D36B.json, suggested name: "023_0_D246E91F-D82C-4349-A774-BD7855D442E8.json"
File: E7A99460-4A6D-4DB8-873B-0B0A6A941C44.png, suggested name: "023_0_6318DDD1-0D94-4B67-B205-FC94FF837DFF.png"
File: 6F4791D5-207D-4CB0-99E4-C9A7E6078745.json, suggested name: "022_0_03872E0E-B257-4AEF-B3DC-92D3A056BF3C.json"
File: F9040998-578E-4FF7-AC1D-5FDB3F8F8723.png, suggested name: "022_0_6C179C09-4D56-41A2-B5C8-64F73DC81C69.png"
File: C344EC57-BA70-4A4B-B390-88868FD8A5C1.json, suggested name: "021_0_1E6E8925-D363-4135-A512-9810AC53A7C3.json"
File: F821160B-3727-47B7-B9C7-0CE6E1AF4D14.png, suggested name: "021_0_5D29D1D7-A900-430A-9AF9-B2967552A368.png"
File: 6A089EF2-99DA-4704-B84D-5713BDE73B5A.json, suggested name: "020_0_425EE96B-B6FD-4681-82BC-6712FDF7E0BF.json"
File: C8F2270E-BCC9-4BB1-BE66-DA075A20FB02.png, suggested name: "020_0_35C0C661-8DD3-48A6-8FDE-4816F071107A.png"
File: 7BCE123C-D209-4D25-A5C1-7A188C118AFC.json, suggested name: "019_0_C0EC6729-060D-4518-BD65-FA591DB9BB96.json"
File: 21712B36-C51B-4B79-9459-A1B4CFC1C483.png, suggested name: "019_0_E4599836-B765-43C2-9458-EFA5240807D8.png"
File: E57E8E9F-F7B4-4F24-B704-DD7C3F821619.json, suggested name: "018_0_E8338D1B-BC61-4D97-BCB4-7416811DF94B.json"
File: 915903BC-2495-41C4-93AD-9792B6998C05.png, suggested name: "018_0_4D83870C-14EC-459E-854F-2339E22869B8.png"
File: 6AAEAB02-B46C-491E-A8E1-A214A3BAE8E2.json, suggested name: "017_0_A4A765FE-01DB-4B8F-9DB5-546486B22C52.json"
File: B3555AE3-4307-49AC-9647-A270805E06CA.png, suggested name: "017_0_D1683B77-F987-4B9D-9B5E-83008853084C.png"
File: 29C64740-8D6C-4F58-B1F5-15FA2F6EEC28.json, suggested name: "016_0_21A207CB-C853-4CD1-892C-1684D6419F27.json"
File: 6255C717-1859-4AF7-9F0B-37019176B8AB.png, suggested name: "016_0_2206EC38-C5F6-4B24-AC70-C6D967FF0506.png"
File: C11AEA00-EFAE-4250-8F45-9876BE80AA0D.json, suggested name: "015_0_7C715717-82A7-4D40-A3AD-2CE066F803A8.json"
File: A9D3CF37-8C2D-45A6-8890-0BDE9296E1E9.png, suggested name: "015_0_34DC0066-1B99-4196-B1BC-07734B05468B.png"
File: F8212FF7-BC0E-4345-946A-9CF73BA83B27.json, suggested name: "014_0_92DC69F0-38CD-42DE-9CD4-D86D72770E8F.json"
File: EC317728-91B4-4F15-8A13-7BC22D68942B.png, suggested name: "014_0_FD190CDD-5ABE-4D2A-8B02-5D61EC07766D.png"
File: 710FA642-8B1D-4652-83CE-247F0240B908.json, suggested name: "013_0_9ED9D8C1-3275-4EC1-B143-C6791EC5A4A8.json"
File: 8963A73A-0347-42C2-B5D1-079E87D05B12.png, suggested name: "013_0_D10C9EC2-1608-4EF3-A2E9-E3145C907419.png"
File: 90D94A8A-81B5-4B09-857F-9740347C81E4.json, suggested name: "012_0_B06EDE39-F920-4056-9F1C-91F4643F1959.json"
File: 704EAC77-2757-4705-BDDE-76CA102857D3.png, suggested name: "012_0_7A251EF9-0870-4A18-9E0C-39BA4E797ED1.png"
File: E13E78D0-DC6B-46E0-B260-EEE4AF1F70DF.json, suggested name: "011_0_2267A064-071A-449C-93EF-D4C50261A81D.json"
File: 6487A496-956A-439E-A699-7F0D85C075C8.png, suggested name: "011_0_4DFC1C65-AFED-400D-8984-6715586CC2BF.png"
File: E0D764C5-A6A3-4D5B-B9E8-47681929DD9B.json, suggested name: "010_0_12A937EC-94E4-4967-9A7A-7F50C616D64B.json"
File: 925C3ABA-B4F8-4125-BC67-38234885B7FE.png, suggested name: "010_0_A4449362-E49D-4026-A355-E7A5F3D8A052.png"
File: 316386AC-2D84-466A-B454-323A0852E831.json, suggested name: "009_0_A89BE813-C0CA-4BB1-8333-D501CA3FF5FE.json"
File: BD75E8C0-51B1-4BAC-85D9-47293EF713F3.png, suggested name: "009_0_BC85FF44-F3FF-4009-A1C0-1DE40972EC02.png"
File: 306B63B2-8605-49AC-9A89-041512F5A5B5.json, suggested name: "008_0_2B8DC860-C7DE-4B1F-8D3D-CB55E1701597.json"
File: 635F811C-F302-4310-95D7-7D3FDEB906A8.png, suggested name: "008_0_32740E6A-BCDF-4DDC-B13C-8AB7ABCBFD2E.png"
File: F5A3F7A5-DB9C-4677-9BCD-99F6C55CCBFC.json, suggested name: "007_0_3BFBF80F-5C52-4D94-B190-E37DA257CEE2.json"
File: D2182FA0-5881-4667-93BD-FC19C37FB9A6.png, suggested name: "007_0_74CB39E0-47E5-4AE1-87A6-EC4DB7128139.png"
File: B1F59B53-1838-41E1-9EB7-D6650A6E4F8B.json, suggested name: "006_0_A81ED02D-9C69-4EED-9BDC-4C66200F9C7E.json"
File: 4B94E17C-64FE-4F43-BA42-24064370BDA9.png, suggested name: "006_0_335031EE-2F8A-4399-893C-51F72151D4DA.png"
File: 02508FA5-FD3C-46DA-8931-EDCA65FD6591.json, suggested name: "005_0_06CA46EA-DDAE-4182-83CB-0F5EC00FC509.json"
File: 8F85F534-FE0C-413E-A4F2-427F72F5746C.png, suggested name: "005_0_50028153-C239-43FD-8F9E-FBBA320D94C7.png"
File: E0798233-6A0A-4434-9267-5C7F05236EB5.json, suggested name: "004_0_B271E588-A895-41F5-896D-B179C9C4F1E5.json"
File: 0C236906-D8AE-431B-8D31-8D78F7A9891C.png, suggested name: "004_0_5A9A2CFC-F478-4860-9E05-9B2E8F66598D.png"
File: 032A8AD9-01B4-4156-AC86-CE8748CC8266.json, suggested name: "003_0_DE4DF6FE-D71D-4046-B99E-9D8BE68B9C79.json"
File: 0F5B5E5E-5AA9-4150-A360-4A87E80CFFC3.png, suggested name: "003_0_2668540B-5E84-431F-88E9-6BE22CDF068B.png"
File: E6B8EE34-7D4A-4843-8DF7-AA0F12A4E450.json, suggested name: "002_0_361D17BA-0F76-4C90-9D84-E34AF318381B.json"
File: 8DE6A438-148C-4A3A-B75A-3E29C0171C1D.png, suggested name: "002_0_BE15E1D1-B48E-411C-9D35-6F55BCEDBA83.png"
File: F03F5811-F904-4367-938C-C9CE18A80869.json, suggested name: "001_0_061D2172-1BF3-4A77-935F-7894AA387CB5.json"
File: F6F138DA-1F7B-4C89-8B52-2DAD6F1616DB.png, suggested name: "001_0_0DD94174-11AF-4EDF-99AC-FBCBE2F1303E.png"
File: EAAEB0F9-B270-4601-9C0C-3176B3A6A1F9.json, suggested name: "000-start_0_017ADFCA-BBF2-4DD2-87B0-13F18F42708C.json"
File: 496B95AE-D6E2-408F-9723-7436CE74E7E2.png, suggested name: "000-start_0_6F9816A0-D76D-401E-8C32-CC6655EFF597.png"

Generated manifest file with attachment details: /Users/josephmccraw/Documents/GitHub/NativeUIAuditKit/reports/work/FOCUS-EXP-01/general-02/attachments/manifest.json
