test_additive_retention_and_membership_tampering (test_focus_mixed_assembly.AssemblyTests.test_additive_retention_and_membership_tampering) ... ok
test_changed_bytes_review_baseline_and_unsupported_source (test_focus_mixed_assembly.AssemblyTests.test_changed_bytes_review_baseline_and_unsupported_source) ... ok
test_cli_and_real_trainer_refuse_test_only_without_launch (test_focus_mixed_assembly.AssemblyTests.test_cli_and_real_trainer_refuse_test_only_without_launch) ... ok
test_corrupt_missing_crops_and_symlink_output (test_focus_mixed_assembly.AssemblyTests.test_corrupt_missing_crops_and_symlink_output) ... ok
test_cross_source_pixels_groups_and_contradictory_labels (test_focus_mixed_assembly.AssemblyTests.test_cross_source_pixels_groups_and_contradictory_labels) ... ok
test_determinism_and_loader (test_focus_mixed_assembly.AssemblyTests.test_determinism_and_loader) ... ok
test_missing_review_and_visual_only_not_admitted (test_focus_mixed_assembly.AssemblyTests.test_missing_review_and_visual_only_not_admitted) ... ok
test_native_adapter_reconstructs_truth_and_mix (test_focus_mixed_assembly.AssemblyTests.test_native_adapter_reconstructs_truth_and_mix) ... ok
test_pair_duplication_rejected (test_focus_mixed_assembly.AssemblyTests.test_pair_duplication_rejected) ... ok
test_partition_and_evaluation_reuse (test_focus_mixed_assembly.AssemblyTests.test_partition_and_evaluation_reuse) ... ok
test_positive_preflight_and_training_loader_with_mocked_runtime_and_quota (test_focus_mixed_assembly.AssemblyTests.test_positive_preflight_and_training_loader_with_mocked_runtime_and_quota) ... ok
test_prediction_label_rejected (test_focus_mixed_assembly.AssemblyTests.test_prediction_label_rejected) ... ok
test_review_revision_keeps_membership_and_records_delta (test_focus_mixed_assembly.AssemblyTests.test_review_revision_keeps_membership_and_records_delta) ... ok
test_training_weights_ignore_validation_and_development (test_focus_mixed_assembly.AssemblyTests.test_training_weights_ignore_validation_and_development) ... ok
test_unknown_relationships_and_approval_hash (test_focus_mixed_assembly.AssemblyTests.test_unknown_relationships_and_approval_hash) ... ok
test_baseline_actual_cli_protocol_scores_and_collision (test_focus_consumer_integration.ConsumerTests.test_baseline_actual_cli_protocol_scores_and_collision) ... ok
test_baseline_rejects_final_holdout_and_changed_model (test_focus_consumer_integration.ConsumerTests.test_baseline_rejects_final_holdout_and_changed_model) ... ok
test_changed_crop_even_with_updated_hash_fails_lineage (test_focus_consumer_integration.ConsumerTests.test_changed_crop_even_with_updated_hash_fails_lineage) ... ok
test_duplicate_and_content_leakage (test_focus_consumer_integration.ConsumerTests.test_duplicate_and_content_leakage) ... ok
test_frame_specific_geometry_and_determinism (test_focus_consumer_integration.ConsumerTests.test_frame_specific_geometry_and_determinism) ... ok
test_missing_corrupt_hash_and_wrong_dimensions (test_focus_consumer_integration.ConsumerTests.test_missing_corrupt_hash_and_wrong_dimensions) ... ok
test_preflight_no_launch_no_output_and_truthful_errors (test_focus_consumer_integration.ConsumerTests.test_preflight_no_launch_no_output_and_truthful_errors) ... ok
test_preflight_positive_with_test_quota_policy_and_approval_guards (test_focus_consumer_integration.ConsumerTests.test_preflight_positive_with_test_quota_policy_and_approval_guards) ... ok
test_real_bundle_extraction_cli_to_baseline_and_preflight (test_focus_consumer_integration.ConsumerTests.test_real_bundle_extraction_cli_to_baseline_and_preflight) ... ok
test_related_recipe_variants_not_separate_groups (test_focus_consumer_integration.ConsumerTests.test_related_recipe_variants_not_separate_groups) ... ok
test_same_group_distinct_pairs_and_cross_split_leakage (test_focus_consumer_integration.ConsumerTests.test_same_group_distinct_pairs_and_cross_split_leakage) ... ok
test_unsafe_paths_unknown_versions_and_false_source (test_focus_consumer_integration.ConsumerTests.test_unsafe_paths_unknown_versions_and_false_source) ... ok
test_val_alias_and_no_silent_missing_sample (test_focus_consumer_integration.ConsumerTests.test_val_alias_and_no_silent_missing_sample) ... ok
test_wrong_focus_missing_callback_and_prediction_labels (test_focus_consumer_integration.ConsumerTests.test_wrong_focus_missing_callback_and_prediction_labels) ... ok
test_4k_reporting_batches_respect_pixel_limit (test_focus_learning_experiment.ExperimentTests.test_4k_reporting_batches_respect_pixel_limit) ... ok
test_actual_trainer_missing_protocol_fails_without_launch (test_focus_learning_experiment.ExperimentTests.test_actual_trainer_missing_protocol_fails_without_launch) ... ok
test_challenge_isolation_checks_new_training_membership (test_focus_learning_experiment.ExperimentTests.test_challenge_isolation_checks_new_training_membership) ... ok
test_challenge_requires_review_and_new_output (test_focus_learning_experiment.ExperimentTests.test_challenge_requires_review_and_new_output) ... ok
test_changed_protocol_rejected_before_launch (test_focus_learning_experiment.ExperimentTests.test_changed_protocol_rejected_before_launch) ... ok
test_checkpoint_hash (test_focus_learning_experiment.ExperimentTests.test_checkpoint_hash) ... ok
test_config_and_version (test_focus_learning_experiment.ExperimentTests.test_config_and_version) ... ok
test_group_leakage (test_focus_learning_experiment.ExperimentTests.test_group_leakage) ... ok
test_hash_change (test_focus_learning_experiment.ExperimentTests.test_hash_change) ... ok
test_incremental_protocol_excludes_challenge_screens (test_focus_learning_experiment.ExperimentTests.test_incremental_protocol_excludes_challenge_screens) ... ok
test_invalid_labels (test_focus_learning_experiment.ExperimentTests.test_invalid_labels) ... ok
test_missing_review_and_collision (test_focus_learning_experiment.ExperimentTests.test_missing_review_and_collision) ... ok
test_pixel_leakage (test_focus_learning_experiment.ExperimentTests.test_pixel_leakage) ... ok
test_release_claim_rejected (test_focus_learning_experiment.ExperimentTests.test_release_claim_rejected) ... ok
test_report_metrics (test_focus_learning_experiment.ExperimentTests.test_report_metrics) ... ok
test_support (test_focus_learning_experiment.ExperimentTests.test_support) ... ok
test_unreviewed_source_rejected (test_focus_learning_experiment.ExperimentTests.test_unreviewed_source_rejected) ... ok
test_unsafe_path (test_focus_learning_experiment.ExperimentTests.test_unsafe_path) ... ok
test_unsupported_source_rejected (test_focus_learning_experiment.ExperimentTests.test_unsupported_source_rejected) ... ok
test_changed_focus (test_native_os_focus_dataset.NativeIntakeTests.test_changed_focus) ... ok
test_clipped_pair_is_gap_not_clamped (test_native_os_focus_dataset.NativeIntakeTests.test_clipped_pair_is_gap_not_clamped) ... ok
test_deterministic_pairs_and_measured_scale (test_native_os_focus_dataset.NativeIntakeTests.test_deterministic_pairs_and_measured_scale) ... ok
test_duplicate_identity_is_not_bound_by_position (test_native_os_focus_dataset.NativeIntakeTests.test_duplicate_identity_is_not_bound_by_position) ... ok
test_hash_and_missing_image (test_native_os_focus_dataset.NativeIntakeTests.test_hash_and_missing_image) ... ok
test_home_does_not_accept_settings_terminal (test_native_os_focus_dataset.NativeIntakeTests.test_home_does_not_accept_settings_terminal) ... ok
test_home_entrypoint_and_forbidden_action (test_native_os_focus_dataset.NativeIntakeTests.test_home_entrypoint_and_forbidden_action) ... ok
test_home_identity_uses_label_not_repeated_cell_identifier (test_native_os_focus_dataset.NativeIntakeTests.test_home_identity_uses_label_not_repeated_cell_identifier) ... ok
test_home_unknown_text_cannot_hide_conflicting_completion (test_native_os_focus_dataset.NativeIntakeTests.test_home_unknown_text_cannot_hide_conflicting_completion) ... ok
test_identical_pixels_with_different_truth_rejected (test_native_os_focus_dataset.NativeIntakeTests.test_identical_pixels_with_different_truth_rejected) ... ok
test_model_entrypoint_uses_separate_crop_and_score_contracts (test_native_os_focus_dataset.NativeIntakeTests.test_model_entrypoint_uses_separate_crop_and_score_contracts) ... ok
test_partial_completion (test_native_os_focus_dataset.NativeIntakeTests.test_partial_completion) ... ok
test_prediction_source_rejected (test_native_os_focus_dataset.NativeIntakeTests.test_prediction_source_rejected) ... ok
test_real_entrypoint_preserves_no_training_approval (test_native_os_focus_dataset.NativeIntakeTests.test_real_entrypoint_preserves_no_training_approval) ... ok
test_stale_observation (test_native_os_focus_dataset.NativeIntakeTests.test_stale_observation) ... ok
test_traversal_and_duplicate_attachments (test_native_os_focus_dataset.NativeIntakeTests.test_traversal_and_duplicate_attachments) ... ok
test_unsupported_version (test_native_os_focus_dataset.NativeIntakeTests.test_unsupported_version) ... ok
test_version_two_requires_screen_and_verified_return (test_native_os_focus_dataset.NativeIntakeTests.test_version_two_requires_screen_and_verified_return) ... ok
test_wrong_target_and_failed_trial (test_native_os_focus_dataset.NativeIntakeTests.test_wrong_target_and_failed_trial) ... ok
test_abstentions_are_separate_from_binary_errors_in_each_slice (test_focus_launch.PlanTests.test_abstentions_are_separate_from_binary_errors_in_each_slice) ... ok
test_accepted_ledger_rejects_duplicate_bytes_and_incomplete_accounting (test_focus_launch.PlanTests.test_accepted_ledger_rejects_duplicate_bytes_and_incomplete_accounting) ... ok
test_cli_freeze_and_no_overwrite (test_focus_launch.PlanTests.test_cli_freeze_and_no_overwrite) ... ok
test_fixed_control_templates_do_not_assume_element_count_is_target_count (test_focus_launch.PlanTests.test_fixed_control_templates_do_not_assume_element_count_is_target_count) ... ok
test_full_quota_plan_deterministic_and_grouped (test_focus_launch.PlanTests.test_full_quota_plan_deterministic_and_grouped) ... ok
test_reject_development_unknown_limits_and_duplicates (test_focus_launch.PlanTests.test_reject_development_unknown_limits_and_duplicates) ... ok
test_related_seed_variants_share_one_partition_and_batch (test_focus_launch.PlanTests.test_related_seed_variants_share_one_partition_and_batch) ... ok
test_resume_and_actual_accounting (test_focus_launch.PlanTests.test_resume_and_actual_accounting) ... ok
test_actual_coreml_baseline_cli_test_only (test_focus_launch.RuntimeTests.test_actual_coreml_baseline_cli_test_only) ... ok
test_forged_runtime_crop_rejected (test_focus_launch.RuntimeTests.test_forged_runtime_crop_rejected) ... ok
test_pixel_orientation_fractional_scaling_clipping_and_tiny_boxes (test_focus_launch.RuntimeTests.test_pixel_orientation_fractional_scaling_clipping_and_tiny_boxes) ... ok
test_production_recrop_parity_and_legacy_difference (test_focus_launch.RuntimeTests.test_production_recrop_parity_and_legacy_difference) ... ok
test_runtime_preflight_approval_and_no_output_side_effect (test_focus_launch.RuntimeTests.test_runtime_preflight_approval_and_no_output_side_effect) ... ok
test_runtime_rejects_changed_bytes_geometry_and_duplicates (test_focus_launch.RuntimeTests.test_runtime_rejects_changed_bytes_geometry_and_duplicates) ... ok
test_bracket_negative_matrix (test_ttr_sidecar_v2.V2Tests.test_bracket_negative_matrix) ... ok
test_changing_diagnostic_counters_does_not_require_scene_equality (test_ttr_sidecar_v2.V2Tests.test_changing_diagnostic_counters_does_not_require_scene_equality) ... ok
test_existing_manifest_and_crop_cli_plus_baseline_preflight (test_ttr_sidecar_v2.V2Tests.test_existing_manifest_and_crop_cli_plus_baseline_preflight) ... ok
test_legacy_not_upgraded_and_partial_not_admitted (test_ttr_sidecar_v2.V2Tests.test_legacy_not_upgraded_and_partial_not_admitted) ... ok
test_manifest_cli_collision_and_false_source_remain_closed (test_ttr_sidecar_v2.V2Tests.test_manifest_cli_collision_and_false_source_remain_closed) ... ok
test_review_is_bound_to_bundle_and_report (test_ttr_sidecar_v2.V2Tests.test_review_is_bound_to_bundle_and_report) ... ok
test_unsupported_versions (test_ttr_sidecar_v2.V2Tests.test_unsupported_versions) ... ok
test_valid_contract_preserves_brackets_and_legacy_provenance (test_ttr_sidecar_v2.V2Tests.test_valid_contract_preserves_brackets_and_legacy_provenance) ... ok

----------------------------------------------------------------------
Ran 89 tests in 3.222s

OK
