Exported 18 attachments for: NativeOSFocusTests/testRemotesChallengeSweep():
File: EBB3BC7D-59C0-4708-9A53-BF27A1493B1C.txt, suggested name: "terminal-context_0_D4D8B90D-2CB6-4E32-A540-E93EF45F3E04.txt"
File: 089D721E-90DD-489B-B76B-9D085F9048D6.json, suggested name: "007_0_46339013-E6D1-482E-B949-6D5AB4F8C139.json"
File: 859ED167-4BBC-4D96-BBC5-2F08E1193322.png, suggested name: "007_0_F6404EEC-29B6-4C43-90A8-4FAAE78FF33D.png"
File: 5EB454E9-0BC9-42F8-A41E-07418A150D70.json, suggested name: "006_0_16CC2ABD-638F-41CC-8C24-0D883FB31272.json"
File: DE23E944-E3AC-4C68-95FB-90A883095759.png, suggested name: "006_0_60C36183-016A-46F9-860A-EFDCE40D448F.png"
File: 1ACD66EB-72C0-4BEF-922B-E234DB5AA1CA.json, suggested name: "005_0_9A35957A-6D09-41E7-A3CF-DF8CDEDE2E49.json"
File: 77CB8CAA-1052-4C44-9E28-661EB12DC8F1.png, suggested name: "005_0_420D7FB5-1A16-4B92-91BD-26FDEA774210.png"
File: CFE6E011-2B38-4205-8A1F-BF5B0733DE0B.json, suggested name: "004_0_8CC2BD7B-3117-481F-8688-77593FC89B8D.json"
File: 024BAD8A-CC96-4FA7-9AC6-69853C36FE04.png, suggested name: "004_0_59C33ABA-C674-4C0D-8DAF-96FA78641A9F.png"
File: 59C4D82D-694B-4C91-98DD-9654B683E605.json, suggested name: "003_0_AD2D89AD-6EBD-449F-85EA-D9A96F8DF636.json"
File: BC56CB75-1299-4DE5-9374-4EB81C1447D8.png, suggested name: "003_0_D8BEDA03-81B9-4991-9503-237DEF56D939.png"
File: 3DCC61BE-BB1A-4B06-9C96-7AC1534D251B.json, suggested name: "002_0_7B3090DF-B375-4CE6-AC92-0F5D61FBEE57.json"
File: E4903423-161A-4DF5-BD62-CEA1DD363B89.png, suggested name: "002_0_3332E56B-D8DF-4579-96C5-AE38DAC67BC7.png"
File: 1BCFA5E2-B4F0-4ACF-AF80-6980DD5C1F1C.json, suggested name: "001_0_7CD15D27-9607-4219-BCF3-D6B7C588C12F.json"
File: FF28AEE7-1EF8-4FEC-B3E1-CD1C5A2C1B00.png, suggested name: "001_0_08CB3F23-39DE-41A5-9CC9-4B1F2A7173A9.png"
File: 8ED239B4-2D78-4194-B57C-9397676C6A6E.json, suggested name: "000-start_0_7A56F50C-E5C2-43CA-A8CB-8788B0F39B3B.json"
File: 6BC6E300-554A-4F3D-977D-229870D330A3.png, suggested name: "000-start_0_D75E1937-C101-4C1E-AF1A-8911CAB687C3.png"
File: D311078F-E481-49C3-8E90-29586AEC5E12.png, suggested name: "entry-review_0_C0E00259-1F94-4355-9245-6EE521559D6B.png"

Generated manifest file with attachment details: /Users/josephmccraw/Documents/GitHub/NativeUIAuditKit/reports/work/OS-FOCUS-03/remotes-01/attachments/manifest.json
