Command line invocation:
    /Applications/Xcode.app/Contents/Developer/usr/bin/xcodebuild test-without-building -project NativeOSFocus/NativeOSFocus.xcodeproj -scheme NativeOSFocus -destination "platform=tvOS Simulator,id=9026ECA9-77DB-4AE6-8FE6-BB239E9571FA" -destination-timeout 20 -derivedDataPath /Users/josephmccraw/Documents/GitHub/NativeUIAuditKit/.build/native-os-focus/DerivedData -resultBundlePath /Users/josephmccraw/Documents/GitHub/NativeUIAuditKit/reports/work/FOCUS-EXP-01/accessibility-01/result.xcresult -parallel-testing-enabled NO -maximum-concurrent-test-simulator-destinations 1 -test-timeouts-enabled YES -default-test-execution-time-allowance 300 -maximum-test-execution-time-allowance 300 "-only-testing:NativeOSFocusTests/NativeOSFocusTests/testAccessibilityLearningSweep" -disableAutomaticPackageResolution CODE_SIGNING_ALLOWED=NO

Build settings from command line:
    CODE_SIGNING_ALLOWED = NO

Writing result bundle at path:
	/Users/josephmccraw/Documents/GitHub/NativeUIAuditKit/reports/work/FOCUS-EXP-01/accessibility-01/result.xcresult

2026-09-22 08:47:15.311655-0700 NativeOSFocusTests-Runner[70480:5161103] [Default] Running tests...
Test Suite 'Selected tests' started at 2026-09-22 08:47:15.421.
Test Suite 'NativeOSFocusTests.xctest' started at 2026-09-22 08:47:15.421.
Test Suite 'NativeOSFocusTests' started at 2026-09-22 08:47:15.421.
Test Case '-[NativeOSFocusTests.NativeOSFocusTests testAccessibilityLearningSweep]' started.
    t =     0.00s Start Test at 2026-09-22 08:47:15.422
    t =     0.02s Set Up
    t =     0.02s Open com.apple.TVSettings
    t =     0.02s     Activate com.apple.TVSettings
    t =     0.56s         Wait for com.apple.TVSettings to idle
    t =     0.70s Wait for com.apple.TVSettings to become Running Foreground
    t =     0.70s Get number of matches for: Descendants matching type Alert
    t =     0.71s Find the Application 'com.apple.TVSettings'
    t =     0.94s Get number of matches for: Descendants matching type Alert
    t =     0.96s Find the Application 'com.apple.TVSettings'
    t =     1.20s Get number of matches for: Descendants matching type Alert
    t =     1.22s Find the Application 'com.apple.TVSettings'
    t =     1.25s Pressing Down button
    t =     1.47s Get number of matches for: Descendants matching type Alert
    t =     1.49s Find the Application 'com.apple.TVSettings'
    t =     1.72s Get number of matches for: Descendants matching type Alert
2026-09-22 08:47:17.166928-0700 NativeOSFocusTests-Runner[70480:5161161] [Common] Snapshot request 0x600000c53600 complete with error: <NSError: 0x600000c53030; domain: FBSSceneSnapshotErrorDomain; code: 4; "an unrelated condition or state was not satisfied"> {
    NSLocalizedDescription = an error occurred during a scene snapshotting operation;
}
2026-09-22 08:47:17.181764-0700 NativeOSFocusTests-Runner[70480:5161161] [Common] Snapshot request 0x600000c4e460 complete with error: <NSError: 0x600000c58570; domain: FBSSceneSnapshotErrorDomain; code: 4; "an unrelated condition or state was not satisfied"> {
    NSLocalizedDescription = an error occurred during a scene snapshotting operation;
}
    t =     1.77s Find the Application 'com.apple.TVSettings'
    t =     1.81s Pressing Down button
    t =     2.02s Get number of matches for: Descendants matching type Alert
    t =     2.03s Find the Application 'com.apple.TVSettings'
    t =     2.26s Get number of matches for: Descendants matching type Alert
    t =     2.29s Find the Application 'com.apple.TVSettings'
    t =     2.31s Pressing Down button
    t =     2.53s Get number of matches for: Descendants matching type Alert
    t =     2.55s Find the Application 'com.apple.TVSettings'
    t =     2.78s Get number of matches for: Descendants matching type Alert
    t =     2.80s Find the Application 'com.apple.TVSettings'
    t =     2.83s Pressing Down button
    t =     3.04s Get number of matches for: Descendants matching type Alert
    t =     3.07s Find the Application 'com.apple.TVSettings'
    t =     3.30s Get number of matches for: Descendants matching type Alert
    t =     3.32s Find the Application 'com.apple.TVSettings'
    t =     3.34s Pressing Down button
    t =     3.56s Get number of matches for: Descendants matching type Alert
    t =     3.58s Find the Application 'com.apple.TVSettings'
    t =     3.81s Get number of matches for: Descendants matching type Alert
    t =     3.83s Find the Application 'com.apple.TVSettings'
    t =     3.85s Pressing Down button
    t =     4.07s Get number of matches for: Descendants matching type Alert
    t =     4.09s Find the Application 'com.apple.TVSettings'
    t =     4.32s Get number of matches for: Descendants matching type Alert
    t =     4.34s Find the Application 'com.apple.TVSettings'
    t =     4.36s Get number of matches for: Descendants matching type Alert
    t =     4.37s Find the Application 'com.apple.TVSettings'
    t =     4.60s Get number of matches for: Descendants matching type Alert
    t =     4.62s Find the Application 'com.apple.TVSettings'
    t =     4.64s Pressing Select button
    t =     4.99s Get number of matches for: Descendants matching type Alert
    t =     5.02s Find the Application 'com.apple.TVSettings'
    t =     5.25s Get number of matches for: Descendants matching type Alert
    t =     5.27s Find the Application 'com.apple.TVSettings'
    t =     5.50s Get number of matches for: Descendants matching type Alert
    t =     5.52s Find the Application 'com.apple.TVSettings'
    t =     5.76s Get number of matches for: Descendants matching type Alert
    t =     5.78s Find the Application 'com.apple.TVSettings'
    t =     6.01s Get number of matches for: Descendants matching type Alert
    t =     6.03s Find the Application 'com.apple.TVSettings'
    t =     6.06s Added attachment named 'terminal-context'
/Users/josephmccraw/Documents/GitHub/NativeUIAuditKit/NativeOSFocus/NativeOSFocusTests.swift:85: error: -[NativeOSFocusTests.NativeOSFocusTests testAccessibilityLearningSweep] : failed: caught error: "context"
    t =     6.10s Tear Down
Test Case '-[NativeOSFocusTests.NativeOSFocusTests testAccessibilityLearningSweep]' failed (6.133 seconds).
Test Suite 'NativeOSFocusTests' failed at 2026-09-22 08:47:21.555.
	 Executed 1 test, with 1 failure (1 unexpected) in 6.133 (6.134) seconds
Test Suite 'NativeOSFocusTests.xctest' failed at 2026-09-22 08:47:21.556.
	 Executed 1 test, with 1 failure (1 unexpected) in 6.133 (6.134) seconds
Test Suite 'Selected tests' failed at 2026-09-22 08:47:21.556.
	 Executed 1 test, with 1 failure (1 unexpected) in 6.133 (6.135) seconds
2026-09-22 08:47:32.100 xcodebuild[70442:5160831] [MT] IDETestOperationsObserverDebug: 17.742 elapsed -- Testing started completed.
2026-09-22 08:47:32.100 xcodebuild[70442:5160831] [MT] IDETestOperationsObserverDebug: 0.000 sec, +0.000 sec -- start
2026-09-22 08:47:32.100 xcodebuild[70442:5160831] [MT] IDETestOperationsObserverDebug: 17.742 sec, +17.742 sec -- end

Test session results, code coverage, and logs:
	/Users/josephmccraw/Documents/GitHub/NativeUIAuditKit/reports/work/FOCUS-EXP-01/accessibility-01/result.xcresult

Failing tests:
	NativeOSFocusTests.testAccessibilityLearningSweep()

** TEST EXECUTE FAILED **

Testing started
